Component: ARM Compiler 5.05 update 1 (build 106) Tool: armlink [4d0efa]

==============================================================================

Section Cross References

    main.o(.text) refers to si32_system_init.o(.text) for system_init_from_reset
    main.o(.text) refers to sensor_parameter.o(.text) for sensor_parameter_init
    main.o(.text) refers to sx127x_radio.o(.text) for radio_driver_init
    main.o(.text) refers to sensor_sixteen.o(.text) for sensor_sixteen_buffer_init
    main.o(.text) refers to process.o(.text) for process_init
    main.o(.text) refers to autostart.o(.text) for autostart_start
    main.o(.text) refers to pmatch_config.o(.text) for pmatch_enable
    main.o(.text) refers to wdtimer_config.o(.text) for wdtimer_start
    main.o(.text) refers to rtc_config.o(.text) for set_current_time
    main.o(.text) refers to power_manager.o(.text) for sensor_iv_low_power_manager
    main.o(.text) refers to etimer.o(.data) for etimer_process
    main.o(.text) refers to main.o(.constdata) for autostart_processes
    main.o(.text) refers to cycle_work_process.o(.data) for cycle_work_process
    main.o(.constdata) refers to cycle_work_process.o(.data) for cycle_work_process
    main.o(.constdata) refers to key_process.o(.data) for key_process
    main.o(.constdata) refers to led_process.o(.data) for led_process
    main.o(.constdata) refers to analysis_process.o(.data) for analysis_process
    main.o(.constdata) refers to sen_work_process.o(.data) for sen_work_process
    main.o(.constdata) refers to data_download_process.o(.data) for data_download_process
    main.o(.constdata) refers to quick_work_process.o(.data) for quick_work_process
    main.o(.constdata) refers to rf_transmit_process.o(.data) for rf_transmit_process
    si32_system_it.o(.text) refers to rtc_config.o(.text) for get_rtc_counter_value
    si32_system_it.o(.text) refers to etimer.o(.text) for etimer_pending
    si32_system_it.o(.text) refers to noretval__2printf.o(.text) for __2printf
    si32_system_it.o(.text) refers to process.o(.text) for process_post_synch
    si32_system_it.o(.text) refers to dio_handler.o(.text) for DIO0_handler
    si32_system_it.o(.text) refers to rotonic.o(.text) for rotonic_rec_data
    si32_system_it.o(.text) refers to si32_system_it.o(.data) for time_36h_cycle
    si32_system_it.o(.text) refers to key_process.o(.data) for key_process
    si32_system_it.o(.text) refers to sensor_parameter.o(.bss) for node_parameter
    si32_system_init.o(.text) refers to clock_config.o(.text) for sysclk_init_from_reset
    si32_system_init.o(.text) refers to pmu_config.o(.text) for debug_output_enable
    si32_system_init.o(.text) refers to port_config.o(.text) for port_init
    si32_system_init.o(.text) refers to wdtimer_config.o(.text) for wdtimer_init
    si32_system_init.o(.text) refers to ext_flash_storage.o(.text) for storage_init
    si32_system_init.o(.text) refers to download_history.o(.text) for download_data_init
    si32_system_init.o(.text) refers to broadcast_program.o(.text) for broadcast_program_init
    si32_system_init.o(.text) refers to rtc_config.o(.text) for rtc_init
    si32_system_init.o(.text) refers to pmatch_config.o(.text) for pmatch_init
    si32_system_init.o(.text) refers to internal_adc.o(.text) for internal_adc_init
    si32_system_init.o(.text) refers to battery.o(.text) for battery_init
    dio_handler.o(.text) refers to spi_config.o(.text) for spi1_init_from_wakeup
    dio_handler.o(.text) refers to sx127x_hal.o(.text) for SX1276_Read
    dio_handler.o(.text) refers to sensor_payload.o(.text) for receive_payload
    dio_handler.o(.text) refers to rtc_config.o(.text) for get_rtc_time
    dio_handler.o(.text) refers to noretval__2printf.o(.text) for __2printf
    dio_handler.o(.text) refers to sx127x_radio.o(.bss) for RadioDriver
    dio_handler.o(.text) refers to sensor_parameter.o(.bss) for node_running_flags
    power_manager.o(.text) refers to port_config.o(.text) for pb_setting_before_sleep_end_rf_operation
    power_manager.o(.text) refers to ext_flash_tat.o(.text) for flash_tat_into_sleep
    power_manager.o(.text) refers to wdtimer_config.o(.text) for wdtimer_reset
    power_manager.o(.text) refers to process.o(.text) for process_nevents
    power_manager.o(.text) refers to spi_config.o(.text) for spi1_init_from_wakeup
    power_manager.o(.text) refers to ext_flash_mcu.o(.text) for ext_flash_spi_init_from_wakeup
    power_manager.o(.text) refers to pmu_config.o(.text) for enable_pullup_from_wakeup
    power_manager.o(.text) refers to rtc_config.o(.text) for get_rtc_counter_value
    power_manager.o(.text) refers to etimer.o(.text) for etimer_pending
    power_manager.o(.text) refers to power_manager.o(.bss) for low_power_t
    power_manager.o(.text) refers to sx127x_radio.o(.bss) for RadioDriver
    power_manager.o(.text) refers to sensor_parameter.o(.bss) for node_parameter
    autostart.o(.text) refers to process.o(.text) for process_start
[...]
    _SI32_SARADC_A_select_timeslot6_to_use_characteristic0 0x00009fbf   Thumb Code    10  si32_saradc_a_type.o(.text)
    _SI32_SARADC_A_select_timeslot6_to_use_characteristic1 0x00009fc9   Thumb Code    14  si32_saradc_a_type.o(.text)
    _SI32_SARADC_A_select_timeslot6_to_use_characteristic2 0x00009fd7   Thumb Code    14  si32_saradc_a_type.o(.text)
    _SI32_SARADC_A_select_timeslot6_to_use_characteristic3 0x00009fe5   Thumb Code    14  si32_saradc_a_type.o(.text)
    _SI32_SARADC_A_select_timeslot7_to_use_characteristic0 0x00009ff3   Thumb Code    10  si32_saradc_a_type.o(.text)
    _SI32_SARADC_A_select_timeslot7_to_use_characteristic1 0x00009ffd   Thumb Code    14  si32_saradc_a_type.o(.text)
    _SI32_SARADC_A_select_timeslot7_to_use_characteristic2 0x0000a00b   Thumb Code    14  si32_saradc_a_type.o(.text)
    _SI32_SARADC_A_select_timeslot7_to_use_characteristic3 0x0000a019   Thumb Code    14  si32_saradc_a_type.o(.text)
    _SI32_SARADC_A_select_timeslot_channel   0x0000a027   Thumb Code   106  si32_saradc_a_type.o(.text)
    _SI32_SARADC_A_select_timeslot0_channel  0x0000a091   Thumb Code    10  si32_saradc_a_type.o(.text)
    _SI32_SARADC_A_select_timeslot1_channel  0x0000a09b   Thumb Code    10  si32_saradc_a_type.o(.text)
    _SI32_SARADC_A_select_timeslot2_channel  0x0000a0a5   Thumb Code    10  si32_saradc_a_type.o(.text)
    _SI32_SARADC_A_select_timeslot3_channel  0x0000a0af   Thumb Code    10  si32_saradc_a_type.o(.text)
    _SI32_SARADC_A_select_timeslot4_channel  0x0000a0b9   Thumb Code    10  si32_saradc_a_type.o(.text)
    _SI32_SARADC_A_select_timeslot5_channel  0x0000a0c3   Thumb Code    10  si32_saradc_a_type.o(.text)
    _SI32_SARADC_A_select_timeslot6_channel  0x0000a0cd   Thumb Code    10  si32_saradc_a_type.o(.text)
    _SI32_SARADC_A_select_timeslot7_channel  0x0000a0d7   Thumb Code    10  si32_saradc_a_type.o(.text)
    _SI32_SARADC_A_write_char32              0x0000a0e1   Thumb Code     4  si32_saradc_a_type.o(.text)
    _SI32_SARADC_A_read_char32               0x0000a0e5   Thumb Code     6  si32_saradc_a_type.o(.text)
    _SI32_SARADC_A_write_char10              0x0000a0eb   Thumb Code     4  si32_saradc_a_type.o(.text)
    _SI32_SARADC_A_read_char10               0x0000a0ef   Thumb Code     6  si32_saradc_a_type.o(.text)
    _SI32_SARADC_A_select_channel_character_group_gain_one 0x0000a0f5   Thumb Code    50  si32_saradc_a_type.o(.text)
    _SI32_SARADC_A_select_channel_characteristic0_gain_one 0x0000a127   Thumb Code     6  si32_saradc_a_type.o(.text)
    _SI32_SARADC_A_select_channel_characteristic1_gain_one 0x0000a12d   Thumb Code     8  si32_saradc_a_type.o(.text)
    _SI32_SARADC_A_select_channel_characteristic2_gain_one 0x0000a135   Thumb Code     6  si32_saradc_a_type.o(.text)
    _SI32_SARADC_A_select_channel_characteristic3_gain_one 0x0000a13b   Thumb Code     8  si32_saradc_a_type.o(.text)
    _SI32_SARADC_A_select_channel_character_group_gain_half 0x0000a143   Thumb Code    50  si32_saradc_a_type.o(.text)
    _SI32_SARADC_A_select_channel_characteristic0_gain_half 0x0000a175   Thumb Code     6  si32_saradc_a_type.o(.text)
    _SI32_SARADC_A_select_channel_characteristic1_gain_half 0x0000a17b   Thumb Code     8  si32_saradc_a_type.o(.text)
    _SI32_SARADC_A_select_channel_characteristic2_gain_half 0x0000a183   Thumb Code     6  si32_saradc_a_type.o(.text)
    _SI32_SARADC_A_select_channel_characteristic3_gain_half 0x0000a189   Thumb Code     8  si32_saradc_a_type.o(.text)
    _SI32_SARADC_A_select_burst_mode_repeat_count 0x0000a191   Thumb Code    66  si32_saradc_a_type.o(.text)
    _SI32_SARADC_A_select_channel_characteristic0_burst_mode_repeat_count 0x0000a1d3   Thumb Code    10  si32_saradc_a_type.o(.text)
    _SI32_SARADC_A_select_channel_characteristic1_burst_mode_repeat_count 0x0000a1dd   Thumb Code    12  si32_saradc_a_type.o(.text)
    _SI32_SARADC_A_select_channel_characteristic2_burst_mode_repeat_count 0x0000a1e9   Thumb Code    10  si32_saradc_a_type.o(.text)
    _SI32_SARADC_A_select_channel_characteristic3_burst_mode_repeat_count 0x0000a1f3   Thumb Code    12  si32_saradc_a_type.o(.text)
    _SI32_SARADC_A_select_number_of_left_shift_bits 0x0000a1ff   Thumb Code    66  si32_saradc_a_type.o(.text)
    _SI32_SARADC_A_select_channel_characteristic0_left_shift_bits 0x0000a241   Thumb Code    10  si32_saradc_a_type.o(.text)
    _SI32_SARADC_A_select_channel_characteristic1_left_shift_bits 0x0000a24b   Thumb Code    12  si32_saradc_a_type.o(.text)
    _SI32_SARADC_A_select_channel_characteristic2_left_shift_bits 0x0000a257   Thumb Code    10  si32_saradc_a_type.o(.text)
    _SI32_SARADC_A_select_channel_characteristic3_left_shift_bits 0x0000a261   Thumb Code    12  si32_saradc_a_type.o(.text)
    _SI32_SARADC_A_enter_12bit_mode          0x0000a26d   Thumb Code    50  si32_saradc_a_type.o(.text)
    _SI32_SARADC_A_select_channel_characteristic0_12bit_mode 0x0000a29f   Thumb Code     6  si32_saradc_a_type.o(.text)
    _SI32_SARADC_A_select_channel_characteristic1_12bit_mode 0x0000a2a5   Thumb Code     8  si32_saradc_a_type.o(.text)
    _SI32_SARADC_A_select_channel_characteristic2_12bit_mode 0x0000a2ad   Thumb Code     6  si32_saradc_a_type.o(.text)
    _SI32_SARADC_A_select_channel_characteristic3_12bit_mode 0x0000a2b3   Thumb Code     8  si32_saradc_a_type.o(.text)
    _SI32_SARADC_A_enter_10bit_mode          0x0000a2bb   Thumb Code    50  si32_saradc_a_type.o(.text)
    _SI32_SARADC_A_select_channel_characteristic0_10bit_mode 0x0000a2ed   Thumb Code     6  si32_saradc_a_type.o(.text)
    _SI32_SARADC_A_select_channel_characteristic1_10bit_mode 0x0000a2f3   Thumb Code     8  si32_saradc_a_type.o(.text)
    _SI32_SARADC_A_select_channel_characteristic2_10bit_mode 0x0000a2fb   Thumb Code     6  si32_saradc_a_type.o(.text)
    _SI32_SARADC_A_select_channel_characteristic3_10bit_mode 0x0000a301   Thumb Code     8  si32_saradc_a_type.o(.text)
    _SI32_SARADC_A_enable_window_comparison_interrupt 0x0000a309   Thumb Code    54  si32_saradc_a_type.o(.text)
    _SI32_SARADC_A_enable_characteristic0_window_comparison_interrupt 0x0000a33f   Thumb Code     8  si32_saradc_a_type.o(.text)
    _SI32_SARADC_A_enable_characteristic1_window_comparison_interrupt 0x0000a347   Thumb Code     8  si32_saradc_a_type.o(.text)
    _SI32_SARADC_A_enable_characteristic2_window_comparison_interrupt 0x0000a34f   Thumb Code     8  si32_saradc_a_type.o(.text)
    _SI32_SARADC_A_enable_characteristic3_window_comparison_interrupt 0x0000a357   Thumb Code     8  si32_saradc_a_type.o(.text)
    _SI32_SARADC_A_disable_window_comparison_interrupt 0x0000a35f   Thumb Code    54  si32_saradc_a_type.o(.text)
    _SI32_SARADC_A_disable_characteristic0_window_comparison_interrupt 0x0000a395   Thumb Code     8  si32_saradc_a_type.o(.text)
    _SI32_SARADC_A_disable_characteristic1_window_comparison_interrupt 0x0000a39d   Thumb Code     8  si32_saradc_a_type.o(.text)
    _SI32_SARADC_A_disable_characteristic2_window_comparison_interrupt 0x0000a3a5   Thumb Code     8  si32_saradc_a_type.o(.text)
    _SI32_SARADC_A_disable_characteristic3_window_comparison_interrupt 0x0000a3ad   Thumb Code     8  si32_saradc_a_type.o(.text)
    _SI32_SARADC_A_is_characteristic0_window_comparison_interrupt_enabled 0x0000a3b5   Thumb Code    10  si32_saradc_a_type.o(.text)
    _SI32_SARADC_A_is_characteristic1_window_comparison_interrupt_enabled 0x0000a3bf   Thumb Code    10  si32_saradc_a_type.o(.text)
    _SI32_SARADC_A_is_characteristic2_window_comparison_interrupt_enabled 0x0000a3c9   Thumb Code    10  si32_saradc_a_type.o(.text)
    _SI32_SARADC_A_is_characteristic3_window_comparison_interrupt_enabled 0x0000a3d3   Thumb Code    10  si32_saradc_a_type.o(.text)
    _SI32_SARADC_A_read_data                 0x0000a3dd   Thumb Code     6  si32_saradc_a_type.o(.text)
    _SI32_SARADC_A_write_wclimits            0x0000a3e3   Thumb Code     4  si32_saradc_a_type.o(.text)
    _SI32_SARADC_A_read_wclimits             0x0000a3e7   Thumb Code     6  si32_saradc_a_type.o(.text)
    _SI32_SARADC_A_select_greater_than_window_comparator_limit 0x0000a3ed   Thumb Code     6  si32_saradc_a_type.o(.text)
    _SI32_SARADC_A_select_less_than_window_comparator_limit 0x0000a3f3   Thumb Code     6  si32_saradc_a_type.o(.text)
    _SI32_SARADC_A_select_window_limits      0x0000a3f9   Thumb Code    70  si32_saradc_a_type.o(.text)
    _SI32_SARADC_A_write_acc                 0x0000a43f   Thumb Code     6  si32_saradc_a_type.o(.text)
    _SI32_SARADC_A_clear_accumulator         0x0000a445   Thumb Code     8  si32_saradc_a_type.o(.text)
    _SI32_SARADC_A_write_status              0x0000a44d   Thumb Code     6  si32_saradc_a_type.o(.text)
    _SI32_SARADC_A_read_status               0x0000a453   Thumb Code     8  si32_saradc_a_type.o(.text)
    _SI32_SARADC_A_is_window_compare_interrupt_pending 0x0000a45b   Thumb Code    12  si32_saradc_a_type.o(.text)
    _SI32_SARADC_A_clear_window_compare_interrupt 0x0000a467   Thumb Code     8  si32_saradc_a_type.o(.text)
    _SI32_SARADC_A_is_single_conversion_complete_interrupt_pending 0x0000a46f   Thumb Code    12  si32_saradc_a_type.o(.text)
    _SI32_SARADC_A_clear_single_conversion_complete_interrupt 0x0000a47b   Thumb Code     8  si32_saradc_a_type.o(.text)
    _SI32_SARADC_A_is_scan_done_interrupt_pending 0x0000a483   Thumb Code    12  si32_saradc_a_type.o(.text)
    _SI32_SARADC_A_clear_scan_done_interrupt 0x0000a48f   Thumb Code     8  si32_saradc_a_type.o(.text)
    _SI32_SARADC_A_is_fifo_overrun_interrupt_pending 0x0000a497   Thumb Code    12  si32_saradc_a_type.o(.text)
    _SI32_SARADC_A_clear_fifo_overrun_interrupt 0x0000a4a3   Thumb Code     8  si32_saradc_a_type.o(.text)
    _SI32_SARADC_A_is_fifo_underrun_interrupt_pending 0x0000a4ab   Thumb Code    12  si32_saradc_a_type.o(.text)
    _SI32_SARADC_A_clear_fifo_underrun_interrupt 0x0000a4b7   Thumb Code     8  si32_saradc_a_type.o(.text)
    _SI32_SARADC_A_is_any_interrupt_pending  0x0000a4bf   Thumb Code    18  si32_saradc_a_type.o(.text)
    _SI32_SARADC_A_clear_all_interrupts      0x0000a4d1   Thumb Code     8  si32_saradc_a_type.o(.text)
    _SI32_SARADC_A_read_fifostatus           0x0000a4d9   Thumb Code     8  si32_saradc_a_type.o(.text)
    _SI32_SARADC_A_get_num_words_in_fifo     0x0000a4e1   Thumb Code    12  si32_saradc_a_type.o(.text)
    _SI32_UART_B_initialize                  0x0000a4ed   Thumb Code    28  si32_uart_b_type.o(.text)
    _SI32_UART_B_write_config                0x0000a509   Thumb Code     4  si32_uart_b_type.o(.text)
    _SI32_UART_B_read_config                 0x0000a50d   Thumb Code     6  si32_uart_b_type.o(.text)
    _SI32_UART_B_enable_rx_start_bit         0x0000a513   Thumb Code     6  si32_uart_b_type.o(.text)
    _SI32_UART_B_disable_rx_start_bit        0x0000a519   Thumb Code     6  si32_uart_b_type.o(.text)
    _SI32_UART_B_enable_rx_parity_bit        0x0000a51f   Thumb Code     6  si32_uart_b_type.o(.text)
    _SI32_UART_B_disable_rx_parity_bit       0x0000a525   Thumb Code     6  si32_uart_b_type.o(.text)
    _SI32_UART_B_enable_rx_stop_bit          0x0000a52b   Thumb Code     6  si32_uart_b_type.o(.text)
    _SI32_UART_B_disable_rx_stop_bit         0x0000a531   Thumb Code     6  si32_uart_b_type.o(.text)
    _SI32_UART_B_select_rx_stop_bits         0x0000a537   Thumb Code    10  si32_uart_b_type.o(.text)
    _SI32_UART_B_select_rx_parity            0x0000a541   Thumb Code    10  si32_uart_b_type.o(.text)
    _SI32_UART_B_select_rx_data_length       0x0000a54b   Thumb Code    14  si32_uart_b_type.o(.text)
    _SI32_UART_B_enable_rx_irda_mode         0x0000a559   Thumb Code     8  si32_uart_b_type.o(.text)
    _SI32_UART_B_disable_rx_irda_mode        0x0000a561   Thumb Code     8  si32_uart_b_type.o(.text)
    _SI32_UART_B_enable_rx_signal_inversion  0x0000a569   Thumb Code     8  si32_uart_b_type.o(.text)
    _SI32_UART_B_disable_rx_signal_inversion 0x0000a571   Thumb Code     8  si32_uart_b_type.o(.text)
    _SI32_UART_B_enable_tx_start_bit         0x0000a579   Thumb Code     8  si32_uart_b_type.o(.text)
    _SI32_UART_B_disable_tx_start_bit        0x0000a581   Thumb Code     8  si32_uart_b_type.o(.text)
    _SI32_UART_B_enable_tx_parity_bit        0x0000a589   Thumb Code     8  si32_uart_b_type.o(.text)
    _SI32_UART_B_disable_tx_parity_bit       0x0000a591   Thumb Code     8  si32_uart_b_type.o(.text)
    _SI32_UART_B_enable_tx_stop_bit          0x0000a599   Thumb Code     8  si32_uart_b_type.o(.text)
    _SI32_UART_B_disable_tx_stop_bit         0x0000a5a1   Thumb Code     8  si32_uart_b_type.o(.text)
    _SI32_UART_B_select_tx_stop_bits         0x0000a5a9   Thumb Code    12  si32_uart_b_type.o(.text)
    _SI32_UART_B_select_tx_parity            0x0000a5b5   Thumb Code    12  si32_uart_b_type.o(.text)
    _SI32_UART_B_select_tx_data_length       0x0000a5c1   Thumb Code    14  si32_uart_b_type.o(.text)
    _SI32_UART_B_enable_tx_irda_mode         0x0000a5cf   Thumb Code     8  si32_uart_b_type.o(.text)
    _SI32_UART_B_disable_tx_irda_mode        0x0000a5d7   Thumb Code     8  si32_uart_b_type.o(.text)
    _SI32_UART_B_enable_tx_signal_inversion  0x0000a5df   Thumb Code     8  si32_uart_b_type.o(.text)
    _SI32_UART_B_disable_tx_signal_inversion 0x0000a5e7   Thumb Code     8  si32_uart_b_type.o(.text)
    _SI32_UART_B_write_mode                  0x0000a5ef   Thumb Code     4  si32_uart_b_type.o(.text)
    _SI32_UART_B_read_mode                   0x0000a5f3   Thumb Code     6  si32_uart_b_type.o(.text)
    _SI32_UART_B_select_rtc_clock_mode       0x0000a5f9   Thumb Code     8  si32_uart_b_type.o(.text)
    _SI32_UART_B_select_apb_clock_mode       0x0000a601   Thumb Code     8  si32_uart_b_type.o(.text)
    _SI32_UART_B_enter_rtc_baud_rate_mode    0x0000a609   Thumb Code     8  si32_uart_b_type.o(.text)
    _SI32_UART_B_exit_rtc_baud_rate_mode     0x0000a611   Thumb Code     8  si32_uart_b_type.o(.text)
    _SI32_UART_B_select_internal_clock_on_demand 0x0000a619   Thumb Code     8  si32_uart_b_type.o(.text)
    _SI32_UART_B_select_internal_clock_always_on 0x0000a621   Thumb Code     8  si32_uart_b_type.o(.text)
    _SI32_UART_B_is_clock_switch_busy        0x0000a629   Thumb Code    10  si32_uart_b_type.o(.text)
    _SI32_UART_B_enable_rx_clock_switch      0x0000a633   Thumb Code     8  si32_uart_b_type.o(.text)
    _SI32_UART_B_disable_rx_clock_switch     0x0000a63b   Thumb Code     8  si32_uart_b_type.o(.text)
    _SI32_UART_B_enable_tx_clock_switch      0x0000a643   Thumb Code     8  si32_uart_b_type.o(.text)
    _SI32_UART_B_disable_tx_clock_switch     0x0000a64b   Thumb Code     8  si32_uart_b_type.o(.text)
    _SI32_UART_B_enable_stall_in_debug_mode  0x0000a653   Thumb Code     8  si32_uart_b_type.o(.text)
    _SI32_UART_B_disable_stall_in_debug_mode 0x0000a65b   Thumb Code     8  si32_uart_b_type.o(.text)
    _SI32_UART_B_exit_loopback_mode          0x0000a663   Thumb Code     8  si32_uart_b_type.o(.text)
    _SI32_UART_B_enter_receive_loopback_mode 0x0000a66b   Thumb Code    14  si32_uart_b_type.o(.text)
    _SI32_UART_B_enter_transmit_loopback_mode 0x0000a679   Thumb Code    14  si32_uart_b_type.o(.text)
    _SI32_UART_B_enter_full_loopback_mode    0x0000a687   Thumb Code     8  si32_uart_b_type.o(.text)
    _SI32_UART_B_enter_half_duplex_mode      0x0000a68f   Thumb Code     8  si32_uart_b_type.o(.text)
    _SI32_UART_B_enter_full_duplex_mode      0x0000a697   Thumb Code     8  si32_uart_b_type.o(.text)
    _SI32_UART_B_disable_idle_tristate       0x0000a69f   Thumb Code     8  si32_uart_b_type.o(.text)
    _SI32_UART_B_enable_idle_tristate        0x0000a6a7   Thumb Code     8  si32_uart_b_type.o(.text)
    _SI32_UART_B_write_flowcn                0x0000a6af   Thumb Code     4  si32_uart_b_type.o(.text)
    _SI32_UART_B_read_flowcn                 0x0000a6b3   Thumb Code     6  si32_uart_b_type.o(.text)
    _SI32_UART_B_read_rx_input               0x0000a6b9   Thumb Code    10  si32_uart_b_type.o(.text)
    _SI32_UART_B_enable_tx_output            0x0000a6c3   Thumb Code     8  si32_uart_b_type.o(.text)
    _SI32_UART_B_disable_tx_output           0x0000a6cb   Thumb Code     8  si32_uart_b_type.o(.text)
    _SI32_UART_B_read_tx_output              0x0000a6d3   Thumb Code    10  si32_uart_b_type.o(.text)
    _SI32_UART_B_clear_tx                    0x0000a6dd   Thumb Code     8  si32_uart_b_type.o(.text)
    _SI32_UART_B_set_tx                      0x0000a6e5   Thumb Code     8  si32_uart_b_type.o(.text)
    _SI32_UART_B_select_tx_irda_pulse_width  0x0000a6ed   Thumb Code    12  si32_uart_b_type.o(.text)
    _SI32_UART_B_write_control               0x0000a6f9   Thumb Code     4  si32_uart_b_type.o(.text)
    _SI32_UART_B_read_control                0x0000a6fd   Thumb Code     6  si32_uart_b_type.o(.text)
    _SI32_UART_B_is_rx_frame_error_interrupt_pending 0x0000a703   Thumb Code    10  si32_uart_b_type.o(.text)
    _SI32_UART_B_clear_rx_frame_error_interrupt 0x0000a70d   Thumb Code     6  si32_uart_b_type.o(.text)
    _SI32_UART_B_is_rx_parity_error_interrupt_pending 0x0000a713   Thumb Code    10  si32_uart_b_type.o(.text)
    _SI32_UART_B_clear_rx_parity_error_interrupt 0x0000a71d   Thumb Code     6  si32_uart_b_type.o(.text)
    _SI32_UART_B_is_rx_overrun_interrupt_pending 0x0000a723   Thumb Code    10  si32_uart_b_type.o(.text)
    _SI32_UART_B_clear_rx_overrun_error_interrupt 0x0000a72d   Thumb Code     6  si32_uart_b_type.o(.text)
    _SI32_UART_B_is_rx_data_request_interrupt_pending 0x0000a733   Thumb Code    10  si32_uart_b_type.o(.text)
    _SI32_UART_B_clear_rx_data_request_interrupt 0x0000a73d   Thumb Code     6  si32_uart_b_type.o(.text)
    _SI32_UART_B_enable_rx_error_interrupts  0x0000a743   Thumb Code     6  si32_uart_b_type.o(.text)
    _SI32_UART_B_disable_rx_error_interrupts 0x0000a749   Thumb Code     6  si32_uart_b_type.o(.text)
    _SI32_UART_B_is_rx_error_interrupts_enabled 0x0000a74f   Thumb Code    10  si32_uart_b_type.o(.text)
    _SI32_UART_B_enable_rx_data_request_interrupt 0x0000a759   Thumb Code     6  si32_uart_b_type.o(.text)
    _SI32_UART_B_disable_rx_data_request_interrupt 0x0000a75f   Thumb Code     6  si32_uart_b_type.o(.text)
    _SI32_UART_B_is_rx_data_request_interrupt_enabled 0x0000a765   Thumb Code    10  si32_uart_b_type.o(.text)
    _SI32_UART_B_exit_match_mode             0x0000a76f   Thumb Code     8  si32_uart_b_type.o(.text)
    _SI32_UART_B_enter_match_mode_store_byte 0x0000a777   Thumb Code    14  si32_uart_b_type.o(.text)
    _SI32_UART_B_enter_match_mode_generate_frame_error 0x0000a785   Thumb Code    14  si32_uart_b_type.o(.text)
    _SI32_UART_B_enter_match_mode_store_bit  0x0000a793   Thumb Code     8  si32_uart_b_type.o(.text)
    _SI32_UART_B_enable_rx_autobaud          0x0000a79b   Thumb Code     8  si32_uart_b_type.o(.text)
    _SI32_UART_B_disable_rx_autobaud         0x0000a7a3   Thumb Code     8  si32_uart_b_type.o(.text)
    _SI32_UART_B_is_rx_busy                  0x0000a7ab   Thumb Code    10  si32_uart_b_type.o(.text)
    _SI32_UART_B_set_rbit                    0x0000a7b5   Thumb Code     8  si32_uart_b_type.o(.text)
    _SI32_UART_B_clear_rbit                  0x0000a7bd   Thumb Code     8  si32_uart_b_type.o(.text)
    _SI32_UART_B_read_rbit                   0x0000a7c5   Thumb Code    10  si32_uart_b_type.o(.text)
    _SI32_UART_B_enable_rx_one_shot          0x0000a7cf   Thumb Code     8  si32_uart_b_type.o(.text)
    _SI32_UART_B_disable_rx_one_shot         0x0000a7d7   Thumb Code     8  si32_uart_b_type.o(.text)
    _SI32_UART_B_enable_rx_inhibit           0x0000a7df   Thumb Code     8  si32_uart_b_type.o(.text)
    _SI32_UART_B_disable_rx_inhibit          0x0000a7e7   Thumb Code     8  si32_uart_b_type.o(.text)
    _SI32_UART_B_enable_rx                   0x0000a7ef   Thumb Code     8  si32_uart_b_type.o(.text)
    _SI32_UART_B_disable_rx                  0x0000a7f7   Thumb Code     8  si32_uart_b_type.o(.text)
    _SI32_UART_B_is_tx_data_request_interrupt_pending 0x0000a7ff   Thumb Code    10  si32_uart_b_type.o(.text)
    _SI32_UART_B_is_tx_complete              0x0000a809   Thumb Code    10  si32_uart_b_type.o(.text)
    _SI32_UART_B_clear_tx_complete_interrupt 0x0000a813   Thumb Code     8  si32_uart_b_type.o(.text)
    _SI32_UART_B_select_tx_complete_threshold_end_of_transmission 0x0000a81b   Thumb Code     8  si32_uart_b_type.o(.text)
    _SI32_UART_B_select_tx_complete_threshold_no_more_data 0x0000a823   Thumb Code     8  si32_uart_b_type.o(.text)
    _SI32_UART_B_enable_tx_data_request_interrupt 0x0000a82b   Thumb Code     8  si32_uart_b_type.o(.text)
    _SI32_UART_B_disable_tx_data_request_interrupt 0x0000a833   Thumb Code     8  si32_uart_b_type.o(.text)
    _SI32_UART_B_is_tx_data_request_interrupt_enabled 0x0000a83b   Thumb Code    10  si32_uart_b_type.o(.text)
    _SI32_UART_B_enable_tx_complete_interrupt 0x0000a845   Thumb Code     8  si32_uart_b_type.o(.text)
    _SI32_UART_B_disable_tx_complete_interrupt 0x0000a84d   Thumb Code     8  si32_uart_b_type.o(.text)
    _SI32_UART_B_is_tx_complete_interrupt_enabled 0x0000a855   Thumb Code    10  si32_uart_b_type.o(.text)
    _SI32_UART_B_is_tx_busy                  0x0000a85f   Thumb Code    10  si32_uart_b_type.o(.text)
    _SI32_UART_B_set_tbit                    0x0000a869   Thumb Code     8  si32_uart_b_type.o(.text)
    _SI32_UART_B_clear_tbit                  0x0000a871   Thumb Code     8  si32_uart_b_type.o(.text)
    _SI32_UART_B_enable_tx_inhibit           0x0000a879   Thumb Code     8  si32_uart_b_type.o(.text)
    _SI32_UART_B_disable_tx_inhibit          0x0000a881   Thumb Code     8  si32_uart_b_type.o(.text)
    _SI32_UART_B_enable_tx                   0x0000a889   Thumb Code     8  si32_uart_b_type.o(.text)
    _SI32_UART_B_disable_tx                  0x0000a891   Thumb Code     8  si32_uart_b_type.o(.text)
    _SI32_UART_B_write_ipdelay               0x0000a899   Thumb Code     4  si32_uart_b_type.o(.text)
    _SI32_UART_B_read_ipdelay                0x0000a89d   Thumb Code     6  si32_uart_b_type.o(.text)
    _SI32_UART_B_write_ipdelay_bits          0x0000a8a3   Thumb Code     6  si32_uart_b_type.o(.text)
    _SI32_UART_B_read_ipdelay_bits           0x0000a8a9   Thumb Code     8  si32_uart_b_type.o(.text)
    _SI32_UART_B_write_baudrate              0x0000a8b1   Thumb Code     4  si32_uart_b_type.o(.text)
    _SI32_UART_B_read_baudrate               0x0000a8b5   Thumb Code     6  si32_uart_b_type.o(.text)
    _SI32_UART_B_set_rx_baudrate             0x0000a8bb   Thumb Code     6  si32_uart_b_type.o(.text)
    _SI32_UART_B_set_tx_baudrate             0x0000a8c1   Thumb Code     6  si32_uart_b_type.o(.text)
    _SI32_UART_B_write_fifocn                0x0000a8c7   Thumb Code     4  si32_uart_b_type.o(.text)
    _SI32_UART_B_read_fifocn                 0x0000a8cb   Thumb Code     6  si32_uart_b_type.o(.text)
    _SI32_UART_B_read_rx_fifo_count          0x0000a8d1   Thumb Code    10  si32_uart_b_type.o(.text)
    _SI32_UART_B_select_rx_fifo_threshold_1  0x0000a8db   Thumb Code     6  si32_uart_b_type.o(.text)
    _SI32_UART_B_select_rx_fifo_threshold_2  0x0000a8e1   Thumb Code    10  si32_uart_b_type.o(.text)
    _SI32_UART_B_select_rx_fifo_threshold_4  0x0000a8eb   Thumb Code     8  si32_uart_b_type.o(.text)
    _SI32_UART_B_flush_rx_fifo               0x0000a8f3   Thumb Code     8  si32_uart_b_type.o(.text)
    _SI32_UART_B_is_rx_fifo_error_interrupt_pending 0x0000a8fb   Thumb Code    10  si32_uart_b_type.o(.text)
    _SI32_UART_B_clear_rx_fifo_error_interrupt 0x0000a905   Thumb Code     8  si32_uart_b_type.o(.text)
    _SI32_UART_B_is_rx_shift_register_full   0x0000a90d   Thumb Code    10  si32_uart_b_type.o(.text)
    _SI32_UART_B_read_tx_fifo_count          0x0000a917   Thumb Code    10  si32_uart_b_type.o(.text)
    _SI32_UART_B_select_tx_fifo_threshold_for_request_to_1 0x0000a921   Thumb Code     8  si32_uart_b_type.o(.text)
    _SI32_UART_B_select_tx_fifo_threshold_for_request_to_2 0x0000a929   Thumb Code    14  si32_uart_b_type.o(.text)
    _SI32_UART_B_select_tx_fifo_threshold_for_request_to_4 0x0000a937   Thumb Code    10  si32_uart_b_type.o(.text)
    _SI32_UART_B_flush_tx_fifo               0x0000a941   Thumb Code     8  si32_uart_b_type.o(.text)
    _SI32_UART_B_is_tx_fifo_error_interrupt_pending 0x0000a949   Thumb Code    10  si32_uart_b_type.o(.text)
    _SI32_UART_B_clear_tx_fifo_error_interrupt 0x0000a953   Thumb Code     8  si32_uart_b_type.o(.text)
    _SI32_UART_B_is_tx_shift_register_full   0x0000a95b   Thumb Code    10  si32_uart_b_type.o(.text)
    _SI32_UART_B_read_data_u32               0x0000a965   Thumb Code     6  si32_uart_b_type.o(.text)
    _SI32_UART_B_read_data_u16               0x0000a96b   Thumb Code     8  si32_uart_b_type.o(.text)
    _SI32_UART_B_read_data_u8                0x0000a973   Thumb Code     8  si32_uart_b_type.o(.text)
    _SI32_UART_B_write_data_u32              0x0000a97b   Thumb Code     4  si32_uart_b_type.o(.text)
    _SI32_UART_B_write_data_u16              0x0000a97f   Thumb Code     6  si32_uart_b_type.o(.text)
    _SI32_UART_B_write_data_u8               0x0000a985   Thumb Code     6  si32_uart_b_type.o(.text)
    _SI32_UART_B_write_clkdiv                0x0000a98b   Thumb Code     6  si32_uart_b_type.o(.text)
    _SI32_UART_B_read_clkdiv                 0x0000a991   Thumb Code     8  si32_uart_b_type.o(.text)
    _SI32_UART_B_select_clock_source_apb_div1 0x0000a999   Thumb Code    14  si32_uart_b_type.o(.text)
    _SI32_UART_B_select_clock_source_apb_div2 0x0000a9a7   Thumb Code    16  si32_uart_b_type.o(.text)
    _SI32_UART_B_select_clock_source_apb_div4 0x0000a9b7   Thumb Code    16  si32_uart_b_type.o(.text)
    find_character                           0x0000a9c9   Thumb Code    40  at_operation.o(.text)
    at_assamble_setting_response             0x0000a9f1   Thumb Code   142  at_operation.o(.text)
    at_null                                  0x0000aa7f   Thumb Code    26  at_operation.o(.text)
    letter_converter                         0x0000aa99   Thumb Code    32  at_operation.o(.text)
    at_analyzer                              0x0000aab9   Thumb Code   562  at_operation.o(.text)
    at_item_analyzer                         0x0000aceb   Thumb Code   266  at_operation.o(.text)
    at_disassemble                           0x0000adf5   Thumb Code    92  at_operation.o(.text)
    at_assamble_get_response                 0x0000ae51   Thumb Code   306  at_operation.o(.text)
    clear_at_item                            0x0000af83   Thumb Code    52  at_operation.o(.text)
    at_mac_get_handler                       0x0000afb9   Thumb Code    46  at_cmd.o(.text)
    at_mac_set_handler                       0x0000afe7   Thumb Code    82  at_cmd.o(.text)
    at_mac                                   0x0000b039   Thumb Code    36  at_cmd.o(.text)
    at_pan_get_handler                       0x0000b05d   Thumb Code    46  at_cmd.o(.text)
    at_pan_set_handler                       0x0000b08b   Thumb Code    82  at_cmd.o(.text)
    at_pan                                   0x0000b0dd   Thumb Code    36  at_cmd.o(.text)
    at_tdti_get_handler                      0x0000b101   Thumb Code    46  at_cmd.o(.text)
    at_tdti_set_handler                      0x0000b12f   Thumb Code    94  at_cmd.o(.text)
    at_tdti                                  0x0000b18d   Thumb Code    36  at_cmd.o(.text)
    at_ssti_get_handler                      0x0000b1b1   Thumb Code    46  at_cmd.o(.text)
    at_ssti_set_handler                      0x0000b1df   Thumb Code    94  at_cmd.o(.text)
    at_ssti                                  0x0000b23d   Thumb Code    36  at_cmd.o(.text)
    at_tsdc_get_handler                      0x0000b261   Thumb Code    46  at_cmd.o(.text)
    at_tsdc_set_handler                      0x0000b28f   Thumb Code    92  at_cmd.o(.text)
    at_tsdc                                  0x0000b2eb   Thumb Code    36  at_cmd.o(.text)
    at_rtdc_get_handler                      0x0000b30f   Thumb Code    46  at_cmd.o(.text)
    at_rtdc_set_handler                      0x0000b33d   Thumb Code    84  at_cmd.o(.text)
    at_rtdc                                  0x0000b391   Thumb Code    66  at_cmd.o(.text)
    at_tpto_get_handler                      0x0000b3d3   Thumb Code    46  at_cmd.o(.text)
    at_tpto_set_handler                      0x0000b401   Thumb Code    94  at_cmd.o(.text)
    at_tpto                                  0x0000b45f   Thumb Code    36  at_cmd.o(.text)
    at_cftoc_get_handler                     0x0000b483   Thumb Code    46  at_cmd.o(.text)
    at_cftoc_set_handler                     0x0000b4b1   Thumb Code    92  at_cmd.o(.text)
    at_cftoc                                 0x0000b50d   Thumb Code    36  at_cmd.o(.text)
    at_sptd_get_handler                      0x0000b531   Thumb Code    46  at_cmd.o(.text)
    at_sptd_set_handler                      0x0000b55f   Thumb Code    96  at_cmd.o(.text)
    at_sptd                                  0x0000b5bf   Thumb Code    36  at_cmd.o(.text)
    at_hisn_get_handler                      0x0000b5e3   Thumb Code    46  at_cmd.o(.text)
    at_hisn_set_handler                      0x0000b611   Thumb Code    90  at_cmd.o(.text)
    at_hisn                                  0x0000b66b   Thumb Code    36  at_cmd.o(.text)
    at_slbd_get_handler                      0x0000b68f   Thumb Code    46  at_cmd.o(.text)
    at_slbd_set_handler                      0x0000b6bd   Thumb Code    94  at_cmd.o(.text)
    at_slbd                                  0x0000b71b   Thumb Code    36  at_cmd.o(.text)
    at_rnrwt_get_handler                     0x0000b73f   Thumb Code    46  at_cmd.o(.text)
    at_rnrwt_set_handler                     0x0000b76d   Thumb Code   124  at_cmd.o(.text)
    at_rnrwt                                 0x0000b7e9   Thumb Code    36  at_cmd.o(.text)
    at_sbw_get_handler                       0x0000b80d   Thumb Code    48  at_cmd.o(.text)
    at_sbw_set_handler                       0x0000b83d   Thumb Code    74  at_cmd.o(.text)
    at_sbw                                   0x0000b887   Thumb Code    36  at_cmd.o(.text)
    at_scr_get_handler                       0x0000b8ab   Thumb Code    48  at_cmd.o(.text)
    at_scr_set_handler                       0x0000b8db   Thumb Code    74  at_cmd.o(.text)
    at_scr                                   0x0000b925   Thumb Code    36  at_cmd.o(.text)
    at_ssf_get_handler                       0x0000b949   Thumb Code    48  at_cmd.o(.text)
    at_ssf_set_handler                       0x0000b979   Thumb Code    74  at_cmd.o(.text)
    at_ssf                                   0x0000b9c3   Thumb Code    36  at_cmd.o(.text)
    at_pwr_get_handler                       0x0000b9e7   Thumb Code    48  at_cmd.o(.text)
    at_pwr_set_handler                       0x0000ba17   Thumb Code    84  at_cmd.o(.text)
    at_pwr                                   0x0000ba6b   Thumb Code    36  at_cmd.o(.text)
    at_frq_get_handler                       0x0000ba8f   Thumb Code    46  at_cmd.o(.text)
    at_frq_set_handler                       0x0000babd   Thumb Code   100  at_cmd.o(.text)
    at_frq                                   0x0000bb21   Thumb Code    36  at_cmd.o(.text)
    at_ssc_get_handler                       0x0000bb45   Thumb Code    30  at_cmd.o(.text)
    at_ssc_set_handler                       0x0000bb63   Thumb Code   114  at_cmd.o(.text)
    at_ssc                                   0x0000bbd5   Thumb Code    70  at_cmd.o(.text)
    at_calb_op_handler                       0x0000bc1b   Thumb Code    26  at_cmd.o(.text)
    at_calb_get_handler                      0x0000bc35   Thumb Code     2  at_cmd.o(.text)
    at_calb                                  0x0000bc37   Thumb Code    36  at_cmd.o(.text)
    at_swv_get_handler                       0x0000bc5b   Thumb Code    44  at_cmd.o(.text)
    at_swv_set_handler                       0x0000bc87   Thumb Code    26  at_cmd.o(.text)
    at_swv                                   0x0000bca1   Thumb Code    36  at_cmd.o(.text)
    at_setp_get_handler                      0x0000bcc5   Thumb Code    46  at_cmd.o(.text)
    at_setp_set_handler                      0x0000bcf3   Thumb Code    90  at_cmd.o(.text)
    at_setp                                  0x0000bd4d   Thumb Code    36  at_cmd.o(.text)
    at_hdtc_get_handler                      0x0000bd71   Thumb Code    46  at_cmd.o(.text)
    at_hdtc_set_handler                      0x0000bd9f   Thumb Code    90  at_cmd.o(.text)
    at_hdtc                                  0x0000bdf9   Thumb Code    36  at_cmd.o(.text)
    at_sms_get_handler                       0x0000be1d   Thumb Code    46  at_cmd.o(.text)
    at_sms_set_handler                       0x0000be4b   Thumb Code    84  at_cmd.o(.text)
    at_sms                                   0x0000be9f   Thumb Code    30  at_cmd.o(.text)
    at_fsrc_get_handler                      0x0000bebd   Thumb Code    50  at_cmd.o(.text)
    at_fsrc_op_handler                       0x0000beef   Thumb Code    36  at_cmd.o(.text)
    at_fsrc                                  0x0000bf13   Thumb Code    42  at_cmd.o(.text)
    at_da_get_handler                        0x0000bf3d   Thumb Code    46  at_cmd.o(.text)
    at_da_set_handler                        0x0000bf6b   Thumb Code    54  at_cmd.o(.text)
    at_da                                    0x0000bfa1   Thumb Code    36  at_cmd.o(.text)
    at_db_get_handler                        0x0000bfc5   Thumb Code    46  at_cmd.o(.text)
    at_db_set_handler                        0x0000bff3   Thumb Code    98  at_cmd.o(.text)
    at_db                                    0x0000c055   Thumb Code    36  at_cmd.o(.text)
    at_sfm_get_handler                       0x0000c079   Thumb Code    48  at_cmd.o(.text)
    at_sfm_set_handler                       0x0000c0a9   Thumb Code    94  at_cmd.o(.text)
    at_sfm                                   0x0000c107   Thumb Code    36  at_cmd.o(.text)
    __aeabi_uldivmod                         0x0000c135   Thumb Code     0  lludivv7m.o(.text)
    _ll_udiv                                 0x0000c135   Thumb Code   238  lludivv7m.o(.text)
    __2printf                                0x0000c225   Thumb Code    20  noretval__2printf.o(.text)
    _printf_pre_padding                      0x0000c23d   Thumb Code    44  _printf_pad.o(.text)
    _printf_post_padding                     0x0000c269   Thumb Code    34  _printf_pad.o(.text)
    _printf_int_dec                          0x0000c28d   Thumb Code   104  _printf_dec.o(.text)
    _printf_int_hex                          0x0000c305   Thumb Code    84  _printf_hex_int.o(.text)
    _printf_longlong_hex                     0x0000c305   Thumb Code     0  _printf_hex_int.o(.text)
    __printf                                 0x0000c35d   Thumb Code   308  __printf_flags_wp.o(.text)
    srand                                    0x0000c495   Thumb Code    42  rand.o(.text)
    _rand_init                               0x0000c4bf   Thumb Code     4  rand.o(.text)
    memcmp                                   0x0000c4d1   Thumb Code    88  memcmp.o(.text)
    strncmp                                  0x0000c529   Thumb Code   150  strncmp.o(.text)
    __aeabi_memcpy                           0x0000c5bf   Thumb Code     0  rt_memcpy_v6.o(.text)
    __rt_memcpy                              0x0000c5bf   Thumb Code   138  rt_memcpy_v6.o(.text)
    _memcpy_lastbytes                        0x0000c625   Thumb Code     0  rt_memcpy_v6.o(.text)
    __aeabi_memcpy4                          0x0000c649   Thumb Code     0  rt_memcpy_w.o(.text)
    __aeabi_memcpy8                          0x0000c649   Thumb Code     0  rt_memcpy_w.o(.text)
    __rt_memcpy_w                            0x0000c649   Thumb Code   100  rt_memcpy_w.o(.text)
    _memcpy_lastbytes_aligned                0x0000c691   Thumb Code     0  rt_memcpy_w.o(.text)
    __aeabi_memset                           0x0000c6ad   Thumb Code    16  aeabi_memset.o(.text)
    __aeabi_memclr                           0x0000c6bd   Thumb Code     0  rt_memclr.o(.text)
    __rt_memclr                              0x0000c6bd   Thumb Code    68  rt_memclr.o(.text)
    _memset                                  0x0000c6c1   Thumb Code     0  rt_memclr.o(.text)
    __aeabi_memclr4                          0x0000c701   Thumb Code     0  rt_memclr_w.o(.text)
    __aeabi_memclr8                          0x0000c701   Thumb Code     0  rt_memclr_w.o(.text)
    __rt_memclr_w                            0x0000c701   Thumb Code    78  rt_memclr_w.o(.text)
    _memset_w                                0x0000c705   Thumb Code     0  rt_memclr_w.o(.text)
    _printf_int_common                       0x0000c74f   Thumb Code   178  _printf_intcommon.o(.text)
    _printf_char_file                        0x0000c801   Thumb Code    32  _printf_char_file.o(.text)
    _printf_char_common                      0x0000c82f   Thumb Code    32  _printf_char_common.o(.text)
    exit                                     0x0000c855   Thumb Code    12  exit.o(.text)
    _is_digit                                0x0000c861   Thumb Code    14  __printf_wp.o(i._is_digit)
    __aeabi_d2f                              0x0000c871   Thumb Code     0  d2f.o(x$fpl$d2f)
    _d2f                                     0x0000c871   Thumb Code    98  d2f.o(x$fpl$d2f)
    __aeabi_dadd                             0x0000c8d5   Thumb Code     0  daddsub_clz.o(x$fpl$dadd)
    _dadd                                    0x0000c8d5   Thumb Code   332  daddsub_clz.o(x$fpl$dadd)
    __fpl_dcmp_Inf                           0x0000ca25   Thumb Code    24  dcmpi.o(x$fpl$dcmpinf)
    __aeabi_ddiv                             0x0000ca3d   Thumb Code     0  ddiv.o(x$fpl$ddiv)
    _ddiv                                    0x0000ca3d   Thumb Code   552  ddiv.o(x$fpl$ddiv)
    __aeabi_d2iz                             0x0000cced   Thumb Code     0  dfix.o(x$fpl$dfix)
    _dfix                                    0x0000cced   Thumb Code    94  dfix.o(x$fpl$dfix)
    __aeabi_d2uiz                            0x0000cd4d   Thumb Code     0  dfixu.o(x$fpl$dfixu)
    _dfixu                                   0x0000cd4d   Thumb Code    90  dfixu.o(x$fpl$dfixu)
    __aeabi_i2d                              0x0000cda7   Thumb Code     0  dflt_clz.o(x$fpl$dflt)
    _dflt                                    0x0000cda7   Thumb Code    46  dflt_clz.o(x$fpl$dflt)
    __aeabi_ui2d                             0x0000cdd5   Thumb Code     0  dflt_clz.o(x$fpl$dfltu)
    _dfltu                                   0x0000cdd5   Thumb Code    38  dflt_clz.o(x$fpl$dfltu)
    __aeabi_ul2d                             0x0000cdfd   Thumb Code     0  dfltll_clz.o(x$fpl$dfltull)
    _ll_uto_d                                0x0000cdfd   Thumb Code   138  dfltll_clz.o(x$fpl$dfltull)
    __aeabi_cdcmple                          0x0000ce89   Thumb Code     0  dleqf.o(x$fpl$dleqf)
    _dcmple                                  0x0000ce89   Thumb Code   120  dleqf.o(x$fpl$dleqf)
    __fpl_dcmple_InfNaN                      0x0000ceeb   Thumb Code     0  dleqf.o(x$fpl$dleqf)
    __aeabi_dmul                             0x0000cf01   Thumb Code     0  dmul.o(x$fpl$dmul)
    _dmul                                    0x0000cf01   Thumb Code   332  dmul.o(x$fpl$dmul)
    __fpl_dnaninf                            0x0000d055   Thumb Code   156  dnaninf.o(x$fpl$dnaninf)
    __fpl_dretinf                            0x0000d0f1   Thumb Code    12  dretinf.o(x$fpl$dretinf)
    __aeabi_dsub                             0x0000d0fd   Thumb Code     0  daddsub_clz.o(x$fpl$dsub)
    _dsub                                    0x0000d0fd   Thumb Code   464  daddsub_clz.o(x$fpl$dsub)
    __aeabi_f2d                              0x0000d2d1   Thumb Code     0  f2d.o(x$fpl$f2d)
    _f2d                                     0x0000d2d1   Thumb Code    86  f2d.o(x$fpl$f2d)
    __aeabi_fadd                             0x0000d329   Thumb Code     0  faddsub_clz.o(x$fpl$fadd)
    _fadd                                    0x0000d329   Thumb Code   196  faddsub_clz.o(x$fpl$fadd)
    __aeabi_fmul                             0x0000d3ed   Thumb Code     0  fmul.o(x$fpl$fmul)
    _fmul                                    0x0000d3ed   Thumb Code   258  fmul.o(x$fpl$fmul)
    __fpl_fnaninf                            0x0000d4ef   Thumb Code   140  fnaninf.o(x$fpl$fnaninf)
    __fpl_fretinf                            0x0000d57b   Thumb Code    10  fretinf.o(x$fpl$fretinf)
    __aeabi_fsub                             0x0000d585   Thumb Code     0  faddsub_clz.o(x$fpl$fsub)
    _fsub                                    0x0000d585   Thumb Code   234  faddsub_clz.o(x$fpl$fsub)
    __aeabi_d2ulz                            0x0000d671   Thumb Code     0  dfixull.o(x$fpl$llufromd)
    _ll_ufrom_d                              0x0000d671   Thumb Code   120  dfixull.o(x$fpl$llufromd)
    autostart_processes                      0x0000d6e8   Data          36  main.o(.constdata)
    default_node_parameter                   0x0000d740   Data          60  sensor_parameter.o(.constdata)
    LORA_SPD_PARMATER                        0x0000d77c   Data          32  sx127x_app.o(.constdata)
    Region$$Table$$Base                      0x0000d8a8   Number         0  anon$$obj.o(Region$$Table)
    Region$$Table$$Limit                     0x0000d8c8   Number         0  anon$$obj.o(Region$$Table)
    time_36h_cycle                           0x20000004   Data           4  si32_system_it.o(.data)
    uart_recv_option                         0x20000008   Data           4  si32_system_it.o(.data)
    uart_rx_value                            0x2000000c   Data           1  si32_system_it.o(.data)
    etimer_process                           0x20000018   Data          16  etimer.o(.data)
    process_list                             0x20000028   Data           4  process.o(.data)
    process_current                          0x2000002c   Data           4  process.o(.data)
    read                                     0x20000048   Data           2  ext_flash_storage.o(.data)
    write                                    0x2000004a   Data           2  ext_flash_storage.o(.data)
    flash_page_offset                        0x2000004c   Data           2  ext_flash_storage.o(.data)
    flash_idle_page                          0x2000004e   Data           2  ext_flash_storage.o(.data)
    flash_page_num_in_use                    0x20000050   Data           2  ext_flash_storage.o(.data)
    storage_read_pending_flag                0x20000052   Data           1  ext_flash_storage.o(.data)
    flash_program_start_page                 0x20000054   Data           2  ext_flash_storage.o(.data)
    flash_program_page_index                 0x20000056   Data           2  ext_flash_storage.o(.data)
    flash_top_page                           0x20000058   Data           2  ext_flash_storage.o(.data)
    flash_last_page                          0x2000005a   Data           2  ext_flash_storage.o(.data)
    flash_data_page_num                      0x2000005c   Data           2  ext_flash_storage.o(.data)
    capacity                                 0x2000005e   Data           2  ext_flash_storage.o(.data)
    flash_content_bytes_num                  0x20000060   Data           4  ext_flash_storage.o(.data)
    flash_content_hex_bytes_num              0x20000064   Data           4  ext_flash_storage.o(.data)
    write_new_page_cnt                       0x20000068   Data           4  ext_flash_storage.o(.data)
    write_old_page_cnt                       0x2000006c   Data           4  ext_flash_storage.o(.data)
    idle_page_num                            0x20000070   Data           4  ext_flash_storage.o(.data)
    busy_page_num                            0x20000074   Data           4  ext_flash_storage.o(.data)
    flash_wake_flag                          0x20000078   Data           1  ext_flash_tat.o(.data)
    flash_valid_flag                         0x20000079   Data           1  ext_flash_tat.o(.data)
    flash_pages                              0x2000007a   Data           2  ext_flash_tat.o(.data)
    flash_capacity_via_KB                    0x2000007c   Data           2  ext_flash_tat.o(.data)
    flash_status                             0x2000007e   Data           1  ext_flash_tat.o(.data)
    flash_status_invalid_cnt                 0x20000080   Data           4  ext_flash_tat.o(.data)
    download_type                            0x20000084   Data           1  download_history.o(.data)
    download_over_operation                  0x20000085   Data           1  download_history.o(.data)
    download_data_len                        0x20000086   Data           2  download_history.o(.data)
    download_capacity                        0x20000088   Data           2  download_history.o(.data)
    download_read                            0x2000008a   Data           2  download_history.o(.data)
    download_flash_index                     0x2000008c   Data           2  download_history.o(.data)
    download_flash_offset                    0x2000008e   Data           2  download_history.o(.data)
    download_history_seq                     0x20000090   Data           4  download_history.o(.data)
    recv_download_history_seq                0x20000094   Data           4  download_history.o(.data)
    broadcast_flash_index                    0x20000098   Data           2  broadcast_program.o(.data)
    broadcast_program_total_crc              0x2000009a   Data           2  broadcast_program.o(.data)
    broadcast_program_calculated_crc         0x2000009c   Data           2  broadcast_program.o(.data)
    battery_value                            0x2000009e   Data           1  battery.o(.data)
    rotonic_sample_cmd                       0x200000a0   Data           9  rotonic.o(.data)
    tempData                                 0x200000ac   Data           4  rotonic.o(.data)
    humiData                                 0x200000b0   Data           4  rotonic.o(.data)
    rotonic_rec_cnt                          0x200000b4   Data           1  rotonic.o(.data)
    rotonic_temp_data                        0x200000b5   Data           6  rotonic.o(.data)
    rotonic_humi_data                        0x200000bb   Data           6  rotonic.o(.data)
    rotonic_temp_sign                        0x200000c1   Data           1  rotonic.o(.data)
    rotonic_temp_integer                     0x200000c2   Data           1  rotonic.o(.data)
    rotonic_temp_decimal                     0x200000c3   Data           1  rotonic.o(.data)
    rotonic_humi_integer                     0x200000c4   Data           1  rotonic.o(.data)
    rotonic_humi_decimal                     0x200000c5   Data           1  rotonic.o(.data)
    key_cnt                                  0x200000c8   Data           1  key_process.o(.data)
    key_process                              0x200000cc   Data          16  key_process.o(.data)
    led_cnt                                  0x200000dc   Data           1  led_process.o(.data)
    turn_to_close_flag                       0x200000dd   Data           1  led_process.o(.data)
    led_process                              0x200000e0   Data          16  led_process.o(.data)
    analysis_process                         0x200000f0   Data          16  analysis_process.o(.data)
    cycle_work_process                       0x20000100   Data          16  cycle_work_process.o(.data)
    sen_work_process                         0x20000110   Data          16  sen_work_process.o(.data)
    data_download_process                    0x20000120   Data          16  data_download_process.o(.data)
    quick_work_process                       0x20000130   Data          16  quick_work_process.o(.data)
    rf_transmit_process                      0x20000140   Data          16  rf_transmit_process.o(.data)
    sensor_cnt                               0x20000150   Data           1  sensor_manager_process.o(.data)
    sensor_manager_process                   0x20000154   Data          16  sensor_manager_process.o(.data)
    battery_rotonic                          0x20000164   Data           1  sensor_rotonic_process.o(.data)
    rotonic_temp                             0x20000165   Data           7  sensor_rotonic_process.o(.data)
    sample_cnt                               0x2000016c   Data           1  sensor_rotonic_process.o(.data)
    sample_fail_cnt1                         0x2000016d   Data           1  sensor_rotonic_process.o(.data)
    receive_fail_cnt                         0x2000016e   Data           1  sensor_rotonic_process.o(.data)
    rotonic_statues                          0x2000016f   Data           1  sensor_rotonic_process.o(.data)
    sensor_rotonic_process                   0x20000170   Data          16  sensor_rotonic_process.o(.data)
    real_time_offset                         0x20000180   Data           8  rtc_config.o(.data)
    reset_source                             0x20000188   Data           1  clock_config.o(.data)
    periph_clock                             0x2000018c   Data           8  clock_config.o(.data)
    extosc_clock_base                        0x20000194   Data           4  clock_config.o(.data)
    SystemPeripheralClock                    0x20000198   Data           4  clock_config.o(.data)
    current_sysclk                           0x2000019c   Data           4  clock_config.o(.data)
    internal_adc_slot_map                    0x200001a0   Data           8  internal_adc_option.o(.data)
    internal_adc_channel_table               0x200001a8   Data          31  internal_adc_option.o(.data)
    ITM_RxBuffer                             0x200001c8   Data           4  retarget_arm.o(.data)
    __stdout                                 0x200001cc   Data           4  retarget_arm.o(.data)
    __stdin                                  0x200001d0   Data           4  retarget_arm.o(.data)
    SystemCoreClock                          0x200001d4   Data           4  system_sim3l1xx.o(.data)
    EMPTY                                    0x200001d8   Data           5  at_operation.o(.data)
    OPTER                                    0x200001dd   Data           8  at_operation.o(.data)
    MAC                                      0x200001e5   Data           4  at_cmd.o(.data)
    PAN                                      0x200001e9   Data           4  at_cmd.o(.data)
    TDTI                                     0x200001ed   Data           5  at_cmd.o(.data)
    SSTI                                     0x200001f2   Data           5  at_cmd.o(.data)
    TSDC                                     0x200001f7   Data           5  at_cmd.o(.data)
    RTDC                                     0x200001fc   Data           5  at_cmd.o(.data)
    TPTO                                     0x20000201   Data           5  at_cmd.o(.data)
    CFTOC                                    0x20000206   Data           6  at_cmd.o(.data)
    SPTD                                     0x2000020c   Data           5  at_cmd.o(.data)
    HISN                                     0x20000211   Data           5  at_cmd.o(.data)
    RNBTI                                    0x20000216   Data           6  at_cmd.o(.data)
    SLBD                                     0x2000021c   Data           5  at_cmd.o(.data)
    RNRWT                                    0x20000221   Data           6  at_cmd.o(.data)
    RLUN                                     0x20000227   Data           5  at_cmd.o(.data)
    RLU                                      0x2000022c   Data           4  at_cmd.o(.data)
    RBSL                                     0x20000230   Data           5  at_cmd.o(.data)
    SBW                                      0x20000235   Data           4  at_cmd.o(.data)
    SCR                                      0x20000239   Data           4  at_cmd.o(.data)
    SSF                                      0x2000023d   Data           4  at_cmd.o(.data)
    PWR                                      0x20000241   Data           4  at_cmd.o(.data)
    DNM                                      0x20000245   Data           4  at_cmd.o(.data)
    SLT                                      0x20000249   Data           4  at_cmd.o(.data)
    FCV                                      0x2000024d   Data           4  at_cmd.o(.data)
    RPID                                     0x20000251   Data           5  at_cmd.o(.data)
    SSC                                      0x20000256   Data           4  at_cmd.o(.data)
    SCALB                                    0x2000025a   Data           4  at_cmd.o(.data)
    SWV                                      0x2000025e   Data           4  at_cmd.o(.data)
    FRQ                                      0x20000262   Data           4  at_cmd.o(.data)
    SETP                                     0x20000266   Data           5  at_cmd.o(.data)
    DA                                       0x2000026b   Data           3  at_cmd.o(.data)
    DB                                       0x2000026e   Data           3  at_cmd.o(.data)
    SFM                                      0x20000271   Data           4  at_cmd.o(.data)
    HDTC                                     0x20000275   Data           5  at_cmd.o(.data)
    SMS                                      0x2000027a   Data           4  at_cmd.o(.data)
    FSRC                                     0x2000027e   Data           5  at_cmd.o(.data)
    FSRC_PAGE                                0x20000283   Data          15  at_cmd.o(.data)
    sensor_iv_boot_code                      0x20000292   Data        4253  sensor_iv_boot.o(.data)
    low_power_t                              0x20001330   Data          10  power_manager.o(.bss)
    sensor_sixteen_ring_t                    0x200014bc   Data         324  sensor_sixteen.o(.bss)
    temp_data                                0x20001600   Data          16  sensor_sixteen.o(.bss)
    rf_send_payload                          0x20001610   Data         276  sensor_payload.o(.bss)
    rf_received_payload                      0x20001724   Data         276  sensor_payload.o(.bss)
    rf_rx_frame                              0x20001838   Data         257  sensor_payload.o(.bss)
    operation_temp                           0x20001939   Data         128  sensor_payload.o(.bss)
    node_parameter                           0x200019c0   Data          60  sensor_parameter.o(.bss)
    node_running_flags                       0x20001a00   Data          64  sensor_parameter.o(.bss)
    fireware_parameter                       0x20001a40   Data          26  sensor_parameter.o(.bss)
    router_array                             0x20001a60   Data         248  sensor_parameter.o(.bss)
    join_net_ack_info                        0x20001b58   Data          40  sensor_parameter.o(.bss)
    request_join_array                       0x20001b80   Data         408  sensor_parameter.o(.bss)
    father_info                              0x20001d18   Data          12  sensor_parameter.o(.bss)
    RadioDriver                              0x20001d24   Data          36  sx127x_radio.o(.bss)
    flash_cache_buff                         0x20001d48   Data         256  ext_flash_storage.o(.bss)
    flash_cache_temp_buff                    0x20001e48   Data         258  ext_flash_storage.o(.bss)
    read_index                               0x20001f4a   Data          12  ext_flash_storage.o(.bss)
    real_index                               0x20001f56   Data          12  ext_flash_storage.o(.bss)
    broadcast_bit_map                        0x20001f62   Data         128  broadcast_program.o(.bss)
    broadcast_program_buff                   0x20001fe2   Data         256  broadcast_program.o(.bss)
    battery_param                            0x200020e4   Data          12  battery.o(.bss)
    rotonic_recv_buff                        0x200020f0   Data         120  rotonic.o(.bss)
    rotonic_uart_param                       0x20002168   Data          20  rotonic.o(.bss)
    tempBuf                                  0x2000217c   Data          16  rotonic.o(.bss)
    humiBuf                                  0x2000218c   Data          16  rotonic.o(.bss)
    key_etimer                               0x2000219c   Data          16  key_process.o(.bss)
    led_etimer                               0x200021ac   Data          16  led_process.o(.bss)
    led_blue_etimer                          0x200021bc   Data          16  led_process.o(.bss)
    led_red_etimer                           0x200021cc   Data          16  led_process.o(.bss)
    router_etimer                            0x200021dc   Data          16  cycle_work_process.o(.bss)
    fail_router_etimer                       0x200021ec   Data          16  cycle_work_process.o(.bss)
    sample_cycle_etimer                      0x200021fc   Data          16  cycle_work_process.o(.bss)
    sen_work_etimer                          0x2000220c   Data          16  sen_work_process.o(.bss)
    data_download_timout_etimer              0x2000221c   Data          16  data_download_process.o(.bss)
    quick_work_etimer                        0x2000222c   Data          16  quick_work_process.o(.bss)
    quick_work_timeout_etimer                0x2000223c   Data          16  quick_work_process.o(.bss)
    c_infos                                  0x2000224c   Data          82  quick_work_process.o(.bss)
    rf_transmit_timeout_etimer               0x200022a0   Data          16  rf_transmit_process.o(.bss)
    rf_transmit_duration_etimer              0x200022b0   Data          16  rf_transmit_process.o(.bss)
    rf_transmit_start_line_etimer            0x200022c0   Data          16  rf_transmit_process.o(.bss)
    rf_listen_broadcast_etimer               0x200022d0   Data          16  rf_transmit_process.o(.bss)
    rf_random_transmit_etimer                0x200022e0   Data          16  rf_transmit_process.o(.bss)
    sensor_process                           0x200022f0   Data          20  sensor_manager_process.o(.bss)
    rotonic_process_etimer                   0x20002304   Data          16  sensor_rotonic_process.o(.bss)
    rotonic_receive_timeout_etimer           0x20002314   Data          16  sensor_rotonic_process.o(.bss)
    system_clock                             0x20002324   Data          12  clock_config.o(.bss)
    at_items                                 0x20002330   Data        1080  at_operation.o(.bss)
    _random_number_data                      0x20002768   Data         228  rand.o(.bss)
    Image$$ARM_LIB_HEAP$$ZI$$Base            0x2000284c   Number         0  anon$$obj.o ABSOLUTE
    Image$$ARM_LIB_HEAP$$ZI$$Limit           0x20002c4c   Number         0  anon$$obj.o ABSOLUTE
    Image$$ARM_LIB_STACK$$ZI$$Limit          0x20004000   Number         0  anon$$obj.o ABSOLUTE



==============================================================================

Memory Map of the image

  Image Entry point : 0x000000f1

  Load Region LR_MCU_FLASH (Base: 0x00000000, Size: 0x0000ebf8, Max: 0x00010000, ABSOLUTE, COMPRESSED[0x0000e5a4])

    Execution Region MCU_FLASH (Base: 0x00000000, Size: 0x0000d8c8, Max: 0xffffffff, ABSOLUTE)

    Base Addr    Size         Type   Attr      Idx    E Section Name        Object

    0x00000000   0x000000f0   Data   RO         2510    RESET               startup_sim3l1xx_arm.o
    0x000000f0   0x00000008   Code   RO         3012  * !!!main             c_w.l(__main.o)
    0x000000f8   0x00000034   Code   RO         3253    !!!scatter          c_w.l(__scatter.o)
    0x0000012c   0x00000064   Code   RO         3251    !!dclz77c           c_w.l(__dclz77c.o)
    0x00000190   0x0000001c   Code   RO         3255    !!handler_zi        c_w.l(__scatter_zi.o)
    0x000001ac   0x00000000   Code   RO         2992    .ARM.Collect$$_printf_percent$$00000000  c_w.l(_printf_percent.o)
    0x000001ac   0x00000006   Code   RO         2991    .ARM.Collect$$_printf_percent$$00000009  c_w.l(_printf_d.o)
    0x000001b2   0x00000006   Code   RO         2990    .ARM.Collect$$_printf_percent$$0000000C  c_w.l(_printf_x.o)
    0x000001b8   0x00000004   Code   RO         3071    .ARM.Collect$$_printf_percent$$00000017  c_w.l(_printf_percent_end.o)
    0x000001bc   0x00000002   Code   RO         3175    .ARM.Collect$$libinit$$00000000  c_w.l(libinit.o)
    0x000001be   0x00000000   Code   RO         3073    .ARM.Collect$$libinit$$00000002  c_w.l(libinit2.o)
    0x000001be   0x00000000   Code   RO         3075    .ARM.Collect$$libinit$$00000004  c_w.l(libinit2.o)
    0x000001be   0x00000000   Code   RO         3078    .ARM.Collect$$libinit$$0000000A  c_w.l(libinit2.o)
    0x000001be   0x00000000   Code   RO         3080    .ARM.Collect$$libinit$$0000000C  c_w.l(libinit2.o)
    0x000001be   0x00000004   Code   RO         3081    .ARM.Collect$$libinit$$0000000D  c_w.l(libinit2.o)
    0x000001c2   0x00000000   Code   RO         3082    .ARM.Collect$$libinit$$0000000E  c_w.l(libinit2.o)
    0x000001c2   0x00000000   Code   RO         3085    .ARM.Collect$$libinit$$00000011  c_w.l(libinit2.o)
    0x000001c2   0x00000000   Code   RO         3087    .ARM.Collect$$libinit$$00000013  c_w.l(libinit2.o)
    0x000001c2   0x00000000   Code   RO         3089    .ARM.Collect$$libinit$$00000015  c_w.l(libinit2.o)
    0x000001c2   0x00000000   Code   RO         3091    .ARM.Collect$$libinit$$00000017  c_w.l(libinit2.o)
    0x000001c2   0x00000000   Code   RO         3093    .ARM.Collect$$libinit$$00000019  c_w.l(libinit2.o)
    0x000001c2   0x00000000   Code   RO         3095    .ARM.Collect$$libinit$$0000001B  c_w.l(libinit2.o)
    0x000001c2   0x00000000   Code   RO         3097    .ARM.Collect$$libinit$$0000001D  c_w.l(libinit2.o)
    0x000001c2   0x00000000   Code   RO         3099    .ARM.Collect$$libinit$$0000001F  c_w.l(libinit2.o)
    0x000001c2   0x00000000   Code   RO         3101    .ARM.Collect$$libinit$$00000021  c_w.l(libinit2.o)
    0x000001c2   0x00000000   Code   RO         3103    .ARM.Collect$$libinit$$00000023  c_w.l(libinit2.o)
    0x000001c2   0x00000000   Code   RO         3105    .ARM.Collect$$libinit$$00000025  c_w.l(libinit2.o)
    0x000001c2   0x00000000   Code   RO         3109    .ARM.Collect$$libinit$$0000002C  c_w.l(libinit2.o)
    0x000001c2   0x00000000   Code   RO         3111    .ARM.Collect$$libinit$$0000002E  c_w.l(libinit2.o)
    0x000001c2   0x00000000   Code   RO         3113    .ARM.Collect$$libinit$$00000030  c_w.l(libinit2.o)
    0x000001c2   0x00000000   Code   RO         3115    .ARM.Collect$$libinit$$00000032  c_w.l(libinit2.o)
    0x000001c2   0x00000002   Code   RO         3116    .ARM.Collect$$libinit$$00000033  c_w.l(libinit2.o)
    0x000001c4   0x00000002   Code   RO         3219    .ARM.Collect$$libshutdown$$00000000  c_w.l(libshutdown.o)
    0x000001c6   0x00000000   Code   RO         3236    .ARM.Collect$$libshutdown$$00000003  c_w.l(libshutdown2.o)
    0x000001c6   0x00000000   Code   RO         3239    .ARM.Collect$$libshutdown$$00000006  c_w.l(libshutdown2.o)
    0x000001c6   0x00000000   Code   RO         3242    .ARM.Collect$$libshutdown$$00000009  c_w.l(libshutdown2.o)
    0x000001c6   0x00000000   Code   RO         3244    .ARM.Collect$$libshutdown$$0000000B  c_w.l(libshutdown2.o)
    0x000001c6   0x00000000   Code   RO         3247    .ARM.Collect$$libshutdown$$0000000E  c_w.l(libshutdown2.o)
    0x000001c6   0x00000002   Code   RO         3248    .ARM.Collect$$libshutdown$$0000000F  c_w.l(libshutdown2.o)
    0x000001c8   0x00000000   Code   RO         3062    .ARM.Collect$$rtentry$$00000000  c_w.l(__rtentry.o)
    0x000001c8   0x00000000   Code   RO         3129    .ARM.Collect$$rtentry$$00000002  c_w.l(__rtentry2.o)
    0x000001c8   0x00000004   Code   RO         3143    .ARM.Collect$$rtentry$$00000007  c_w.l(__rtentry7.o)
    0x000001cc   0x00000000   Code   RO         3131    .ARM.Collect$$rtentry$$00000009  c_w.l(__rtentry2.o)
    0x000001cc   0x00000004   Code   RO         3132    .ARM.Collect$$rtentry$$0000000A  c_w.l(__rtentry2.o)
    0x000001d0   0x00000000   Code   RO         3134    .ARM.Collect$$rtentry$$0000000C  c_w.l(__rtentry2.o)
    0x000001d0   0x00000008   Code   RO         3135    .ARM.Collect$$rtentry$$0000000D  c_w.l(__rtentry2.o)
    0x000001d8   0x00000004   Code   RO         3144    .ARM.Collect$$rtentry$$00002718  c_w.l(__rtentry7.o)
    0x000001dc   0x00000002   Code   RO         3183    .ARM.Collect$$rtexit$$00000000  c_w.l(rtexit.o)
    0x000001de   0x00000000   Code   RO         3203    .ARM.Collect$$rtexit$$00000002  c_w.l(rtexit2.o)
    0x000001de   0x00000004   Code   RO         3204    .ARM.Collect$$rtexit$$00000003  c_w.l(rtexit2.o)
    0x000001e2   0x00000006   Code   RO         3205    .ARM.Collect$$rtexit$$00000004  c_w.l(rtexit2.o)
    0x000001e8   0x00000028   Code   RO          866    .emb_text           delay.o
    0x00000210   0x00000014   Code   RO         2914    .emb_text           sensor_iv_boot.o
    0x00000224   0x00000034   Code   RO         2993    .emb_text           c_w.l(rand.o)
    0x00000258   0x00000060   Code   RO            4    .text               main.o
    0x000002b8   0x00000248   Code   RO          553    .text               si32_system_it.o
    0x00000500   0x0000004a   Code   RO          629    .text               si32_system_init.o
    0x0000054a   0x00000002   PAD
    0x0000054c   0x000000a4   Code   RO          666    .text               dio_handler.o
    0x000005f0   0x000001cc   Code   RO          714    .text               power_manager.o
    0x000007bc   0x0000003a   Code   RO          748    .text               autostart.o
    0x000007f6   0x00000002   PAD
    0x000007f8   0x000002a8   Code   RO          761    .text               etimer.o
    0x00000aa0   0x00000350   Code   RO          793    .text               process.o
    0x00000df0   0x00000056   Code   RO          819    .text               timer.o
    0x00000e46   0x00000010   Code   RO          832    .text               clock.o
    0x00000e56   0x0000004c   Code   RO          867    .text               delay.o
    0x00000ea2   0x00000002   PAD
    0x00000ea4   0x00000134   Code   RO          921    .text               debug_util.o
    0x00000fd8   0x00000024   Code   RO         2915    .text               sensor_iv_boot.o
    0x00000ffc   0x00000002   Code   RO         2935    .text               c_w.l(use_no_semi.o)
    0x00000ffe   0x00000000   Code   RO         3127    x$fpl$usenofp       fz_ws.l(usenofp.o)
    0x00000ffe   0x00000002   PAD
    0x00001000   0x0000000a   Data   RO          956    .ARM.__AT_0x00001000  software_version.o
    0x0000100a   0x00000202   Code   RO          889    .text               crc.o
    0x0000120c   0x0000024c   Code   RO          940    .text               data_conversion.o
    0x00001458   0x0000002c   Code   RO          955    .text               software_version.o
    0x00001484   0x00000210   Code   RO          976    .text               timestamp.o
    0x00001694   0x000001f4   Code   RO          991    .text               sensor_sixteen.o
    0x00001888   0x00000a34   Code   RO         1024    .text               sensor_payload.o
    0x000022bc   0x00000568   Code   RO         1053    .text               sensor_parameter.o
    0x00002824   0x0000097c   Code   RO         1080    .text               sx127x_app.o
    0x000031a0   0x00000108   Code   RO         1103    .text               sx127x_hal.o
    0x000032a8   0x00000104   Code   RO         1122    .text               sx127x_radio.o
    0x000033ac   0x00000494   Code   RO         1148    .text               ext_flash_hal.o
    0x00003840   0x00000178   Code   RO         1168    .text               ext_flash_mcu.o
    0x000039b8   0x00000788   Code   RO         1192    .text               ext_flash_storage.o
    0x00004140   0x00000410   Code   RO         1236    .text               ext_flash_tat.o
    0x00004550   0x00000174   Code   RO         1260    .text               download_history.o
    0x000046c4   0x000002a4   Code   RO         1287    .text               broadcast_program.o
    0x00004968   0x0000012c   Code   RO         1324    .text               battery.o
    0x00004a94   0x00000420   Code   RO         1552    .text               rotonic.o
    0x00004eb4   0x00000130   Code   RO         1579    .text               key_process.o
    0x00004fe4   0x00000300   Code   RO         1606    .text               led_process.o
    0x000052e4   0x00000c04   Code   RO         1635    .text               analysis_process.o
    0x00005ee8   0x00000688   Code   RO         1666    .text               cycle_work_process.o
    0x00006570   0x0000010c   Code   RO         1698    .text               sen_work_process.o
    0x0000667c   0x000000e4   Code   RO         1726    .text               data_download_process.o
    0x00006760   0x0000012c   Code   RO         1754    .text               quick_work_process.o
    0x0000688c   0x00000a54   Code   RO         1782    .text               rf_transmit_process.o
    0x000072e0   0x0000012c   Code   RO         1810    .text               sensor_manager_process.o
    0x0000740c   0x00000270   Code   RO         2061    .text               sensor_rotonic_process.o
    0x0000767c   0x00000370   Code   RO         2089    .text               rtc_config.o
    0x000079ec   0x00000578   Code   RO         2113    .text               clock_config.o
    0x00007f64   0x00000068   Code   RO         2137    .text               pmatch_config.o
    0x00007fcc   0x000001c8   Code   RO         2157    .text               pmu_config.o
    0x00008194   0x00000474   Code   RO         2177    .text               port_config.o
    0x00008608   0x0000025c   Code   RO         2197    .text               spi_config.o
    0x00008864   0x00000130   Code   RO         2213    .text               wdtimer_config.o
    0x00008994   0x00000200   Code   RO         2233    .text               led.o
    0x00008b94   0x000000d0   Code   RO         2249    .text               internal_adc.o
    0x00008c64   0x000001b4   Code   RO         2265    .text               internal_adc_option.o
    0x00008e18   0x0000019c   Code   RO         2284    .text               flash_config.o
    0x00008fb4   0x0000095c   Code   RO         2320    .text               uart.o
    0x00009910   0x0000015a   Code   RO         2472    .text               si32_rstsrc_a_type.o
    0x00009a6a   0x00000002   PAD
    0x00009a6c   0x000000a0   Code   RO         2485    .text               retarget_arm.o
    0x00009b0c   0x0000007c   Code   RO         2511    .text               startup_sim3l1xx_arm.o
    0x00009b88   0x00000054   Code   RO         2516    .text               system_sim3l1xx.o
    0x00009bdc   0x00000910   Code   RO         2579    .text               si32_saradc_a_type.o
    0x0000a4ec   0x000004da   Code   RO         2675    .text               si32_uart_b_type.o
    0x0000a9c6   0x00000002   PAD
    0x0000a9c8   0x000005ee   Code   RO         2856    .text               at_operation.o
    0x0000afb6   0x00000002   PAD
    0x0000afb8   0x0000117c   Code   RO         2889    .text               at_cmd.o
    0x0000c134   0x000000ee   Code   RO         2937    .text               c_w.l(lludivv7m.o)
    0x0000c222   0x00000002   PAD
    0x0000c224   0x00000018   Code   RO         2941    .text               c_w.l(noretval__2printf.o)
    0x0000c23c   0x0000004e   Code   RO         2945    .text               c_w.l(_printf_pad.o)
    0x0000c28a   0x00000002   PAD
    0x0000c28c   0x00000078   Code   RO         2947    .text               c_w.l(_printf_dec.o)
    0x0000c304   0x00000058   Code   RO         2952    .text               c_w.l(_printf_hex_int.o)
    0x0000c35c   0x00000138   Code   RO         2982    .text               c_w.l(__printf_flags_wp.o)
    0x0000c494   0x0000003c   Code   RO         2994    .text               c_w.l(rand.o)
    0x0000c4d0   0x00000058   Code   RO         2998    .text               c_w.l(memcmp.o)
    0x0000c528   0x00000096   Code   RO         3000    .text               c_w.l(strncmp.o)
    0x0000c5be   0x0000008a   Code   RO         3002    .text               c_w.l(rt_memcpy_v6.o)
    0x0000c648   0x00000064   Code   RO         3004    .text               c_w.l(rt_memcpy_w.o)
    0x0000c6ac   0x00000010   Code   RO         3006    .text               c_w.l(aeabi_memset.o)
    0x0000c6bc   0x00000044   Code   RO         3008    .text               c_w.l(rt_memclr.o)
    0x0000c700   0x0000004e   Code   RO         3010    .text               c_w.l(rt_memclr_w.o)
    0x0000c74e   0x000000b2   Code   RO         3067    .text               c_w.l(_printf_intcommon.o)
    0x0000c800   0x00000024   Code   RO         3069    .text               c_w.l(_printf_char_file.o)
    0x0000c824   0x00000030   Code   RO         3150    .text               c_w.l(_printf_char_common.o)
    0x0000c854   0x0000000c   Code   RO         3160    .text               c_w.l(exit.o)
    0x0000c860   0x0000000e   Code   RO         2980    i._is_digit         c_w.l(__printf_wp.o)
    0x0000c86e   0x00000002   PAD
    0x0000c870   0x00000062   Code   RO         3014    x$fpl$d2f           fz_ws.l(d2f.o)
    0x0000c8d2   0x00000002   PAD
    0x0000c8d4   0x00000150   Code   RO         3016    x$fpl$dadd          fz_ws.l(daddsub_clz.o)
    0x0000ca24   0x00000018   Code   RO         3117    x$fpl$dcmpinf       fz_ws.l(dcmpi.o)
    0x0000ca3c   0x000002b0   Code   RO         3023    x$fpl$ddiv          fz_ws.l(ddiv.o)
    0x0000ccec   0x0000005e   Code   RO         3026    x$fpl$dfix          fz_ws.l(dfix.o)
    0x0000cd4a   0x00000002   PAD
    0x0000cd4c   0x0000005a   Code   RO         3030    x$fpl$dfixu         fz_ws.l(dfixu.o)
    0x0000cda6   0x0000002e   Code   RO         3039    x$fpl$dflt          fz_ws.l(dflt_clz.o)
    0x0000cdd4   0x00000026   Code   RO         3038    x$fpl$dfltu         fz_ws.l(dflt_clz.o)
    0x0000cdfa   0x00000002   PAD
    0x0000cdfc   0x0000008a   Code   RO         3045    x$fpl$dfltull       fz_ws.l(dfltll_clz.o)
    0x0000ce86   0x00000002   PAD
    0x0000ce88   0x00000078   Code   RO         3048    x$fpl$dleqf         fz_ws.l(dleqf.o)
    0x0000cf00   0x00000154   Code   RO         3050    x$fpl$dmul          fz_ws.l(dmul.o)
    0x0000d054   0x0000009c   Code   RO         3119    x$fpl$dnaninf       fz_ws.l(dnaninf.o)
    0x0000d0f0   0x0000000c   Code   RO         3121    x$fpl$dretinf       fz_ws.l(dretinf.o)
    0x0000d0fc   0x000001d4   Code   RO         3018    x$fpl$dsub          fz_ws.l(daddsub_clz.o)
    0x0000d2d0   0x00000056   Code   RO         3052    x$fpl$f2d           fz_ws.l(f2d.o)
    0x0000d326   0x00000002   PAD
    0x0000d328   0x000000c4   Code   RO         3054    x$fpl$fadd          fz_ws.l(faddsub_clz.o)
    0x0000d3ec   0x00000102   Code   RO         3060    x$fpl$fmul          fz_ws.l(fmul.o)
    0x0000d4ee   0x0000008c   Code   RO         3123    x$fpl$fnaninf       fz_ws.l(fnaninf.o)
    0x0000d57a   0x0000000a   Code   RO         3125    x$fpl$fretinf       fz_ws.l(fretinf.o)
    0x0000d584   0x000000ea   Code   RO         3056    x$fpl$fsub          fz_ws.l(faddsub_clz.o)
    0x0000d66e   0x00000002   PAD
    0x0000d670   0x00000078   Code   RO         3034    x$fpl$llufromd      fz_ws.l(dfixull.o)
    0x0000d6e8   0x00000024   Data   RO            5    .constdata          main.o
    0x0000d70c   0x00000034   Data   RO          977    .constdata          timestamp.o
    0x0000d740   0x0000003c   Data   RO         1055    .constdata          sensor_parameter.o
    0x0000d77c   0x00000020   Data   RO         1081    .constdata          sx127x_app.o
    0x0000d79c   0x00000028   Data   RO         2953    .constdata          c_w.l(_printf_hex_int.o)
    0x0000d7c4   0x00000011   Data   RO         2983    .constdata          c_w.l(__printf_flags_wp.o)
    0x0000d7d5   0x00000003   PAD
    0x0000d7d8   0x0000000c   Data   RO          762    .conststring        etimer.o
    0x0000d7e4   0x0000000c   Data   RO         1581    .conststring        key_process.o
    0x0000d7f0   0x0000000c   Data   RO         1608    .conststring        led_process.o
    0x0000d7fc   0x00000011   Data   RO         1636    .conststring        analysis_process.o
    0x0000d80d   0x00000003   PAD
    0x0000d810   0x00000013   Data   RO         1668    .conststring        cycle_work_process.o
    0x0000d823   0x00000001   PAD
    0x0000d824   0x00000011   Data   RO         1700    .conststring        sen_work_process.o
    0x0000d835   0x00000003   PAD
    0x0000d838   0x00000016   Data   RO         1728    .conststring        data_download_process.o
    0x0000d84e   0x00000002   PAD
    0x0000d850   0x00000013   Data   RO         1756    .conststring        quick_work_process.o
    0x0000d863   0x00000001   PAD
    0x0000d864   0x00000014   Data   RO         1784    .conststring        rf_transmit_process.o
    0x0000d878   0x00000017   Data   RO         1812    .conststring        sensor_manager_process.o
    0x0000d88f   0x00000001   PAD
    0x0000d890   0x00000017   Data   RO         2063    .conststring        sensor_rotonic_process.o
    0x0000d8a7   0x00000001   PAD
    0x0000d8a8   0x00000020   Data   RO         3249    Region$$Table       anon$$obj.o


    Execution Region MCU_RRAM (Base: 0x20000000, Size: 0x00000000, Max: 0x00004000, ABSOLUTE, UNINIT)

    **** No section assigned to this execution region ****


    Execution Region MCU_IRAM (Base: 0x20000000, Size: 0x0000284c, Max: 0xffffffff, ABSOLUTE, COMPRESSED[0x00000cdc])

    Base Addr    Size         Type   Attr      Idx    E Section Name        Object

    0x20000000   0x0000000d   Data   RW          554    .data               si32_system_it.o
    0x2000000d   0x00000003   PAD
    0x20000010   0x00000018   Data   RW          763    .data               etimer.o
    0x20000028   0x0000001d   Data   RW          795    .data               process.o
    0x20000045   0x00000003   PAD
    0x20000048   0x00000030   Data   RW         1194    .data               ext_flash_storage.o
    0x20000078   0x0000000c   Data   RW         1237    .data               ext_flash_tat.o
    0x20000084   0x00000014   Data   RW         1261    .data               download_history.o
    0x20000098   0x00000006   Data   RW         1289    .data               broadcast_program.o
    0x2000009e   0x00000001   Data   RW         1326    .data               battery.o
    0x2000009f   0x00000001   PAD
    0x200000a0   0x00000026   Data   RW         1554    .data               rotonic.o
    0x200000c6   0x00000002   PAD
    0x200000c8   0x00000014   Data   RW         1582    .data               key_process.o
    0x200000dc   0x00000014   Data   RW         1609    .data               led_process.o
    0x200000f0   0x00000010   Data   RW         1637    .data               analysis_process.o
    0x20000100   0x00000010   Data   RW         1669    .data               cycle_work_process.o
    0x20000110   0x00000010   Data   RW         1701    .data               sen_work_process.o
    0x20000120   0x00000010   Data   RW         1729    .data               data_download_process.o
    0x20000130   0x00000010   Data   RW         1757    .data               quick_work_process.o
    0x20000140   0x00000010   Data   RW         1785    .data               rf_transmit_process.o
    0x20000150   0x00000014   Data   RW         1813    .data               sensor_manager_process.o
    0x20000164   0x0000001c   Data   RW         2064    .data               sensor_rotonic_process.o
    0x20000180   0x00000008   Data   RW         2090    .data               rtc_config.o
    0x20000188   0x00000018   Data   RW         2115    .data               clock_config.o
    0x200001a0   0x00000027   Data   RW         2266    .data               internal_adc_option.o
    0x200001c7   0x00000001   PAD
    0x200001c8   0x0000000c   Data   RW         2486    .data               retarget_arm.o
    0x200001d4   0x00000004   Data   RW         2517    .data               system_sim3l1xx.o
    0x200001d8   0x0000000d   Data   RW         2858    .data               at_operation.o
    0x200001e5   0x000000ad   Data   RW         2890    .data               at_cmd.o
    0x20000292   0x0000109d   Data   RW         2916    .data               sensor_iv_boot.o
    0x2000132f   0x00000001   PAD
    0x20001330   0x0000000a   Zero   RW          715    .bss                power_manager.o
    0x2000133a   0x00000002   PAD
    0x2000133c   0x00000180   Zero   RW          794    .bss                process.o
    0x200014bc   0x00000154   Zero   RW          992    .bss                sensor_sixteen.o
    0x20001610   0x000003a9   Zero   RW         1025    .bss                sensor_payload.o
    0x200019b9   0x00000007   PAD
    0x200019c0   0x00000364   Zero   RW         1054    .bss                sensor_parameter.o
    0x20001d24   0x00000024   Zero   RW         1123    .bss                sx127x_radio.o
    0x20001d48   0x0000021a   Zero   RW         1193    .bss                ext_flash_storage.o
    0x20001f62   0x00000180   Zero   RW         1288    .bss                broadcast_program.o
    0x200020e2   0x00000002   PAD
    0x200020e4   0x0000000c   Zero   RW         1325    .bss                battery.o
    0x200020f0   0x000000ac   Zero   RW         1553    .bss                rotonic.o
    0x2000219c   0x00000010   Zero   RW         1580    .bss                key_process.o
    0x200021ac   0x00000030   Zero   RW         1607    .bss                led_process.o
    0x200021dc   0x00000030   Zero   RW         1667    .bss                cycle_work_process.o
    0x2000220c   0x00000010   Zero   RW         1699    .bss                sen_work_process.o
    0x2000221c   0x00000010   Zero   RW         1727    .bss                data_download_process.o
    0x2000222c   0x00000072   Zero   RW         1755    .bss                quick_work_process.o
    0x2000229e   0x00000002   PAD
    0x200022a0   0x00000050   Zero   RW         1783    .bss                rf_transmit_process.o
    0x200022f0   0x00000014   Zero   RW         1811    .bss                sensor_manager_process.o
    0x20002304   0x00000020   Zero   RW         2062    .bss                sensor_rotonic_process.o
    0x20002324   0x0000000c   Zero   RW         2114    .bss                clock_config.o
    0x20002330   0x00000438   Zero   RW         2857    .bss                at_operation.o
    0x20002768   0x000000e4   Zero   RW         2995    .bss                c_w.l(rand.o)


    Execution Region ARM_LIB_HEAP (Base: 0x2000284c, Size: 0x00000400, Max: 0x00000400, ABSOLUTE)

    Base Addr    Size         Type   Attr      Idx    E Section Name        Object

    0x2000284c   0x00000400   Zero   RW            1    ARM_LIB_HEAP.bss    anon$$obj.o


    Execution Region ARM_LIB_STACK (Base: 0x20003e00, Size: 0x00000200, Max: 0x00000200, ABSOLUTE)

    Base Addr    Size         Type   Attr      Idx    E Section Name        Object

    0x20003e00   0x00000200   Zero   RW            2    ARM_LIB_STACK.bss   anon$$obj.o


==============================================================================

Image component sizes


      Code (inc. data)   RO Data    RW Data    ZI Data      Debug   Object Name

      3076        100         17         16          0      10094   analysis_process.o
      4476        148          0        173          0      20893   at_cmd.o
      1518        236          0         13       1080       5077   at_operation.o
        58          0          0          0          0       1253   autostart.o
       300         22          0          1         12       4444   battery.o
       676         38          0          6        384       5683   broadcast_program.o
        16          0          0          0          0        604   clock.o
      1400        116          0         24         12      17402   clock_config.o
       514          0          0          0          0       3653   crc.o
      1672         94         19         16         48       4668   cycle_work_process.o
       588          0          0          0          0       3359   data_conversion.o
       228         12         22         16         16       2339   data_download_process.o
       308         60          0          0          0       1967   debug_util.o
       116          0          0          0          0       1468   delay.o
       164         36          0          0          0        635   dio_handler.o
       372         38          0         20          0       3216   download_history.o
       680         16         12         24          0       6599   etimer.o
      1172          8          0          0          0       3557   ext_flash_hal.o
       376         22          0          0          0       2095   ext_flash_mcu.o
      1928        138          0         48        538       8232   ext_flash_storage.o
      1040         34          0         12          0       5553   ext_flash_tat.o
       412         16          0          0          0       2567   flash_config.o
       208         14          0          0          0        600   internal_adc.o
       436         16          0         39          0       2678   internal_adc_option.o
       304         18         12         20         16       2029   key_process.o
       512          8          0          0          0       1859   led.o
       768         20         12         20         48       2595   led_process.o
        96         16         36          0          0     181045   main.o
       104         12          0          0          0      14943   pmatch_config.o
       456         36          0          0          0       2660   pmu_config.o
      1140         24          0          0          0       2976   port_config.o
       460         34          0          0         10       3751   power_manager.o
       848         50          0         29        384       7164   process.o
       300         34         19         16        114       3265   quick_work_process.o
       160         18          0         12          0      17747   retarget_arm.o
      2644        176         20         16         80       8317   rf_transmit_process.o
      1056         90          0         38        172       5196   rotonic.o
       880         42          0          8          0       4661   rtc_config.o
       268         30         17         16         16       2242   sen_work_process.o
        56          8          0       4253          0       2216   sensor_iv_boot.o
       300         32         23         20         20       2444   sensor_manager_process.o
      1384         40         60          0        868       9415   sensor_parameter.o
      2612        106          0          0        937       7812   sensor_payload.o
       624         72         23         28         32       4283   sensor_rotonic_process.o
       500          8          0          0        340       3395   sensor_sixteen.o
       346          0          0          0          0       7353   si32_rstsrc_a_type.o
      2320         20          0          0          0      43743   si32_saradc_a_type.o
        74          0          0          0          0        557   si32_system_init.o
       584        108          0         13          0      18646   si32_system_it.o
      1242          0          0          0          0      30199   si32_uart_b_type.o
        44          4         10          0          0       3507   software_version.o
       604         22          0          0          0       2605   spi_config.o
       124         10        240          0          0       2852   startup_sim3l1xx_arm.o
      2428        146         32          0          0       9027   sx127x_app.o
       264         12          0          0          0       3110   sx127x_hal.o
       260         18          0          0         36       3830   sx127x_radio.o
        84          4          0          4          0       1001   system_sim3l1xx.o
        86          0          0          0          0       1816   timer.o
       528         18         52          0          0       1984   timestamp.o
      2396         80          0          0          0       4493   uart.o
       304         22          0          0          0      15291   wdtimer_config.o

    ----------------------------------------------------------------------
     48906       2502        670       4912       6712     558665   Object Totals
         0          0         32          0       1536          0   (incl. Generated)
        12          0         12         11         13          0   (incl. Padding)

    ----------------------------------------------------------------------

      Code (inc. data)   RO Data    RW Data    ZI Data      Debug   Library Member Name

       100          0          0          0          0          0   __dclz77c.o
         8          0          0          0          0         68   __main.o
       312          4         17          0          0         92   __printf_flags_wp.o
        14          0          0          0          0         68   __printf_wp.o
         0          0          0          0          0          0   __rtentry.o
        12          0          0          0          0          0   __rtentry2.o
         8          4          0          0          0          0   __rtentry7.o
        52          8          0          0          0          0   __scatter.o
        28          0          0          0          0          0   __scatter_zi.o
        48          6          0          0          0         96   _printf_char_common.o
        36          4          0          0          0         80   _printf_char_file.o
         6          0          0          0          0          0   _printf_d.o
       120         16          0          0          0         92   _printf_dec.o
        88          4         40          0          0         88   _printf_hex_int.o
       178          0          0          0          0         88   _printf_intcommon.o
        78          0          0          0          0        108   _printf_pad.o
         0          0          0          0          0          0   _printf_percent.o
         4          0          0          0          0          0   _printf_percent_end.o
         6          0          0          0          0          0   _printf_x.o
        16          0          0          0          0         68   aeabi_memset.o
        12          0          0          0          0         72   exit.o
         2          0          0          0          0          0   libinit.o
         6          0          0          0          0          0   libinit2.o
         2          0          0          0          0          0   libshutdown.o
         2          0          0          0          0          0   libshutdown2.o
       238          0          0          0          0        100   lludivv7m.o
        88          0          0          0          0         76   memcmp.o
        24          4          0          0          0         84   noretval__2printf.o
       112         18          0          0        228        160   rand.o
        68          0          0          0          0         68   rt_memclr.o
        78          0          0          0          0         80   rt_memclr_w.o
       138          0          0          0          0         68   rt_memcpy_v6.o
       100          0          0          0          0         80   rt_memcpy_w.o
         2          0          0          0          0          0   rtexit.o
        10          0          0          0          0          0   rtexit2.o
       150          0          0          0          0         80   strncmp.o
         2          0          0          0          0         68   use_no_semi.o
        98          4          0          0          0         92   d2f.o
       804         16          0          0          0        272   daddsub_clz.o
        24          0          0          0          0         68   dcmpi.o
       688        140          0          0          0        208   ddiv.o
        94          4          0          0          0         92   dfix.o
        90          4          0          0          0         92   dfixu.o
       120          4          0          0          0        104   dfixull.o
        84          0          0          0          0        136   dflt_clz.o
       138          0          0          0          0         84   dfltll_clz.o
       120          4          0          0          0         92   dleqf.o
       340         12          0          0          0        104   dmul.o
       156          4          0          0          0         92   dnaninf.o
        12          0          0          0          0         68   dretinf.o
        86          4          0          0          0         84   f2d.o
       430          8          0          0          0        168   faddsub_clz.o
       258          4          0          0          0         84   fmul.o
       140          4          0          0          0         84   fnaninf.o
        10          0          0          0          0         68   fretinf.o
         0          0          0          0          0          0   usenofp.o

    ----------------------------------------------------------------------
      5860        280         60          0        228       3776   Library Totals
        20          0          3          0          0          0   (incl. Padding)

    ----------------------------------------------------------------------

      Code (inc. data)   RO Data    RW Data    ZI Data      Debug   Library Name

      2148         68         57          0        228       1784   c_w.l
      3692        212          0          0          0       1992   fz_ws.l

    ----------------------------------------------------------------------
      5860        280         60          0        228       3776   Library Totals

    ----------------------------------------------------------------------

==============================================================================


      Code (inc. data)   RO Data    RW Data    ZI Data      Debug   

     54766       2782        730       4912       6940     554533   Grand Totals
     54766       2782        730       3292       6940     554533   ELF Image Totals (compressed)
     54766       2782        730       3292          0          0   ROM Totals

==============================================================================

    Total RO  Size (Code + RO Data)                55496 (  54.20kB)
    Total RW  Size (RW Data + ZI Data)             11852 (  11.57kB)
    Total ROM Size (Code + RO Data + RW Data)      58788 (  57.41kB)

==============================================================================

