<html>
<body>
<pre>
<h1>µVision Build Log</h1>
<h2>Project:</h2>
E:\Project\SensorIV\Code\Sensor_IV_Code\apps\bootloader\sensor_iv_bootloader_v1_0.uvproj
Project File Date:  07/17/2015

<h2>Output:</h2>
Rebuild target 'sensor_iv_bootloader'
compiling retarget_arm.c...
assembling startup_sim3l1xx_arm.s...
compiling system_sim3l1xx.c...
compiling SI32_EXTOSC_A_Type.c...
compiling SI32_PLL_A_Type.c...
compiling SI32_RTC_B_Type.c...
compiling SI32_SARADC_A_Type.c...
compiling SI32_CMP_A_Type.c...
compiling SI32_IDAC_A_Type.c...
compiling SI32_PVTOSC_A_Type.c...
compiling SI32_I2C_A_Type.c...
compiling SI32_LCD_A_Type.c...
compiling SI32_SPI_B_Type.c...
compiling SI32_USART_B_Type.c...
compiling SI32_UART_B_Type.c...
compiling SI32_FLASHCTRL_A_Type.c...
compiling SI32_DCDC_A_Type.c...
compiling SI32_VMON_B_Type.c...
compiling SI32_VREF_B_Type.c...
compiling SI32_LPTIMER_B_Type.c...
compiling SI32_EPCA_A_Type.c...
compiling SI32_EPCACH_A_Type.c...
compiling SI32_TIMER_A_Type.c...
compiling SI32_WDTIMER_A_Type.c...
compiling SI32_AES_B_Type.c...
compiling SI32_ECRC_A_Type.c...
compiling SI32_ENCDEC_A_Type.c...
compiling SI32_ACCTR_A_Type.c...
compiling SI32_PMU_A_Type.c...
compiling SI32_LDO_A_Type.c...
compiling SI32_LOCK_A_Type.c...
compiling SI32_RSTSRC_A_Type.c...
compiling main.c...
compiling system_init.c...
compiling ext_flash_hal.c...
compiling ext_flash_mcu.c...
compiling ext_flash_tat.c...
compiling inchip_flash.c...
compiling boot.c...
compiling crc.c...
compiling state.c...
linking...
Program Size: Code=3244 RO-data=272 RW-data=24 ZI-data=1540  
FromELF: creating hex file...
After Build - User command #1: fromelf.exe --bin -o sensor_iv_bootloader_v1_0.bin ./build/sensor_iv_bootloader_v1_0.axf
"build\sensor_iv_bootloader_v1_0.axf" - 0 Error(s), 0 Warning(s).
pen file './build/sensor_iv_bootloader_v1_0.axf': No such file or directory
Finished: 0 information, 0 warning and 1 error messages.
"build\sim32_bootloader_v144.axf" - 0 Error(s), 0 Warning(s).
/body>
</html>
