<html>
<body>
<pre>
<h1>µVision Build Log</h1>
<h2>Tool Versions:</h2>
IDE-Version: ¦ÌVision V5.13.0.0
Copyright (C) 2014 ARM Ltd and ARM Germany GmbH. All rights reserved.
License Information: break shang, Microsoft, LIC=IK1BS-LJBJ5-302NC-7B8VA-HFE87-GWIRX
 
Tool Versions:
Toolchain:       MDK-ARM Standard  Version: 5.13.0.0
Toolchain Path:  d:\Keil_v5\ARM\ARMCC\Bin
C Compiler:      Armcc.exe V5.05 update 1 (build 106)
Assembler:       Armasm.exe V5.05 update 1 (build 106)
Linker/Locator:  ArmLink.exe V5.05 update 1 (build 106)
Library Manager: ArmAr.exe V5.05 update 1 (build 106)
Hex Converter:   FromElf.exe V5.05 update 1 (build 106)
CPU DLL:         SARMCM3.DLL V5.13.0.0
Dialog DLL:      DCM.DLL V1.13.1.0
Target DLL:      Segger\JL2CM3.dll V2.99.11.0
Dialog DLL:      TCM.DLL V1.14.4.0
 
<h2>Project:</h2>
E:\contiki\ÎÂÊª¶È\SensorIV2.2µ÷ÊÔ°æ\Code\Sensor_IV_Code\apps\sensor\project\SensorIVPro.uvproj
Project File Date:  11/04/2016

<h2>Output:</h2>
Build target 'sensor'
compiling software_version.c...
linking...
Program Size: Code=54766 RO-data=730 RW-data=4912 ZI-data=6940  
FromELF: creating hex file...
After Build - User command #1: fromelf.exe --bin -o SensorIVPro.bin ./build/SensorIVPro.axf
".\build\SensorIVPro.axf" - 0 Error(s), 0 Warning(s).
</pre>
</body>
</html>
