<!doctype html public "-//w3c//dtd html 4.0 transitional//en">
<html><head>
<title>Static Call Graph - [.\build\SensorIVPro.axf]</title></head>
<body><HR>
<H1>Static Call Graph for image .\build\SensorIVPro.axf</H1><HR>
<BR><P>#&#060CALLGRAPH&#062# ARM Linker, 5050106: Last Updated: Wed Nov 16 10:15:43 2016
<BR><P>
<H3>Maximum Stack Usage =        284 bytes + Unknown(Cycles, Untraceable Function Pointers)</H3><H3>
Call chain for Maximum Stack Depth:</H3>
process_thread_cycle_work_process &rArr; sensor_sample &rArr; save_sensor_data_from_ram_to_flash &rArr; save_sixteen_data &rArr; storage_write_data &rArr; storage_write_new_page &rArr; storage_find_idle_page &rArr; flash_tat_read_data &rArr; flash_tat_check_idle &rArr; flash_tat_get_status &rArr; flash_hal_read_buff
<P>
<H3>
Mutually Recursive functions
</H3> <LI><a href="#[ad]">exit_process</a>&nbsp;&nbsp;&nbsp;&rArr;&nbsp;&nbsp;&nbsp;<a href="#[af]">call_process</a><BR>
 <LI><a href="#[15]">SVC_Handler</a>&nbsp;&nbsp;&nbsp;&rArr;&nbsp;&nbsp;&nbsp;<a href="#[15]">SVC_Handler</a><BR>
 <LI><a href="#[16]">DebugMon_Handler</a>&nbsp;&nbsp;&nbsp;&rArr;&nbsp;&nbsp;&nbsp;<a href="#[16]">DebugMon_Handler</a><BR>
 <LI><a href="#[17]">PendSV_Handler</a>&nbsp;&nbsp;&nbsp;&rArr;&nbsp;&nbsp;&nbsp;<a href="#[17]">PendSV_Handler</a><BR>
 <LI><a href="#[1a]">PBEXT0_IRQHandler</a>&nbsp;&nbsp;&nbsp;&rArr;&nbsp;&nbsp;&nbsp;<a href="#[1a]">PBEXT0_IRQHandler</a><BR>
 <LI><a href="#[1b]">PBEXT1_IRQHandler</a>&nbsp;&nbsp;&nbsp;&rArr;&nbsp;&nbsp;&nbsp;<a href="#[1b]">PBEXT1_IRQHandler</a><BR>
 <LI><a href="#[1d]">LPTIMER0_IRQHandler</a>&nbsp;&nbsp;&nbsp;&rArr;&nbsp;&nbsp;&nbsp;<a href="#[1d]">LPTIMER0_IRQHandler</a><BR>
 <LI><a href="#[1e]">DMAERR_IRQHandler</a>&nbsp;&nbsp;&nbsp;&rArr;&nbsp;&nbsp;&nbsp;<a href="#[1e]">DMAERR_IRQHandler</a><BR>
 <LI><a href="#[1f]">DMACH0_IRQHandler</a>&nbsp;&nbsp;&nbsp;&rArr;&nbsp;&nbsp;&nbsp;<a href="#[1f]">DMACH0_IRQHandler</a><BR>
 <LI><a href="#[20]">DMACH1_IRQHandler</a>&nbsp;&nbsp;&nbsp;&rArr;&nbsp;&nbsp;&nbsp;<a href="#[20]">DMACH1_IRQHandler</a><BR>
 <LI><a href="#[21]">DMACH2_IRQHandler</a>&nbsp;&nbsp;&nbsp;&rArr;&nbsp;&nbsp;&nbsp;<a href="#[21]">DMACH2_IRQHandler</a><BR>
 <LI><a href="#[22]">DMACH3_IRQHandler</a>&nbsp;&nbsp;&nbsp;&rArr;&nbsp;&nbsp;&nbsp;<a href="#[22]">DMACH3_IRQHandler</a><BR>
 <LI><a href="#[23]">DMACH4_IRQHandler</a>&nbsp;&nbsp;&nbsp;&rArr;&nbsp;&nbsp;&nbsp;<a href="#[23]">DMACH4_IRQHandler</a><BR>
 <LI><a href="#[24]">DMACH5_IRQHandler</a>&nbsp;&nbsp;&nbsp;&rArr;&nbsp;&nbsp;&nbsp;<a href="#[24]">DMACH5_IRQHandler</a><BR>
 <LI><a href="#[25]">DMACH6_IRQHandler</a>&nbsp;&nbsp;&nbsp;&rArr;&nbsp;&nbsp;&nbsp;<a href="#[25]">DMACH6_IRQHandler</a><BR>
 <LI><a href="#[26]">DMACH7_IRQHandler</a>&nbsp;&nbsp;&nbsp;&rArr;&nbsp;&nbsp;&nbsp;<a href="#[26]">DMACH7_IRQHandler</a><BR>
 <LI><a href="#[27]">DMACH8_IRQHandler</a>&nbsp;&nbsp;&nbsp;&rArr;&nbsp;&nbsp;&nbsp;<a href="#[27]">DMACH8_IRQHandler</a><BR>
 <LI><a href="#[28]">DMACH9_IRQHandler</a>&nbsp;&nbsp;&nbsp;&rArr;&nbsp;&nbsp;&nbsp;<a href="#[28]">DMACH9_IRQHandler</a><BR>
 <LI><a href="#[29]">TIMER0L_IRQHandler</a>&nbsp;&nbsp;&nbsp;&rArr;&nbsp;&nbsp;&nbsp;<a href="#[29]">TIMER0L_IRQHandler</a><BR>
 <LI><a href="#[2a]">TIMER0H_IRQHandler</a>&nbsp;&nbsp;&nbsp;&rArr;&nbsp;&nbsp;&nbsp;<a href="#[2a]">TIMER0H_IRQHandler</a><BR>
 <LI><a href="#[2b]">TIMER1L_IRQHandler</a>&nbsp;&nbsp;&nbsp;&rArr;&nbsp;&nbsp;&nbsp;<a href="#[2b]">TIMER1L_IRQHandler</a><BR>
 <LI><a href="#[2c]">TIMER1H_IRQHandler</a>&nbsp;&nbsp;&nbsp;&rArr;&nbsp;&nbsp;&nbsp;<a href="#[2c]">TIMER1H_IRQHandler</a><BR>
 <LI><a href="#[2d]">TIMER2L_IRQHandler</a>&nbsp;&nbsp;&nbsp;&rArr;&nbsp;&nbsp;&nbsp;<a href="#[2d]">TIMER2L_IRQHandler</a><BR>
 <LI><a href="#[2e]">TIMER2H_IRQHandler</a>&nbsp;&nbsp;&nbsp;&rArr;&nbsp;&nbsp;&nbsp;<a href="#[2e]">TIMER2H_IRQHandler</a><BR>
 <LI><a href="#[2f]">ACCTR0_IRQHandler</a>&nbsp;&nbsp;&nbsp;&rArr;&nbsp;&nbsp;&nbsp;<a href="#[2f]">ACCTR0_IRQHandler</a><BR>
 <LI><a href="#[30]">EPCA0_IRQHandler</a>&nbsp;&nbsp;&nbsp;&rArr;&nbsp;&nbsp;&nbsp;<a href="#[30]">EPCA0_IRQHandler</a><BR>
 <LI><a href="#[31]">USART0_IRQHandler</a>&nbsp;&nbsp;&nbsp;&rArr;&nbsp;&nbsp;&nbsp;<a href="#[31]">USART0_IRQHandler</a><BR>
 <LI><a href="#[33]">SPI0_IRQHandler</a>&nbsp;&nbsp;&nbsp;&rArr;&nbsp;&nbsp;&nbsp;<a href="#[33]">SPI0_IRQHandler</a><BR>
 <LI><a href="#[34]">SPI1_IRQHandler</a>&nbsp;&nbsp;&nbsp;&rArr;&nbsp;&nbsp;&nbsp;<a href="#[34]">SPI1_IRQHandler</a><BR>
 <LI><a href="#[35]">I2C0_IRQHandler</a>&nbsp;&nbsp;&nbsp;&rArr;&nbsp;&nbsp;&nbsp;<a href="#[35]">I2C0_IRQHandler</a><BR>
 <LI><a href="#[36]">SARADC0_IRQHandler</a>&nbsp;&nbsp;&nbsp;&rArr;&nbsp;&nbsp;&nbsp;<a href="#[36]">SARADC0_IRQHandler</a><BR>
 <LI><a href="#[37]">CMP0_IRQHandler</a>&nbsp;&nbsp;&nbsp;&rArr;&nbsp;&nbsp;&nbsp;<a href="#[37]">CMP0_IRQHandler</a><BR>
 <LI><a href="#[38]">CMP1_IRQHandler</a>&nbsp;&nbsp;&nbsp;&rArr;&nbsp;&nbsp;&nbsp;<a href="#[38]">CMP1_IRQHandler</a><BR>
 <LI><a href="#[39]">DTM0_IRQHandler</a>&nbsp;&nbsp;&nbsp;&rArr;&nbsp;&nbsp;&nbsp;<a href="#[39]">DTM0_IRQHandler</a><BR>
 <LI><a href="#[3a]">DTM1_IRQHandler</a>&nbsp;&nbsp;&nbsp;&rArr;&nbsp;&nbsp;&nbsp;<a href="#[3a]">DTM1_IRQHandler</a><BR>
 <LI><a href="#[3b]">DTM2_IRQHandler</a>&nbsp;&nbsp;&nbsp;&rArr;&nbsp;&nbsp;&nbsp;<a href="#[3b]">DTM2_IRQHandler</a><BR>
 <LI><a href="#[3c]">AES0_IRQHandler</a>&nbsp;&nbsp;&nbsp;&rArr;&nbsp;&nbsp;&nbsp;<a href="#[3c]">AES0_IRQHandler</a><BR>
 <LI><a href="#[3d]">ENCDEC0_IRQHandler</a>&nbsp;&nbsp;&nbsp;&rArr;&nbsp;&nbsp;&nbsp;<a href="#[3d]">ENCDEC0_IRQHandler</a><BR>
 <LI><a href="#[3f]">VDDLOW_IRQHandler</a>&nbsp;&nbsp;&nbsp;&rArr;&nbsp;&nbsp;&nbsp;<a href="#[3f]">VDDLOW_IRQHandler</a><BR>
 <LI><a href="#[40]">VCPFAIL_IRQHandler</a>&nbsp;&nbsp;&nbsp;&rArr;&nbsp;&nbsp;&nbsp;<a href="#[40]">VCPFAIL_IRQHandler</a><BR>
 <LI><a href="#[41]">DCDC_IRQHandler</a>&nbsp;&nbsp;&nbsp;&rArr;&nbsp;&nbsp;&nbsp;<a href="#[41]">DCDC_IRQHandler</a><BR>
 <LI><a href="#[43]">IDAC0_IRQHandler</a>&nbsp;&nbsp;&nbsp;&rArr;&nbsp;&nbsp;&nbsp;<a href="#[43]">IDAC0_IRQHandler</a><BR>
 <LI><a href="#[44]">PLL0_IRQHandler</a>&nbsp;&nbsp;&nbsp;&rArr;&nbsp;&nbsp;&nbsp;<a href="#[44]">PLL0_IRQHandler</a><BR>
</UL>
<P>
<H3>
Function Pointers
</H3><UL>
 <LI><a href="#[2f]">ACCTR0_IRQHandler</a> from startup_sim3l1xx_arm.o(.text) referenced from startup_sim3l1xx_arm.o(RESET)
 <LI><a href="#[3c]">AES0_IRQHandler</a> from startup_sim3l1xx_arm.o(.text) referenced from startup_sim3l1xx_arm.o(RESET)
 <LI><a href="#[13]">BusFault_Handler</a> from si32_system_it.o(.text) referenced from startup_sim3l1xx_arm.o(RESET)
 <LI><a href="#[37]">CMP0_IRQHandler</a> from startup_sim3l1xx_arm.o(.text) referenced from startup_sim3l1xx_arm.o(RESET)
 <LI><a href="#[38]">CMP1_IRQHandler</a> from startup_sim3l1xx_arm.o(.text) referenced from startup_sim3l1xx_arm.o(RESET)
 <LI><a href="#[41]">DCDC_IRQHandler</a> from startup_sim3l1xx_arm.o(.text) referenced from startup_sim3l1xx_arm.o(RESET)
 <LI><a href="#[1f]">DMACH0_IRQHandler</a> from startup_sim3l1xx_arm.o(.text) referenced from startup_sim3l1xx_arm.o(RESET)
 <LI><a href="#[20]">DMACH1_IRQHandler</a> from startup_sim3l1xx_arm.o(.text) referenced from startup_sim3l1xx_arm.o(RESET)
 <LI><a href="#[21]">DMACH2_IRQHandler</a> from startup_sim3l1xx_arm.o(.text) referenced from startup_sim3l1xx_arm.o(RESET)
 <LI><a href="#[22]">DMACH3_IRQHandler</a> from startup_sim3l1xx_arm.o(.text) referenced from startup_sim3l1xx_arm.o(RESET)
 <LI><a href="#[23]">DMACH4_IRQHandler</a> from startup_sim3l1xx_arm.o(.text) referenced from startup_sim3l1xx_arm.o(RESET)
 <LI><a href="#[24]">DMACH5_IRQHandler</a> from startup_sim3l1xx_arm.o(.text) referenced from startup_sim3l1xx_arm.o(RESET)
 <LI><a href="#[25]">DMACH6_IRQHandler</a> from startup_sim3l1xx_arm.o(.text) referenced from startup_sim3l1xx_arm.o(RESET)
 <LI><a href="#[26]">DMACH7_IRQHandler</a> from startup_sim3l1xx_arm.o(.text) referenced from startup_sim3l1xx_arm.o(RESET)
 <LI><a href="#[27]">DMACH8_IRQHandler</a> from startup_sim3l1xx_arm.o(.text) referenced from startup_sim3l1xx_arm.o(RESET)
 <LI><a href="#[28]">DMACH9_IRQHandler</a> from startup_sim3l1xx_arm.o(.text) referenced from startup_sim3l1xx_arm.o(RESET)
 <LI><a href="#[1e]">DMAERR_IRQHandler</a> from startup_sim3l1xx_arm.o(.text) referenced from startup_sim3l1xx_arm.o(RESET)
 <LI><a href="#[39]">DTM0_IRQHandler</a> from startup_sim3l1xx_arm.o(.text) referenced from startup_sim3l1xx_arm.o(RESET)
 <LI><a href="#[3a]">DTM1_IRQHandler</a> from startup_sim3l1xx_arm.o(.text) referenced from startup_sim3l1xx_arm.o(RESET)
 <LI><a href="#[3b]">DTM2_IRQHandler</a> from startup_sim3l1xx_arm.o(.text) referenced from startup_sim3l1xx_arm.o(RESET)
 <LI><a href="#[16]">DebugMon_Handler</a> from startup_sim3l1xx_arm.o(.text) referenced from startup_sim3l1xx_arm.o(RESET)
 <LI><a href="#[3d]">ENCDEC0_IRQHandler</a> from startup_sim3l1xx_arm.o(.text) referenced from startup_sim3l1xx_arm.o(RESET)
 <LI><a href="#[30]">EPCA0_IRQHandler</a> from startup_sim3l1xx_arm.o(.text) referenced from startup_sim3l1xx_arm.o(RESET)
 <LI><a href="#[11]">HardFault_Handler</a> from si32_system_it.o(.text) referenced from startup_sim3l1xx_arm.o(RESET)
 <LI><a href="#[35]">I2C0_IRQHandler</a> from startup_sim3l1xx_arm.o(.text) referenced from startup_sim3l1xx_arm.o(RESET)
 <LI><a href="#[43]">IDAC0_IRQHandler</a> from startup_sim3l1xx_arm.o(.text) referenced from startup_sim3l1xx_arm.o(RESET)
 <LI><a href="#[1d]">LPTIMER0_IRQHandler</a> from startup_sim3l1xx_arm.o(.text) referenced from startup_sim3l1xx_arm.o(RESET)
 <LI><a href="#[12]">MemManage_Handler</a> from si32_system_it.o(.text) referenced from startup_sim3l1xx_arm.o(RESET)
 <LI><a href="#[10]">NMI_Handler</a> from si32_system_it.o(.text) referenced from startup_sim3l1xx_arm.o(RESET)
 <LI><a href="#[1a]">PBEXT0_IRQHandler</a> from startup_sim3l1xx_arm.o(.text) referenced from startup_sim3l1xx_arm.o(RESET)
 <LI><a href="#[1b]">PBEXT1_IRQHandler</a> from startup_sim3l1xx_arm.o(.text) referenced from startup_sim3l1xx_arm.o(RESET)
 <LI><a href="#[44]">PLL0_IRQHandler</a> from startup_sim3l1xx_arm.o(.text) referenced from startup_sim3l1xx_arm.o(RESET)
 <LI><a href="#[42]">PMATCH_IRQHandler</a> from si32_system_it.o(.text) referenced from startup_sim3l1xx_arm.o(RESET)
 <LI><a href="#[17]">PendSV_Handler</a> from startup_sim3l1xx_arm.o(.text) referenced from startup_sim3l1xx_arm.o(RESET)
 <LI><a href="#[1c]">RTC0ALRM_IRQHandler</a> from si32_system_it.o(.text) referenced from startup_sim3l1xx_arm.o(RESET)
 <LI><a href="#[3e]">RTC0FAIL_IRQHandler</a> from si32_system_it.o(.text) referenced from startup_sim3l1xx_arm.o(RESET)
 <LI><a href="#[f]">Reset_Handler</a> from startup_sim3l1xx_arm.o(.text) referenced from startup_sim3l1xx_arm.o(RESET)
 <LI><a href="#[36]">SARADC0_IRQHandler</a> from startup_sim3l1xx_arm.o(.text) referenced from startup_sim3l1xx_arm.o(RESET)
 <LI><a href="#[33]">SPI0_IRQHandler</a> from startup_sim3l1xx_arm.o(.text) referenced from startup_sim3l1xx_arm.o(RESET)
 <LI><a href="#[34]">SPI1_IRQHandler</a> from startup_sim3l1xx_arm.o(.text) referenced from startup_sim3l1xx_arm.o(RESET)
 <LI><a href="#[15]">SVC_Handler</a> from startup_sim3l1xx_arm.o(.text) referenced from startup_sim3l1xx_arm.o(RESET)
 <LI><a href="#[18]">SysTick_Handler</a> from si32_system_it.o(.text) referenced from startup_sim3l1xx_arm.o(RESET)
 <LI><a href="#[45]">SystemInit</a> from system_sim3l1xx.o(.text) referenced from startup_sim3l1xx_arm.o(.text)
 <LI><a href="#[2a]">TIMER0H_IRQHandler</a> from startup_sim3l1xx_arm.o(.text) referenced from startup_sim3l1xx_arm.o(RESET)
 <LI><a href="#[29]">TIMER0L_IRQHandler</a> from startup_sim3l1xx_arm.o(.text) referenced from startup_sim3l1xx_arm.o(RESET)
 <LI><a href="#[2c]">TIMER1H_IRQHandler</a> from startup_sim3l1xx_arm.o(.text) referenced from startup_sim3l1xx_arm.o(RESET)
 <LI><a href="#[2b]">TIMER1L_IRQHandler</a> from startup_sim3l1xx_arm.o(.text) referenced from startup_sim3l1xx_arm.o(RESET)
 <LI><a href="#[2e]">TIMER2H_IRQHandler</a> from startup_sim3l1xx_arm.o(.text) referenced from startup_sim3l1xx_arm.o(RESET)
 <LI><a href="#[2d]">TIMER2L_IRQHandler</a> from startup_sim3l1xx_arm.o(.text) referenced from startup_sim3l1xx_arm.o(RESET)
 <LI><a href="#[32]">UART0_IRQHandler</a> from si32_system_it.o(.text) referenced from startup_sim3l1xx_arm.o(RESET)
 <LI><a href="#[31]">USART0_IRQHandler</a> from startup_sim3l1xx_arm.o(.text) referenced from startup_sim3l1xx_arm.o(RESET)
 <LI><a href="#[14]">UsageFault_Handler</a> from si32_system_it.o(.text) referenced from startup_sim3l1xx_arm.o(RESET)
 <LI><a href="#[40]">VCPFAIL_IRQHandler</a> from startup_sim3l1xx_arm.o(.text) referenced from startup_sim3l1xx_arm.o(RESET)
 <LI><a href="#[3f]">VDDLOW_IRQHandler</a> from startup_sim3l1xx_arm.o(.text) referenced from startup_sim3l1xx_arm.o(RESET)
 <LI><a href="#[19]">WDTIMER0_IRQHandler</a> from si32_system_it.o(.text) referenced from startup_sim3l1xx_arm.o(RESET)
 <LI><a href="#[49]">__main</a> from __main.o(!!!main) referenced from startup_sim3l1xx_arm.o(.text)
 <LI><a href="#[48]">_printf_input_char</a> from _printf_char_common.o(.text) referenced from _printf_char_common.o(.text)
 <LI><a href="#[47]">fputc</a> from retarget_arm.o(.text) referenced from _printf_char_file.o(.text)
 <LI><a href="#[128]">lora_get_pktrssi_register</a> from sx127x_radio.o(.text) referenced from sx127x_radio.o(.text)
 <LI><a href="#[127]">lora_get_rssi</a> from sx127x_radio.o(.text) referenced from sx127x_radio.o(.text)
 <LI><a href="#[124]">lora_get_rx_packet</a> from sx127x_radio.o(.text) referenced from sx127x_radio.o(.text)
 <LI><a href="#[121]">lora_init</a> from sx127x_radio.o(.text) referenced from sx127x_radio.o(.text)
 <LI><a href="#[122]">lora_reset</a> from sx127x_radio.o(.text) referenced from sx127x_radio.o(.text)
 <LI><a href="#[126]">lora_set_sleep_mode</a> from sx127x_radio.o(.text) referenced from sx127x_radio.o(.text)
 <LI><a href="#[125]">lora_set_tx_packet</a> from sx127x_radio.o(.text) referenced from sx127x_radio.o(.text)
 <LI><a href="#[129]">lora_start_cad</a> from sx127x_radio.o(.text) referenced from sx127x_radio.o(.text)
 <LI><a href="#[123]">lora_start_rx</a> from sx127x_radio.o(.text) referenced from sx127x_radio.o(.text)
 <LI><a href="#[7]">process_thread_analysis_process</a> from analysis_process.o(.text) referenced 2 times from analysis_process.o(.data)
 <LI><a href="#[8]">process_thread_cycle_work_process</a> from cycle_work_process.o(.text) referenced 2 times from cycle_work_process.o(.data)
 <LI><a href="#[a]">process_thread_data_download_process</a> from data_download_process.o(.text) referenced 2 times from data_download_process.o(.data)
 <LI><a href="#[4]">process_thread_etimer_process</a> from etimer.o(.text) referenced 2 times from etimer.o(.data)
 <LI><a href="#[5]">process_thread_key_process</a> from key_process.o(.text) referenced 2 times from key_process.o(.data)
 <LI><a href="#[6]">process_thread_led_process</a> from led_process.o(.text) referenced 2 times from led_process.o(.data)
 <LI><a href="#[b]">process_thread_quick_work_process</a> from quick_work_process.o(.text) referenced 2 times from quick_work_process.o(.data)
 <LI><a href="#[c]">process_thread_rf_transmit_process</a> from rf_transmit_process.o(.text) referenced 2 times from rf_transmit_process.o(.data)
 <LI><a href="#[9]">process_thread_sen_work_process</a> from sen_work_process.o(.text) referenced 2 times from sen_work_process.o(.data)
 <LI><a href="#[d]">process_thread_sensor_manager_process</a> from sensor_manager_process.o(.text) referenced 2 times from sensor_manager_process.o(.data)
 <LI><a href="#[e]">process_thread_sensor_rotonic_process</a> from sensor_rotonic_process.o(.text) referenced 2 times from sensor_rotonic_process.o(.data)
</UL>
<P>
<H3>
Global Symbols
</H3>
<P><STRONG><a name="[49]"></a>__main</STRONG> (Thumb, 8 bytes, Stack size 0 bytes, __main.o(!!!main))
<BR><BR>[Calls]<UL><LI><a href="#[4b]">&gt;&gt;</a>&nbsp;&nbsp;&nbsp;__rt_entry
<LI><a href="#[4a]">&gt;&gt;</a>&nbsp;&nbsp;&nbsp;__scatterload
</UL>

<P><STRONG><a name="[4a]"></a>__scatterload</STRONG> (Thumb, 0 bytes, Stack size unknown bytes, __scatter.o(!!!scatter))
<BR><BR>[Called By]<UL><LI><a href="#[49]">&gt;&gt;</a>&nbsp;&nbsp;&nbsp;__main
</UL>

<P><STRONG><a name="[4c]"></a>__scatterload_rt2</STRONG> (Thumb, 44 bytes, Stack size unknown bytes, __scatter.o(!!!scatter), UNUSED)
<BR><BR>[Calls]<UL><LI><a href="#[4b]">&gt;&gt;</a>&nbsp;&nbsp;&nbsp;__rt_entry
</UL>

<P><STRONG><a name="[27b]"></a>__scatterload_rt2_thumb_only</STRONG> (Thumb, 0 bytes, Stack size unknown bytes, __scatter.o(!!!scatter), UNUSED)

<P><STRONG><a name="[27c]"></a>__scatterload_null</STRONG> (Thumb, 0 bytes, Stack size unknown bytes, __scatter.o(!!!scatter), UNUSED)

<P><STRONG><a name="[27d]"></a>__decompress</STRONG> (Thumb, 100 bytes, Stack size unknown bytes, __dclz77c.o(!!dclz77c), UNUSED)

<P><STRONG><a name="[27e]"></a>__decompress2</STRONG> (Thumb, 0 bytes, Stack size unknown bytes, __dclz77c.o(!!dclz77c), UNUSED)

<P><STRONG><a name="[27f]"></a>__scatterload_zeroinit</STRONG> (Thumb, 28 bytes, Stack size unknown bytes, __scatter_zi.o(!!handler_zi), UNUSED)

<P><STRONG><a name="[4d]"></a>_printf_d</STRONG> (Thumb, 0 bytes, Stack size unknown bytes, _printf_d.o(.ARM.Collect$$_printf_percent$$00000009))
<BR><BR>[Stack]<UL><LI>Max Depth = 72 + Unknown Stack Size
<LI>Call Chain = _printf_d &rArr; _printf_int_dec &rArr; _printf_int_common &rArr; _printf_post_padding
</UL>
<BR>[Calls]<UL><LI><a href="#[4e]">&gt;&gt;</a>&nbsp;&nbsp;&nbsp;_printf_int_dec
</UL>

<P><STRONG><a name="[25a]"></a>_printf_percent</STRONG> (Thumb, 0 bytes, Stack size unknown bytes, _printf_percent.o(.ARM.Collect$$_printf_percent$$00000000))
<BR><BR>[Called By]<UL><LI><a href="#[258]">&gt;&gt;</a>&nbsp;&nbsp;&nbsp;__printf
</UL>

<P><STRONG><a name="[4f]"></a>_printf_x</STRONG> (Thumb, 0 bytes, Stack size unknown bytes, _printf_x.o(.ARM.Collect$$_printf_percent$$0000000C))
<BR><BR>[Stack]<UL><LI>Max Depth = 64 + Unknown Stack Size
<LI>Call Chain = _printf_x &rArr; _printf_int_hex &rArr; _printf_int_common &rArr; _printf_post_padding
</UL>
<BR>[Calls]<UL><LI><a href="#[50]">&gt;&gt;</a>&nbsp;&nbsp;&nbsp;_printf_int_hex
</UL>

<P><STRONG><a name="[280]"></a>_printf_percent_end</STRONG> (Thumb, 0 bytes, Stack size unknown bytes, _printf_percent_end.o(.ARM.Collect$$_printf_percent$$00000017))

<P><STRONG><a name="[54]"></a>__rt_lib_init</STRONG> (Thumb, 0 bytes, Stack size unknown bytes, libinit.o(.ARM.Collect$$libinit$$00000000))
<BR><BR>[Called By]<UL><LI><a href="#[53]">&gt;&gt;</a>&nbsp;&nbsp;&nbsp;__rt_entry_li
</UL>

<P><STRONG><a name="[281]"></a>__rt_lib_init_fp_1</STRONG> (Thumb, 0 bytes, Stack size unknown bytes, libinit2.o(.ARM.Collect$$libinit$$00000002))

<P><STRONG><a name="[282]"></a>__rt_lib_init_heap_1</STRONG> (Thumb, 0 bytes, Stack size unknown bytes, libinit2.o(.ARM.Collect$$libinit$$0000000A))

<P><STRONG><a name="[283]"></a>__rt_lib_init_preinit_1</STRONG> (Thumb, 0 bytes, Stack size unknown bytes, libinit2.o(.ARM.Collect$$libinit$$00000004))

<P><STRONG><a name="[51]"></a>__rt_lib_init_rand_2</STRONG> (Thumb, 0 bytes, Stack size unknown bytes, libinit2.o(.ARM.Collect$$libinit$$0000000D))
<BR><BR>[Stack]<UL><LI>Max Depth = 8 + Unknown Stack Size
<LI>Call Chain = __rt_lib_init_rand_2 &rArr; _rand_init &rArr; srand
</UL>
<BR>[Calls]<UL><LI><a href="#[52]">&gt;&gt;</a>&nbsp;&nbsp;&nbsp;_rand_init
</UL>

<P><STRONG><a name="[284]"></a>__rt_lib_init_user_alloc_1</STRONG> (Thumb, 0 bytes, Stack size unknown bytes, libinit2.o(.ARM.Collect$$libinit$$0000000C))

<P><STRONG><a name="[285]"></a>__rt_lib_init_alloca_1</STRONG> (Thumb, 0 bytes, Stack size unknown bytes, libinit2.o(.ARM.Collect$$libinit$$0000002E))

<P><STRONG><a name="[286]"></a>__rt_lib_init_argv_1</STRONG> (Thumb, 0 bytes, Stack size unknown bytes, libinit2.o(.ARM.Collect$$libinit$$0000002C))

<P><STRONG><a name="[287]"></a>__rt_lib_init_atexit_1</STRONG> (Thumb, 0 bytes, Stack size unknown bytes, libinit2.o(.ARM.Collect$$libinit$$0000001B))

<P><STRONG><a name="[288]"></a>__rt_lib_init_clock_1</STRONG> (Thumb, 0 bytes, Stack size unknown bytes, libinit2.o(.ARM.Collect$$libinit$$00000021))

<P><STRONG><a name="[289]"></a>__rt_lib_init_cpp_1</STRONG> (Thumb, 0 bytes, Stack size unknown bytes, libinit2.o(.ARM.Collect$$libinit$$00000032))

<P><STRONG><a name="[28a]"></a>__rt_lib_init_exceptions_1</STRONG> (Thumb, 0 bytes, Stack size unknown bytes, libinit2.o(.ARM.Collect$$libinit$$00000030))

<P><STRONG><a name="[28b]"></a>__rt_lib_init_fp_trap_1</STRONG> (Thumb, 0 bytes, Stack size unknown bytes, libinit2.o(.ARM.Collect$$libinit$$0000001F))

<P><STRONG><a name="[28c]"></a>__rt_lib_init_getenv_1</STRONG> (Thumb, 0 bytes, Stack size unknown bytes, libinit2.o(.ARM.Collect$$libinit$$00000023))

<P><STRONG><a name="[28d]"></a>__rt_lib_init_lc_collate_1</STRONG> (Thumb, 0 bytes, Stack size unknown bytes, libinit2.o(.ARM.Collect$$libinit$$00000011))

<P><STRONG><a name="[28e]"></a>__rt_lib_init_lc_ctype_1</STRONG> (Thumb, 0 bytes, Stack size unknown bytes, libinit2.o(.ARM.Collect$$libinit$$00000013))

<P><STRONG><a name="[28f]"></a>__rt_lib_init_lc_monetary_1</STRONG> (Thumb, 0 bytes, Stack size unknown bytes, libinit2.o(.ARM.Collect$$libinit$$00000015))

<P><STRONG><a name="[290]"></a>__rt_lib_init_lc_numeric_1</STRONG> (Thumb, 0 bytes, Stack size unknown bytes, libinit2.o(.ARM.Collect$$libinit$$00000017))

<P><STRONG><a name="[291]"></a>__rt_lib_init_lc_time_1</STRONG> (Thumb, 0 bytes, Stack size unknown bytes, libinit2.o(.ARM.Collect$$libinit$$00000019))

<P><STRONG><a name="[292]"></a>__rt_lib_init_rand_1</STRONG> (Thumb, 0 bytes, Stack size unknown bytes, libinit2.o(.ARM.Collect$$libinit$$0000000E))

<P><STRONG><a name="[293]"></a>__rt_lib_init_return</STRONG> (Thumb, 0 bytes, Stack size unknown bytes, libinit2.o(.ARM.Collect$$libinit$$00000033))

<P><STRONG><a name="[294]"></a>__rt_lib_init_signal_1</STRONG> (Thumb, 0 bytes, Stack size unknown bytes, libinit2.o(.ARM.Collect$$libinit$$0000001D))

<P><STRONG><a name="[295]"></a>__rt_lib_init_stdio_1</STRONG> (Thumb, 0 bytes, Stack size unknown bytes, libinit2.o(.ARM.Collect$$libinit$$00000025))

<P><STRONG><a name="[59]"></a>__rt_lib_shutdown</STRONG> (Thumb, 0 bytes, Stack size unknown bytes, libshutdown.o(.ARM.Collect$$libshutdown$$00000000))
<BR><BR>[Called By]<UL><LI><a href="#[58]">&gt;&gt;</a>&nbsp;&nbsp;&nbsp;__rt_exit_ls
</UL>

<P><STRONG><a name="[296]"></a>__rt_lib_shutdown_fp_trap_1</STRONG> (Thumb, 0 bytes, Stack size unknown bytes, libshutdown2.o(.ARM.Collect$$libshutdown$$00000006))

<P><STRONG><a name="[297]"></a>__rt_lib_shutdown_heap_1</STRONG> (Thumb, 0 bytes, Stack size unknown bytes, libshutdown2.o(.ARM.Collect$$libshutdown$$0000000E))

<P><STRONG><a name="[298]"></a>__rt_lib_shutdown_return</STRONG> (Thumb, 0 bytes, Stack size unknown bytes, libshutdown2.o(.ARM.Collect$$libshutdown$$0000000F))

<P><STRONG><a name="[299]"></a>__rt_lib_shutdown_signal_1</STRONG> (Thumb, 0 bytes, Stack size unknown bytes, libshutdown2.o(.ARM.Collect$$libshutdown$$00000009))

<P><STRONG><a name="[29a]"></a>__rt_lib_shutdown_stdio_1</STRONG> (Thumb, 0 bytes, Stack size unknown bytes, libshutdown2.o(.ARM.Collect$$libshutdown$$00000003))

<P><STRONG><a name="[29b]"></a>__rt_lib_shutdown_user_alloc_1</STRONG> (Thumb, 0 bytes, Stack size unknown bytes, libshutdown2.o(.ARM.Collect$$libshutdown$$0000000B))

<P><STRONG><a name="[4b]"></a>__rt_entry</STRONG> (Thumb, 0 bytes, Stack size unknown bytes, __rtentry.o(.ARM.Collect$$rtentry$$00000000))
<BR><BR>[Called By]<UL><LI><a href="#[49]">&gt;&gt;</a>&nbsp;&nbsp;&nbsp;__main
<LI><a href="#[4c]">&gt;&gt;</a>&nbsp;&nbsp;&nbsp;__scatterload_rt2
</UL>

<P><STRONG><a name="[29c]"></a>__rt_entry_presh_1</STRONG> (Thumb, 0 bytes, Stack size unknown bytes, __rtentry2.o(.ARM.Collect$$rtentry$$00000002))

<P><STRONG><a name="[29d]"></a>__rt_entry_sh</STRONG> (Thumb, 0 bytes, Stack size unknown bytes, __rtentry7.o(.ARM.Collect$$rtentry$$00000007))

<P><STRONG><a name="[53]"></a>__rt_entry_li</STRONG> (Thumb, 0 bytes, Stack size unknown bytes, __rtentry2.o(.ARM.Collect$$rtentry$$0000000A))
<BR><BR>[Calls]<UL><LI><a href="#[54]">&gt;&gt;</a>&nbsp;&nbsp;&nbsp;__rt_lib_init
</UL>

<P><STRONG><a name="[29e]"></a>__rt_entry_postsh_1</STRONG> (Thumb, 0 bytes, Stack size unknown bytes, __rtentry2.o(.ARM.Collect$$rtentry$$00000009))

<P><STRONG><a name="[55]"></a>__rt_entry_main</STRONG> (Thumb, 0 bytes, Stack size unknown bytes, __rtentry2.o(.ARM.Collect$$rtentry$$0000000D))
<BR><BR>[Stack]<UL><LI>Max Depth = 148 + Unknown Stack Size
<LI>Call Chain = __rt_entry_main &rArr; main &rArr; system_init_from_reset &rArr; storage_init &rArr; storage_check_stack &rArr; flash_tat_read_data &rArr; flash_tat_check_idle &rArr; flash_tat_get_status &rArr; flash_hal_read_buff
</UL>
<BR>[Calls]<UL><LI><a href="#[56]">&gt;&gt;</a>&nbsp;&nbsp;&nbsp;main
<LI><a href="#[57]">&gt;&gt;</a>&nbsp;&nbsp;&nbsp;exit
</UL>

<P><STRONG><a name="[29f]"></a>__rt_entry_postli_1</STRONG> (Thumb, 0 bytes, Stack size unknown bytes, __rtentry2.o(.ARM.Collect$$rtentry$$0000000C))

<P><STRONG><a name="[264]"></a>__rt_exit</STRONG> (Thumb, 0 bytes, Stack size unknown bytes, rtexit.o(.ARM.Collect$$rtexit$$00000000))
<BR><BR>[Called By]<UL><LI><a href="#[57]">&gt;&gt;</a>&nbsp;&nbsp;&nbsp;exit
</UL>

<P><STRONG><a name="[58]"></a>__rt_exit_ls</STRONG> (Thumb, 0 bytes, Stack size unknown bytes, rtexit2.o(.ARM.Collect$$rtexit$$00000003))
<BR><BR>[Calls]<UL><LI><a href="#[59]">&gt;&gt;</a>&nbsp;&nbsp;&nbsp;__rt_lib_shutdown
</UL>

<P><STRONG><a name="[2a0]"></a>__rt_exit_prels_1</STRONG> (Thumb, 0 bytes, Stack size unknown bytes, rtexit2.o(.ARM.Collect$$rtexit$$00000002))

<P><STRONG><a name="[5a]"></a>__rt_exit_exit</STRONG> (Thumb, 0 bytes, Stack size unknown bytes, rtexit2.o(.ARM.Collect$$rtexit$$00000004))
<BR><BR>[Calls]<UL><LI><a href="#[5b]">&gt;&gt;</a>&nbsp;&nbsp;&nbsp;_sys_exit
</UL>

<P><STRONG><a name="[2a1]"></a>__asm___7_delay_c_delayXms____REV16</STRONG> (Thumb, 4 bytes, Stack size 0 bytes, delay.o(.emb_text), UNUSED)

<P><STRONG><a name="[2a2]"></a>__asm___7_delay_c_delayXms____REVSH</STRONG> (Thumb, 4 bytes, Stack size 0 bytes, delay.o(.emb_text), UNUSED)

<P><STRONG><a name="[b6]"></a>delay_us</STRONG> (Thumb, 32 bytes, Stack size 0 bytes, delay.o(.emb_text))
<BR><BR>[Called By]<UL><LI><a href="#[b5]">&gt;&gt;</a>&nbsp;&nbsp;&nbsp;delay_Xus
</UL>

<P><STRONG><a name="[2a3]"></a>__asm___16_sensor_iv_boot_c_64f1307a____REV16</STRONG> (Thumb, 4 bytes, Stack size 0 bytes, sensor_iv_boot.o(.emb_text), UNUSED)

<P><STRONG><a name="[2a4]"></a>__asm___16_sensor_iv_boot_c_64f1307a____REVSH</STRONG> (Thumb, 4 bytes, Stack size 0 bytes, sensor_iv_boot.o(.emb_text), UNUSED)

<P><STRONG><a name="[15e]"></a>user_app_jump</STRONG> (Thumb, 12 bytes, Stack size 0 bytes, sensor_iv_boot.o(.emb_text))
<BR><BR>[Called By]<UL><LI><a href="#[15c]">&gt;&gt;</a>&nbsp;&nbsp;&nbsp;broadcast_reboot
</UL>

<P><STRONG><a name="[b9]"></a>rand</STRONG> (Thumb, 48 bytes, Stack size 0 bytes, rand.o(.emb_text))
<BR><BR>[Called By]<UL><LI><a href="#[c2]">&gt;&gt;</a>&nbsp;&nbsp;&nbsp;get_rand_time32
<LI><a href="#[bf]">&gt;&gt;</a>&nbsp;&nbsp;&nbsp;get_rand_time
<LI><a href="#[b8]">&gt;&gt;</a>&nbsp;&nbsp;&nbsp;random
<LI><a href="#[1c7]">&gt;&gt;</a>&nbsp;&nbsp;&nbsp;get_rand_transmit_time
<LI><a href="#[1c6]">&gt;&gt;</a>&nbsp;&nbsp;&nbsp;generate_random_transmit_event
</UL>

<P><STRONG><a name="[56]"></a>main</STRONG> (Thumb, 80 bytes, Stack size 0 bytes, main.o(.text))
<BR><BR>[Stack]<UL><LI>Max Depth = 148<LI>Call Chain = main &rArr; system_init_from_reset &rArr; storage_init &rArr; storage_check_stack &rArr; flash_tat_read_data &rArr; flash_tat_check_idle &rArr; flash_tat_get_status &rArr; flash_hal_read_buff
</UL>
<BR>[Calls]<UL><LI><a href="#[65]">&gt;&gt;</a>&nbsp;&nbsp;&nbsp;wdtimer_start
<LI><a href="#[68]">&gt;&gt;</a>&nbsp;&nbsp;&nbsp;wdtimer_reset
<LI><a href="#[5c]">&gt;&gt;</a>&nbsp;&nbsp;&nbsp;system_init_from_reset
<LI><a href="#[66]">&gt;&gt;</a>&nbsp;&nbsp;&nbsp;set_current_time
<LI><a href="#[5f]">&gt;&gt;</a>&nbsp;&nbsp;&nbsp;sensor_sixteen_buffer_init
<LI><a href="#[5d]">&gt;&gt;</a>&nbsp;&nbsp;&nbsp;sensor_parameter_init
<LI><a href="#[69]">&gt;&gt;</a>&nbsp;&nbsp;&nbsp;sensor_iv_low_power_manager
<LI><a href="#[5e]">&gt;&gt;</a>&nbsp;&nbsp;&nbsp;radio_driver_init
<LI><a href="#[61]">&gt;&gt;</a>&nbsp;&nbsp;&nbsp;process_start
<LI><a href="#[67]">&gt;&gt;</a>&nbsp;&nbsp;&nbsp;process_run
<LI><a href="#[63]">&gt;&gt;</a>&nbsp;&nbsp;&nbsp;process_post
<LI><a href="#[60]">&gt;&gt;</a>&nbsp;&nbsp;&nbsp;process_init
<LI><a href="#[64]">&gt;&gt;</a>&nbsp;&nbsp;&nbsp;pmatch_enable
<LI><a href="#[62]">&gt;&gt;</a>&nbsp;&nbsp;&nbsp;autostart_start
</UL>
<BR>[Called By]<UL><LI><a href="#[55]">&gt;&gt;</a>&nbsp;&nbsp;&nbsp;__rt_entry_main
</UL>

<P><STRONG><a name="[6a]"></a>halt</STRONG> (Thumb, 4 bytes, Stack size 0 bytes, si32_system_it.o(.text))
<BR><BR>[Called By]<UL><LI><a href="#[14]">&gt;&gt;</a>&nbsp;&nbsp;&nbsp;UsageFault_Handler
<LI><a href="#[13]">&gt;&gt;</a>&nbsp;&nbsp;&nbsp;BusFault_Handler
<LI><a href="#[12]">&gt;&gt;</a>&nbsp;&nbsp;&nbsp;MemManage_Handler
<LI><a href="#[11]">&gt;&gt;</a>&nbsp;&nbsp;&nbsp;HardFault_Handler
<LI><a href="#[10]">&gt;&gt;</a>&nbsp;&nbsp;&nbsp;NMI_Handler
</UL>

<P><STRONG><a name="[18]"></a>SysTick_Handler</STRONG> (Thumb, 2 bytes, Stack size 0 bytes, si32_system_it.o(.text))
<BR>[Address Reference Count : 1]<UL><LI> startup_sim3l1xx_arm.o(RESET)
</UL>
<P><STRONG><a name="[10]"></a>NMI_Handler</STRONG> (Thumb, 4 bytes, Stack size 0 bytes, si32_system_it.o(.text))
<BR><BR>[Calls]<UL><LI><a href="#[6a]">&gt;&gt;</a>&nbsp;&nbsp;&nbsp;halt
</UL>
<BR>[Address Reference Count : 1]<UL><LI> startup_sim3l1xx_arm.o(RESET)
</UL>
<P><STRONG><a name="[11]"></a>HardFault_Handler</STRONG> (Thumb, 16 bytes, Stack size 0 bytes, si32_system_it.o(.text))
<BR><BR>[Calls]<UL><LI><a href="#[6a]">&gt;&gt;</a>&nbsp;&nbsp;&nbsp;halt
</UL>
<BR>[Address Reference Count : 1]<UL><LI> startup_sim3l1xx_arm.o(RESET)
</UL>
<P><STRONG><a name="[12]"></a>MemManage_Handler</STRONG> (Thumb, 4 bytes, Stack size 0 bytes, si32_system_it.o(.text))
<BR><BR>[Calls]<UL><LI><a href="#[6a]">&gt;&gt;</a>&nbsp;&nbsp;&nbsp;halt
</UL>
<BR>[Address Reference Count : 1]<UL><LI> startup_sim3l1xx_arm.o(RESET)
</UL>
<P><STRONG><a name="[13]"></a>BusFault_Handler</STRONG> (Thumb, 4 bytes, Stack size 0 bytes, si32_system_it.o(.text))
<BR><BR>[Calls]<UL><LI><a href="#[6a]">&gt;&gt;</a>&nbsp;&nbsp;&nbsp;halt
</UL>
<BR>[Address Reference Count : 1]<UL><LI> startup_sim3l1xx_arm.o(RESET)
</UL>
<P><STRONG><a name="[14]"></a>UsageFault_Handler</STRONG> (Thumb, 4 bytes, Stack size 0 bytes, si32_system_it.o(.text))
<BR><BR>[Calls]<UL><LI><a href="#[6a]">&gt;&gt;</a>&nbsp;&nbsp;&nbsp;halt
</UL>
<BR>[Address Reference Count : 1]<UL><LI> startup_sim3l1xx_arm.o(RESET)
</UL>
<P><STRONG><a name="[1c]"></a>RTC0ALRM_IRQHandler</STRONG> (Thumb, 106 bytes, Stack size 8 bytes, si32_system_it.o(.text))
<BR><BR>[Stack]<UL><LI>Max Depth = 152 + Unknown Stack Size
<LI>Call Chain = RTC0ALRM_IRQHandler &rArr; __2printf &rArr; _printf_char_file &rArr; _printf_char_common &rArr; __printf
</UL>
<BR>[Calls]<UL><LI><a href="#[6e]">&gt;&gt;</a>&nbsp;&nbsp;&nbsp;__2printf
<LI><a href="#[6b]">&gt;&gt;</a>&nbsp;&nbsp;&nbsp;get_rtc_counter_value
<LI><a href="#[6f]">&gt;&gt;</a>&nbsp;&nbsp;&nbsp;etimer_request_poll
<LI><a href="#[6c]">&gt;&gt;</a>&nbsp;&nbsp;&nbsp;etimer_pending
<LI><a href="#[6d]">&gt;&gt;</a>&nbsp;&nbsp;&nbsp;etimer_next_expiration_time
</UL>
<BR>[Address Reference Count : 1]<UL><LI> startup_sim3l1xx_arm.o(RESET)
</UL>
<P><STRONG><a name="[3e]"></a>RTC0FAIL_IRQHandler</STRONG> (Thumb, 4 bytes, Stack size 0 bytes, si32_system_it.o(.text))
<BR>[Address Reference Count : 1]<UL><LI> startup_sim3l1xx_arm.o(RESET)
</UL>
<P><STRONG><a name="[42]"></a>PMATCH_IRQHandler</STRONG> (Thumb, 152 bytes, Stack size 16 bytes, si32_system_it.o(.text))
<BR><BR>[Stack]<UL><LI>Max Depth = 176 + Unknown Stack Size
<LI>Call Chain = PMATCH_IRQHandler &rArr; DIO0_handler &rArr; __2printf &rArr; _printf_char_file &rArr; _printf_char_common &rArr; __printf
</UL>
<BR>[Calls]<UL><LI><a href="#[71]">&gt;&gt;</a>&nbsp;&nbsp;&nbsp;process_post_synch
<LI><a href="#[72]">&gt;&gt;</a>&nbsp;&nbsp;&nbsp;DIO0_handler
<LI><a href="#[70]">&gt;&gt;</a>&nbsp;&nbsp;&nbsp;NVIC_ClearPendingIRQ
</UL>
<BR>[Address Reference Count : 1]<UL><LI> startup_sim3l1xx_arm.o(RESET)
</UL>
<P><STRONG><a name="[19]"></a>WDTIMER0_IRQHandler</STRONG> (Thumb, 36 bytes, Stack size 0 bytes, si32_system_it.o(.text))
<BR>[Address Reference Count : 1]<UL><LI> startup_sim3l1xx_arm.o(RESET)
</UL>
<P><STRONG><a name="[32]"></a>UART0_IRQHandler</STRONG> (Thumb, 122 bytes, Stack size 8 bytes, si32_system_it.o(.text))
<BR><BR>[Stack]<UL><LI>Max Depth = 32<LI>Call Chain = UART0_IRQHandler &rArr; rotonic_rec_data &rArr; uart_rx_disable &rArr; uart_interrupt_disable
</UL>
<BR>[Calls]<UL><LI><a href="#[73]">&gt;&gt;</a>&nbsp;&nbsp;&nbsp;rotonic_rec_data
</UL>
<BR>[Address Reference Count : 1]<UL><LI> startup_sim3l1xx_arm.o(RESET)
</UL>
<P><STRONG><a name="[5c]"></a>system_init_from_reset</STRONG> (Thumb, 74 bytes, Stack size 8 bytes, si32_system_init.o(.text))
<BR><BR>[Stack]<UL><LI>Max Depth = 148<LI>Call Chain = system_init_from_reset &rArr; storage_init &rArr; storage_check_stack &rArr; flash_tat_read_data &rArr; flash_tat_check_idle &rArr; flash_tat_get_status &rArr; flash_hal_read_buff
</UL>
<BR>[Calls]<UL><LI><a href="#[83]">&gt;&gt;</a>&nbsp;&nbsp;&nbsp;wdtimer_stop
<LI><a href="#[7a]">&gt;&gt;</a>&nbsp;&nbsp;&nbsp;wdtimer_init
<LI><a href="#[74]">&gt;&gt;</a>&nbsp;&nbsp;&nbsp;sysclk_init_from_reset
<LI><a href="#[7b]">&gt;&gt;</a>&nbsp;&nbsp;&nbsp;storage_init
<LI><a href="#[7e]">&gt;&gt;</a>&nbsp;&nbsp;&nbsp;rtc_init
<LI><a href="#[77]">&gt;&gt;</a>&nbsp;&nbsp;&nbsp;rstsrc_init
<LI><a href="#[76]">&gt;&gt;</a>&nbsp;&nbsp;&nbsp;port_init
<LI><a href="#[79]">&gt;&gt;</a>&nbsp;&nbsp;&nbsp;pmu_set
<LI><a href="#[80]">&gt;&gt;</a>&nbsp;&nbsp;&nbsp;pmatch_init
<LI><a href="#[7f]">&gt;&gt;</a>&nbsp;&nbsp;&nbsp;open_debug
<LI><a href="#[81]">&gt;&gt;</a>&nbsp;&nbsp;&nbsp;internal_adc_init
<LI><a href="#[7c]">&gt;&gt;</a>&nbsp;&nbsp;&nbsp;download_data_init
<LI><a href="#[75]">&gt;&gt;</a>&nbsp;&nbsp;&nbsp;debug_output_enable
<LI><a href="#[7d]">&gt;&gt;</a>&nbsp;&nbsp;&nbsp;broadcast_program_init
<LI><a href="#[82]">&gt;&gt;</a>&nbsp;&nbsp;&nbsp;battery_init
<LI><a href="#[78]">&gt;&gt;</a>&nbsp;&nbsp;&nbsp;DCDC_SET
<LI><a href="#[68]">&gt;&gt;</a>&nbsp;&nbsp;&nbsp;wdtimer_reset
</UL>
<BR>[Called By]<UL><LI><a href="#[56]">&gt;&gt;</a>&nbsp;&nbsp;&nbsp;main
</UL>

<P><STRONG><a name="[72]"></a>DIO0_handler</STRONG> (Thumb, 128 bytes, Stack size 16 bytes, dio_handler.o(.text))
<BR><BR>[Stack]<UL><LI>Max Depth = 160 + Unknown Stack Size
<LI>Call Chain = DIO0_handler &rArr; __2printf &rArr; _printf_char_file &rArr; _printf_char_common &rArr; __printf
</UL>
<BR>[Calls]<UL><LI><a href="#[6e]">&gt;&gt;</a>&nbsp;&nbsp;&nbsp;__2printf
<LI><a href="#[84]">&gt;&gt;</a>&nbsp;&nbsp;&nbsp;spi1_init_from_wakeup
<LI><a href="#[87]">&gt;&gt;</a>&nbsp;&nbsp;&nbsp;receive_payload
<LI><a href="#[88]">&gt;&gt;</a>&nbsp;&nbsp;&nbsp;get_rtc_time
<LI><a href="#[86]">&gt;&gt;</a>&nbsp;&nbsp;&nbsp;SX1276_Write
<LI><a href="#[85]">&gt;&gt;</a>&nbsp;&nbsp;&nbsp;SX1276_Read
</UL>
<BR>[Called By]<UL><LI><a href="#[42]">&gt;&gt;</a>&nbsp;&nbsp;&nbsp;PMATCH_IRQHandler
</UL>

<P><STRONG><a name="[1b0]"></a>init_low_power_parameter</STRONG> (Thumb, 22 bytes, Stack size 0 bytes, power_manager.o(.text))
<BR><BR>[Called By]<UL><LI><a href="#[8]">&gt;&gt;</a>&nbsp;&nbsp;&nbsp;process_thread_cycle_work_process
</UL>

<P><STRONG><a name="[1af]"></a>slep_low_power_parameter</STRONG> (Thumb, 24 bytes, Stack size 0 bytes, power_manager.o(.text))
<BR><BR>[Called By]<UL><LI><a href="#[8]">&gt;&gt;</a>&nbsp;&nbsp;&nbsp;process_thread_cycle_work_process
</UL>

<P><STRONG><a name="[89]"></a>rf_enter_sleep</STRONG> (Thumb, 14 bytes, Stack size 8 bytes, power_manager.o(.text))
<BR><BR>[Stack]<UL><LI>Max Depth = 12<LI>Call Chain = rf_enter_sleep &rArr; pb_setting_before_sleep_end_rf_operation
</UL>
<BR>[Calls]<UL><LI><a href="#[8a]">&gt;&gt;</a>&nbsp;&nbsp;&nbsp;pb_setting_before_sleep_end_rf_operation
</UL>
<BR>[Called By]<UL><LI><a href="#[69]">&gt;&gt;</a>&nbsp;&nbsp;&nbsp;sensor_iv_low_power_manager
</UL>

<P><STRONG><a name="[8b]"></a>ext_flash_enter_sleep</STRONG> (Thumb, 12 bytes, Stack size 8 bytes, power_manager.o(.text))
<BR><BR>[Stack]<UL><LI>Max Depth = 60<LI>Call Chain = ext_flash_enter_sleep &rArr; flash_tat_into_sleep &rArr; flash_tat_check_idle &rArr; flash_tat_get_status &rArr; flash_hal_read_buff
</UL>
<BR>[Calls]<UL><LI><a href="#[8d]">&gt;&gt;</a>&nbsp;&nbsp;&nbsp;pb_setting_before_sleep_end_ext_flash_operation
<LI><a href="#[8c]">&gt;&gt;</a>&nbsp;&nbsp;&nbsp;flash_tat_into_sleep
</UL>
<BR>[Called By]<UL><LI><a href="#[69]">&gt;&gt;</a>&nbsp;&nbsp;&nbsp;sensor_iv_low_power_manager
</UL>

<P><STRONG><a name="[8e]"></a>mcu_enter_sleep_common</STRONG> (Thumb, 134 bytes, Stack size 8 bytes, power_manager.o(.text))
<BR><BR>[Stack]<UL><LI>Max Depth = 48<LI>Call Chain = mcu_enter_sleep_common &rArr; ext_flash_spi_init_from_wakeup &rArr; ext_flash_spi_init &rArr; get_ext_flash_clkdiv
</UL>
<BR>[Calls]<UL><LI><a href="#[83]">&gt;&gt;</a>&nbsp;&nbsp;&nbsp;wdtimer_stop
<LI><a href="#[65]">&gt;&gt;</a>&nbsp;&nbsp;&nbsp;wdtimer_start
<LI><a href="#[68]">&gt;&gt;</a>&nbsp;&nbsp;&nbsp;wdtimer_reset
<LI><a href="#[90]">&gt;&gt;</a>&nbsp;&nbsp;&nbsp;process_nevents
<LI><a href="#[93]">&gt;&gt;</a>&nbsp;&nbsp;&nbsp;pb_setting_none_sleep_end_uart_or_usart
<LI><a href="#[92]">&gt;&gt;</a>&nbsp;&nbsp;&nbsp;pb_setting_from_wakeup
<LI><a href="#[8f]">&gt;&gt;</a>&nbsp;&nbsp;&nbsp;pb_setting_before_sleep_common
<LI><a href="#[91]">&gt;&gt;</a>&nbsp;&nbsp;&nbsp;ext_flash_spi_init_from_wakeup
<LI><a href="#[94]">&gt;&gt;</a>&nbsp;&nbsp;&nbsp;enable_pullup_from_wakeup
<LI><a href="#[84]">&gt;&gt;</a>&nbsp;&nbsp;&nbsp;spi1_init_from_wakeup
</UL>
<BR>[Called By]<UL><LI><a href="#[69]">&gt;&gt;</a>&nbsp;&nbsp;&nbsp;sensor_iv_low_power_manager
</UL>

<P><STRONG><a name="[95]"></a>check_etimer</STRONG> (Thumb, 38 bytes, Stack size 16 bytes, power_manager.o(.text))
<BR><BR>[Stack]<UL><LI>Max Depth = 20<LI>Call Chain = check_etimer &rArr; etimer_next_expiration_time
</UL>
<BR>[Calls]<UL><LI><a href="#[6b]">&gt;&gt;</a>&nbsp;&nbsp;&nbsp;get_rtc_counter_value
<LI><a href="#[6c]">&gt;&gt;</a>&nbsp;&nbsp;&nbsp;etimer_pending
<LI><a href="#[6d]">&gt;&gt;</a>&nbsp;&nbsp;&nbsp;etimer_next_expiration_time
</UL>
<BR>[Called By]<UL><LI><a href="#[69]">&gt;&gt;</a>&nbsp;&nbsp;&nbsp;sensor_iv_low_power_manager
</UL>

<P><STRONG><a name="[69]"></a>sensor_iv_low_power_manager</STRONG> (Thumb, 182 bytes, Stack size 8 bytes, power_manager.o(.text))
<BR><BR>[Stack]<UL><LI>Max Depth = 68<LI>Call Chain = sensor_iv_low_power_manager &rArr; ext_flash_enter_sleep &rArr; flash_tat_into_sleep &rArr; flash_tat_check_idle &rArr; flash_tat_get_status &rArr; flash_hal_read_buff
</UL>
<BR>[Calls]<UL><LI><a href="#[90]">&gt;&gt;</a>&nbsp;&nbsp;&nbsp;process_nevents
<LI><a href="#[9a]">&gt;&gt;</a>&nbsp;&nbsp;&nbsp;pmu_close
<LI><a href="#[93]">&gt;&gt;</a>&nbsp;&nbsp;&nbsp;pb_setting_none_sleep_end_uart_or_usart
<LI><a href="#[96]">&gt;&gt;</a>&nbsp;&nbsp;&nbsp;pb_setting_before_sleep_end_uart_or_usart
<LI><a href="#[98]">&gt;&gt;</a>&nbsp;&nbsp;&nbsp;pb_setting_before_sleep_end_sensor_power
<LI><a href="#[99]">&gt;&gt;</a>&nbsp;&nbsp;&nbsp;pb_setting_before_sleep_end_adc_power
<LI><a href="#[97]">&gt;&gt;</a>&nbsp;&nbsp;&nbsp;pb_setting_before_sleep_end_485
<LI><a href="#[95]">&gt;&gt;</a>&nbsp;&nbsp;&nbsp;check_etimer
<LI><a href="#[8e]">&gt;&gt;</a>&nbsp;&nbsp;&nbsp;mcu_enter_sleep_common
<LI><a href="#[8b]">&gt;&gt;</a>&nbsp;&nbsp;&nbsp;ext_flash_enter_sleep
<LI><a href="#[89]">&gt;&gt;</a>&nbsp;&nbsp;&nbsp;rf_enter_sleep
</UL>
<BR>[Called By]<UL><LI><a href="#[56]">&gt;&gt;</a>&nbsp;&nbsp;&nbsp;main
</UL>

<P><STRONG><a name="[62]"></a>autostart_start</STRONG> (Thumb, 30 bytes, Stack size 16 bytes, autostart.o(.text))
<BR><BR>[Stack]<UL><LI>Max Depth = 104<LI>Call Chain = autostart_start &rArr; process_start &rArr; process_post_synch &rArr; call_process &rArr; exit_process &rArr;  call_process (Cycle)
</UL>
<BR>[Calls]<UL><LI><a href="#[61]">&gt;&gt;</a>&nbsp;&nbsp;&nbsp;process_start
</UL>
<BR>[Called By]<UL><LI><a href="#[56]">&gt;&gt;</a>&nbsp;&nbsp;&nbsp;main
</UL>

<P><STRONG><a name="[9b]"></a>autostart_exit</STRONG> (Thumb, 28 bytes, Stack size 16 bytes, autostart.o(.text), UNUSED)
<BR><BR>[Calls]<UL><LI><a href="#[9c]">&gt;&gt;</a>&nbsp;&nbsp;&nbsp;process_exit
</UL>

<P><STRONG><a name="[6f]"></a>etimer_request_poll</STRONG> (Thumb, 10 bytes, Stack size 8 bytes, etimer.o(.text))
<BR><BR>[Stack]<UL><LI>Max Depth = 8<LI>Call Chain = etimer_request_poll
</UL>
<BR>[Calls]<UL><LI><a href="#[a0]">&gt;&gt;</a>&nbsp;&nbsp;&nbsp;process_poll
</UL>
<BR>[Called By]<UL><LI><a href="#[1c]">&gt;&gt;</a>&nbsp;&nbsp;&nbsp;RTC0ALRM_IRQHandler
<LI><a href="#[a2]">&gt;&gt;</a>&nbsp;&nbsp;&nbsp;add_timer
<LI><a href="#[4]">&gt;&gt;</a>&nbsp;&nbsp;&nbsp;process_thread_etimer_process
</UL>

<P><STRONG><a name="[a3]"></a>etimer_set</STRONG> (Thumb, 40 bytes, Stack size 16 bytes, etimer.o(.text))
<BR><BR>[Stack]<UL><LI>Max Depth = 56<LI>Call Chain = etimer_set &rArr; add_timer &rArr; update_time &rArr; clock_time
</UL>
<BR>[Calls]<UL><LI><a href="#[a6]">&gt;&gt;</a>&nbsp;&nbsp;&nbsp;timer_set
<LI><a href="#[a5]">&gt;&gt;</a>&nbsp;&nbsp;&nbsp;__set_PRIMASK
<LI><a href="#[a4]">&gt;&gt;</a>&nbsp;&nbsp;&nbsp;__get_PRIMASK
<LI><a href="#[a2]">&gt;&gt;</a>&nbsp;&nbsp;&nbsp;add_timer
</UL>
<BR>[Called By]<UL><LI><a href="#[1c8]">&gt;&gt;</a>&nbsp;&nbsp;&nbsp;init_transmit_moment_event
<LI><a href="#[1c6]">&gt;&gt;</a>&nbsp;&nbsp;&nbsp;generate_random_transmit_event
<LI><a href="#[1c4]">&gt;&gt;</a>&nbsp;&nbsp;&nbsp;sensor_process_transmit
<LI><a href="#[1c3]">&gt;&gt;</a>&nbsp;&nbsp;&nbsp;transmit_event
<LI><a href="#[1bd]">&gt;&gt;</a>&nbsp;&nbsp;&nbsp;transmit_sensor_data_timeout_event
<LI><a href="#[1bb]">&gt;&gt;</a>&nbsp;&nbsp;&nbsp;transmit_sensor_history_payload_timeout_event
<LI><a href="#[c]">&gt;&gt;</a>&nbsp;&nbsp;&nbsp;process_thread_rf_transmit_process
<LI><a href="#[b]">&gt;&gt;</a>&nbsp;&nbsp;&nbsp;process_thread_quick_work_process
<LI><a href="#[a]">&gt;&gt;</a>&nbsp;&nbsp;&nbsp;process_thread_data_download_process
<LI><a href="#[9]">&gt;&gt;</a>&nbsp;&nbsp;&nbsp;process_thread_sen_work_process
<LI><a href="#[1a0]">&gt;&gt;</a>&nbsp;&nbsp;&nbsp;sensor_sample
<LI><a href="#[19e]">&gt;&gt;</a>&nbsp;&nbsp;&nbsp;listen_router_fail_event
<LI><a href="#[8]">&gt;&gt;</a>&nbsp;&nbsp;&nbsp;process_thread_cycle_work_process
<LI><a href="#[6]">&gt;&gt;</a>&nbsp;&nbsp;&nbsp;process_thread_led_process
<LI><a href="#[5]">&gt;&gt;</a>&nbsp;&nbsp;&nbsp;process_thread_key_process
<LI><a href="#[1d1]">&gt;&gt;</a>&nbsp;&nbsp;&nbsp;waiting_power_rotonic
<LI><a href="#[1cd]">&gt;&gt;</a>&nbsp;&nbsp;&nbsp;rotonic_sample_collect
</UL>

<P><STRONG><a name="[a7]"></a>etimer_reset</STRONG> (Thumb, 36 bytes, Stack size 16 bytes, etimer.o(.text))
<BR><BR>[Stack]<UL><LI>Max Depth = 56<LI>Call Chain = etimer_reset &rArr; add_timer &rArr; update_time &rArr; clock_time
</UL>
<BR>[Calls]<UL><LI><a href="#[a8]">&gt;&gt;</a>&nbsp;&nbsp;&nbsp;timer_reset
<LI><a href="#[a5]">&gt;&gt;</a>&nbsp;&nbsp;&nbsp;__set_PRIMASK
<LI><a href="#[a4]">&gt;&gt;</a>&nbsp;&nbsp;&nbsp;__get_PRIMASK
<LI><a href="#[a2]">&gt;&gt;</a>&nbsp;&nbsp;&nbsp;add_timer
</UL>
<BR>[Called By]<UL><LI><a href="#[c]">&gt;&gt;</a>&nbsp;&nbsp;&nbsp;process_thread_rf_transmit_process
<LI><a href="#[b]">&gt;&gt;</a>&nbsp;&nbsp;&nbsp;process_thread_quick_work_process
<LI><a href="#[9]">&gt;&gt;</a>&nbsp;&nbsp;&nbsp;process_thread_sen_work_process
<LI><a href="#[6]">&gt;&gt;</a>&nbsp;&nbsp;&nbsp;process_thread_led_process
</UL>

<P><STRONG><a name="[a9]"></a>etimer_restart</STRONG> (Thumb, 36 bytes, Stack size 16 bytes, etimer.o(.text), UNUSED)
<BR><BR>[Calls]<UL><LI><a href="#[aa]">&gt;&gt;</a>&nbsp;&nbsp;&nbsp;timer_restart
<LI><a href="#[a5]">&gt;&gt;</a>&nbsp;&nbsp;&nbsp;__set_PRIMASK
<LI><a href="#[a4]">&gt;&gt;</a>&nbsp;&nbsp;&nbsp;__get_PRIMASK
<LI><a href="#[a2]">&gt;&gt;</a>&nbsp;&nbsp;&nbsp;add_timer
</UL>

<P><STRONG><a name="[ab]"></a>etimer_adjust</STRONG> (Thumb, 36 bytes, Stack size 16 bytes, etimer.o(.text), UNUSED)
<BR><BR>[Calls]<UL><LI><a href="#[a5]">&gt;&gt;</a>&nbsp;&nbsp;&nbsp;__set_PRIMASK
<LI><a href="#[a4]">&gt;&gt;</a>&nbsp;&nbsp;&nbsp;__get_PRIMASK
<LI><a href="#[9d]">&gt;&gt;</a>&nbsp;&nbsp;&nbsp;update_time
</UL>
<BR>[Called By]<UL><LI><a href="#[1c9]">&gt;&gt;</a>&nbsp;&nbsp;&nbsp;check_next_sample_start_line
</UL>

<P><STRONG><a name="[2a5]"></a>etimer_expired</STRONG> (Thumb, 14 bytes, Stack size 0 bytes, etimer.o(.text), UNUSED)

<P><STRONG><a name="[1b3]"></a>etimer_expiration_time</STRONG> (Thumb, 10 bytes, Stack size 0 bytes, etimer.o(.text))
<BR><BR>[Called By]<UL><LI><a href="#[1c9]">&gt;&gt;</a>&nbsp;&nbsp;&nbsp;check_next_sample_start_line
<LI><a href="#[1c1]">&gt;&gt;</a>&nbsp;&nbsp;&nbsp;detection_time
<LI><a href="#[1b2]">&gt;&gt;</a>&nbsp;&nbsp;&nbsp;get_sample_cycle_next_expired_time
</UL>

<P><STRONG><a name="[2a6]"></a>etimer_start_time</STRONG> (Thumb, 6 bytes, Stack size 0 bytes, etimer.o(.text), UNUSED)

<P><STRONG><a name="[6c]"></a>etimer_pending</STRONG> (Thumb, 14 bytes, Stack size 0 bytes, etimer.o(.text))
<BR><BR>[Called By]<UL><LI><a href="#[6d]">&gt;&gt;</a>&nbsp;&nbsp;&nbsp;etimer_next_expiration_time
<LI><a href="#[1c]">&gt;&gt;</a>&nbsp;&nbsp;&nbsp;RTC0ALRM_IRQHandler
<LI><a href="#[95]">&gt;&gt;</a>&nbsp;&nbsp;&nbsp;check_etimer
</UL>

<P><STRONG><a name="[6d]"></a>etimer_next_expiration_time</STRONG> (Thumb, 18 bytes, Stack size 4 bytes, etimer.o(.text))
<BR><BR>[Stack]<UL><LI>Max Depth = 4<LI>Call Chain = etimer_next_expiration_time
</UL>
<BR>[Calls]<UL><LI><a href="#[6c]">&gt;&gt;</a>&nbsp;&nbsp;&nbsp;etimer_pending
</UL>
<BR>[Called By]<UL><LI><a href="#[1c]">&gt;&gt;</a>&nbsp;&nbsp;&nbsp;RTC0ALRM_IRQHandler
<LI><a href="#[95]">&gt;&gt;</a>&nbsp;&nbsp;&nbsp;check_etimer
</UL>

<P><STRONG><a name="[ac]"></a>etimer_stop</STRONG> (Thumb, 62 bytes, Stack size 16 bytes, etimer.o(.text))
<BR><BR>[Stack]<UL><LI>Max Depth = 40<LI>Call Chain = etimer_stop &rArr; update_time &rArr; clock_time
</UL>
<BR>[Calls]<UL><LI><a href="#[9d]">&gt;&gt;</a>&nbsp;&nbsp;&nbsp;update_time
</UL>
<BR>[Called By]<UL><LI><a href="#[c]">&gt;&gt;</a>&nbsp;&nbsp;&nbsp;process_thread_rf_transmit_process
<LI><a href="#[1ba]">&gt;&gt;</a>&nbsp;&nbsp;&nbsp;stop_quick_work_timeout_timer
<LI><a href="#[9]">&gt;&gt;</a>&nbsp;&nbsp;&nbsp;process_thread_sen_work_process
<LI><a href="#[1a7]">&gt;&gt;</a>&nbsp;&nbsp;&nbsp;stop_sen_work_timer
<LI><a href="#[1ab]">&gt;&gt;</a>&nbsp;&nbsp;&nbsp;stop_rf_transmit_start_line_etimer
<LI><a href="#[1a9]">&gt;&gt;</a>&nbsp;&nbsp;&nbsp;stop_rf_transmit_moment_etimer
<LI><a href="#[1aa]">&gt;&gt;</a>&nbsp;&nbsp;&nbsp;stop_rf_transmit_duration_etimer
<LI><a href="#[1ac]">&gt;&gt;</a>&nbsp;&nbsp;&nbsp;stop_rf_random_transmit_etimer
<LI><a href="#[1a8]">&gt;&gt;</a>&nbsp;&nbsp;&nbsp;stop_quick_work_timer
<LI><a href="#[8]">&gt;&gt;</a>&nbsp;&nbsp;&nbsp;process_thread_cycle_work_process
<LI><a href="#[18a]">&gt;&gt;</a>&nbsp;&nbsp;&nbsp;stop_sample_cycle_timer
<LI><a href="#[192]">&gt;&gt;</a>&nbsp;&nbsp;&nbsp;stop_rf_transmit_timeout_etimer
<LI><a href="#[18f]">&gt;&gt;</a>&nbsp;&nbsp;&nbsp;stop_rf_listen_broadcast_etimer
<LI><a href="#[188]">&gt;&gt;</a>&nbsp;&nbsp;&nbsp;stop_data_download_timeout
<LI><a href="#[183]">&gt;&gt;</a>&nbsp;&nbsp;&nbsp;stop_led_etimer
<LI><a href="#[6]">&gt;&gt;</a>&nbsp;&nbsp;&nbsp;process_thread_led_process
<LI><a href="#[5]">&gt;&gt;</a>&nbsp;&nbsp;&nbsp;process_thread_key_process
<LI><a href="#[e]">&gt;&gt;</a>&nbsp;&nbsp;&nbsp;process_thread_sensor_rotonic_process
</UL>

<P><STRONG><a name="[2a7]"></a>process_alloc_event</STRONG> (Thumb, 16 bytes, Stack size 0 bytes, process.o(.text), UNUSED)

<P><STRONG><a name="[ae]"></a>process_is_running</STRONG> (Thumb, 14 bytes, Stack size 0 bytes, process.o(.text))
<BR><BR>[Called By]<UL><LI><a href="#[ad]">&gt;&gt;</a>&nbsp;&nbsp;&nbsp;exit_process
<LI><a href="#[1cb]">&gt;&gt;</a>&nbsp;&nbsp;&nbsp;sensor_process_init
</UL>

<P><STRONG><a name="[71]"></a>process_post_synch</STRONG> (Thumb, 32 bytes, Stack size 24 bytes, process.o(.text))
<BR><BR>[Stack]<UL><LI>Max Depth = 72<LI>Call Chain = process_post_synch &rArr; call_process &rArr; exit_process &rArr;  call_process (Cycle)
</UL>
<BR>[Calls]<UL><LI><a href="#[af]">&gt;&gt;</a>&nbsp;&nbsp;&nbsp;call_process
</UL>
<BR>[Called By]<UL><LI><a href="#[42]">&gt;&gt;</a>&nbsp;&nbsp;&nbsp;PMATCH_IRQHandler
<LI><a href="#[61]">&gt;&gt;</a>&nbsp;&nbsp;&nbsp;process_start
</UL>

<P><STRONG><a name="[61]"></a>process_start</STRONG> (Thumb, 60 bytes, Stack size 16 bytes, process.o(.text))
<BR><BR>[Stack]<UL><LI>Max Depth = 88<LI>Call Chain = process_start &rArr; process_post_synch &rArr; call_process &rArr; exit_process &rArr;  call_process (Cycle)
</UL>
<BR>[Calls]<UL><LI><a href="#[71]">&gt;&gt;</a>&nbsp;&nbsp;&nbsp;process_post_synch
</UL>
<BR>[Called By]<UL><LI><a href="#[62]">&gt;&gt;</a>&nbsp;&nbsp;&nbsp;autostart_start
<LI><a href="#[56]">&gt;&gt;</a>&nbsp;&nbsp;&nbsp;main
<LI><a href="#[1cb]">&gt;&gt;</a>&nbsp;&nbsp;&nbsp;sensor_process_init
<LI><a href="#[8]">&gt;&gt;</a>&nbsp;&nbsp;&nbsp;process_thread_cycle_work_process
</UL>

<P><STRONG><a name="[9c]"></a>process_exit</STRONG> (Thumb, 16 bytes, Stack size 8 bytes, process.o(.text), UNUSED)
<BR><BR>[Calls]<UL><LI><a href="#[ad]">&gt;&gt;</a>&nbsp;&nbsp;&nbsp;exit_process
</UL>
<BR>[Called By]<UL><LI><a href="#[9b]">&gt;&gt;</a>&nbsp;&nbsp;&nbsp;autostart_exit
<LI><a href="#[1cc]">&gt;&gt;</a>&nbsp;&nbsp;&nbsp;sensor_process_exit
</UL>

<P><STRONG><a name="[60]"></a>process_init</STRONG> (Thumb, 26 bytes, Stack size 0 bytes, process.o(.text))
<BR><BR>[Called By]<UL><LI><a href="#[56]">&gt;&gt;</a>&nbsp;&nbsp;&nbsp;main
</UL>

<P><STRONG><a name="[67]"></a>process_run</STRONG> (Thumb, 28 bytes, Stack size 8 bytes, process.o(.text))
<BR><BR>[Stack]<UL><LI>Max Depth = 72<LI>Call Chain = process_run &rArr; do_event &rArr; do_poll &rArr; call_process &rArr; exit_process &rArr;  call_process (Cycle)
</UL>
<BR>[Calls]<UL><LI><a href="#[b1]">&gt;&gt;</a>&nbsp;&nbsp;&nbsp;do_event
<LI><a href="#[b0]">&gt;&gt;</a>&nbsp;&nbsp;&nbsp;do_poll
</UL>
<BR>[Called By]<UL><LI><a href="#[56]">&gt;&gt;</a>&nbsp;&nbsp;&nbsp;main
</UL>

<P><STRONG><a name="[90]"></a>process_nevents</STRONG> (Thumb, 12 bytes, Stack size 0 bytes, process.o(.text))
<BR><BR>[Called By]<UL><LI><a href="#[69]">&gt;&gt;</a>&nbsp;&nbsp;&nbsp;sensor_iv_low_power_manager
<LI><a href="#[8e]">&gt;&gt;</a>&nbsp;&nbsp;&nbsp;mcu_enter_sleep_common
</UL>

<P><STRONG><a name="[2a8]"></a>process_nevent</STRONG> (Thumb, 6 bytes, Stack size 0 bytes, process.o(.text), UNUSED)

<P><STRONG><a name="[63]"></a>process_post</STRONG> (Thumb, 100 bytes, Stack size 12 bytes, process.o(.text))
<BR><BR>[Stack]<UL><LI>Max Depth = 12<LI>Call Chain = process_post
</UL>
<BR>[Called By]<UL><LI><a href="#[24f]">&gt;&gt;</a>&nbsp;&nbsp;&nbsp;at_fsrc_op_handler
<LI><a href="#[24c]">&gt;&gt;</a>&nbsp;&nbsp;&nbsp;at_sms_set_handler
<LI><a href="#[73]">&gt;&gt;</a>&nbsp;&nbsp;&nbsp;rotonic_rec_data
<LI><a href="#[56]">&gt;&gt;</a>&nbsp;&nbsp;&nbsp;main
<LI><a href="#[ee]">&gt;&gt;</a>&nbsp;&nbsp;&nbsp;disassemble_rx_frame
<LI><a href="#[4]">&gt;&gt;</a>&nbsp;&nbsp;&nbsp;process_thread_etimer_process
<LI><a href="#[d]">&gt;&gt;</a>&nbsp;&nbsp;&nbsp;process_thread_sensor_manager_process
<LI><a href="#[c]">&gt;&gt;</a>&nbsp;&nbsp;&nbsp;process_thread_rf_transmit_process
<LI><a href="#[1b6]">&gt;&gt;</a>&nbsp;&nbsp;&nbsp;post_data_download_ev
<LI><a href="#[1b5]">&gt;&gt;</a>&nbsp;&nbsp;&nbsp;post_sen_work_ev
<LI><a href="#[9]">&gt;&gt;</a>&nbsp;&nbsp;&nbsp;process_thread_sen_work_process
<LI><a href="#[1a5]">&gt;&gt;</a>&nbsp;&nbsp;&nbsp;post_sensor_manager_ev
<LI><a href="#[1b1]">&gt;&gt;</a>&nbsp;&nbsp;&nbsp;post_quick_work_ev
<LI><a href="#[8]">&gt;&gt;</a>&nbsp;&nbsp;&nbsp;process_thread_cycle_work_process
<LI><a href="#[190]">&gt;&gt;</a>&nbsp;&nbsp;&nbsp;post_rf_transmit_ev
<LI><a href="#[18b]">&gt;&gt;</a>&nbsp;&nbsp;&nbsp;post_cycle_work_ev
<LI><a href="#[191]">&gt;&gt;</a>&nbsp;&nbsp;&nbsp;analyst_transmit_sensor_history_payload
<LI><a href="#[184]">&gt;&gt;</a>&nbsp;&nbsp;&nbsp;analyst_config_payload_stage_payload
<LI><a href="#[5]">&gt;&gt;</a>&nbsp;&nbsp;&nbsp;process_thread_key_process
</UL>

<P><STRONG><a name="[a0]"></a>process_poll</STRONG> (Thumb, 24 bytes, Stack size 0 bytes, process.o(.text))
<BR><BR>[Called By]<UL><LI><a href="#[6f]">&gt;&gt;</a>&nbsp;&nbsp;&nbsp;etimer_request_poll
</UL>

<P><STRONG><a name="[a6]"></a>timer_set</STRONG> (Thumb, 18 bytes, Stack size 16 bytes, timer.o(.text))
<BR><BR>[Stack]<UL><LI>Max Depth = 24<LI>Call Chain = timer_set &rArr; clock_time
</UL>
<BR>[Calls]<UL><LI><a href="#[9e]">&gt;&gt;</a>&nbsp;&nbsp;&nbsp;clock_time
</UL>
<BR>[Called By]<UL><LI><a href="#[a3]">&gt;&gt;</a>&nbsp;&nbsp;&nbsp;etimer_set
</UL>

<P><STRONG><a name="[a8]"></a>timer_reset</STRONG> (Thumb, 10 bytes, Stack size 0 bytes, timer.o(.text))
<BR><BR>[Called By]<UL><LI><a href="#[a7]">&gt;&gt;</a>&nbsp;&nbsp;&nbsp;etimer_reset
</UL>

<P><STRONG><a name="[aa]"></a>timer_restart</STRONG> (Thumb, 12 bytes, Stack size 8 bytes, timer.o(.text), UNUSED)
<BR><BR>[Calls]<UL><LI><a href="#[9e]">&gt;&gt;</a>&nbsp;&nbsp;&nbsp;clock_time
</UL>
<BR>[Called By]<UL><LI><a href="#[a9]">&gt;&gt;</a>&nbsp;&nbsp;&nbsp;etimer_restart
</UL>

<P><STRONG><a name="[a1]"></a>timer_expired</STRONG> (Thumb, 28 bytes, Stack size 16 bytes, timer.o(.text))
<BR><BR>[Stack]<UL><LI>Max Depth = 24<LI>Call Chain = timer_expired &rArr; clock_time
</UL>
<BR>[Calls]<UL><LI><a href="#[9e]">&gt;&gt;</a>&nbsp;&nbsp;&nbsp;clock_time
</UL>
<BR>[Called By]<UL><LI><a href="#[4]">&gt;&gt;</a>&nbsp;&nbsp;&nbsp;process_thread_etimer_process
</UL>

<P><STRONG><a name="[b2]"></a>timer_remaining</STRONG> (Thumb, 18 bytes, Stack size 8 bytes, timer.o(.text), UNUSED)
<BR><BR>[Calls]<UL><LI><a href="#[9e]">&gt;&gt;</a>&nbsp;&nbsp;&nbsp;clock_time
</UL>

<P><STRONG><a name="[b3]"></a>clock_init</STRONG> (Thumb, 8 bytes, Stack size 8 bytes, clock.o(.text), UNUSED)
<BR><BR>[Calls]<UL><LI><a href="#[b4]">&gt;&gt;</a>&nbsp;&nbsp;&nbsp;si32_clock_init
</UL>

<P><STRONG><a name="[9e]"></a>clock_time</STRONG> (Thumb, 8 bytes, Stack size 8 bytes, clock.o(.text))
<BR><BR>[Stack]<UL><LI>Max Depth = 8<LI>Call Chain = clock_time
</UL>
<BR>[Calls]<UL><LI><a href="#[6b]">&gt;&gt;</a>&nbsp;&nbsp;&nbsp;get_rtc_counter_value
</UL>
<BR>[Called By]<UL><LI><a href="#[b2]">&gt;&gt;</a>&nbsp;&nbsp;&nbsp;timer_remaining
<LI><a href="#[a6]">&gt;&gt;</a>&nbsp;&nbsp;&nbsp;timer_set
<LI><a href="#[aa]">&gt;&gt;</a>&nbsp;&nbsp;&nbsp;timer_restart
<LI><a href="#[a1]">&gt;&gt;</a>&nbsp;&nbsp;&nbsp;timer_expired
<LI><a href="#[9d]">&gt;&gt;</a>&nbsp;&nbsp;&nbsp;update_time
<LI><a href="#[1c1]">&gt;&gt;</a>&nbsp;&nbsp;&nbsp;detection_time
</UL>

<P><STRONG><a name="[b5]"></a>delay_Xus</STRONG> (Thumb, 12 bytes, Stack size 8 bytes, delay.o(.text))
<BR><BR>[Stack]<UL><LI>Max Depth = 8<LI>Call Chain = delay_Xus
</UL>
<BR>[Calls]<UL><LI><a href="#[b6]">&gt;&gt;</a>&nbsp;&nbsp;&nbsp;delay_us
</UL>
<BR>[Called By]<UL><LI><a href="#[7b]">&gt;&gt;</a>&nbsp;&nbsp;&nbsp;storage_init
<LI><a href="#[134]">&gt;&gt;</a>&nbsp;&nbsp;&nbsp;flash_tat_write_data
<LI><a href="#[12d]">&gt;&gt;</a>&nbsp;&nbsp;&nbsp;ext_flash_reset
<LI><a href="#[103]">&gt;&gt;</a>&nbsp;&nbsp;&nbsp;SX1276_Reset
<LI><a href="#[b7]">&gt;&gt;</a>&nbsp;&nbsp;&nbsp;delayXms
<LI><a href="#[194]">&gt;&gt;</a>&nbsp;&nbsp;&nbsp;led_red_shining
<LI><a href="#[185]">&gt;&gt;</a>&nbsp;&nbsp;&nbsp;led_blue_shing
<LI><a href="#[17f]">&gt;&gt;</a>&nbsp;&nbsp;&nbsp;led_start
<LI><a href="#[16e]">&gt;&gt;</a>&nbsp;&nbsp;&nbsp;uart_send_bytes
<LI><a href="#[1eb]">&gt;&gt;</a>&nbsp;&nbsp;&nbsp;internal_adc_sample
<LI><a href="#[1ea]">&gt;&gt;</a>&nbsp;&nbsp;&nbsp;led_green_shining
</UL>

<P><STRONG><a name="[b7]"></a>delayXms</STRONG> (Thumb, 24 bytes, Stack size 16 bytes, delay.o(.text))
<BR><BR>[Stack]<UL><LI>Max Depth = 24<LI>Call Chain = delayXms &rArr; delay_Xus
</UL>
<BR>[Calls]<UL><LI><a href="#[b5]">&gt;&gt;</a>&nbsp;&nbsp;&nbsp;delay_Xus
</UL>
<BR>[Called By]<UL><LI><a href="#[8]">&gt;&gt;</a>&nbsp;&nbsp;&nbsp;process_thread_cycle_work_process
</UL>

<P><STRONG><a name="[b8]"></a>random</STRONG> (Thumb, 40 bytes, Stack size 16 bytes, delay.o(.text), UNUSED)
<BR><BR>[Calls]<UL><LI><a href="#[b9]">&gt;&gt;</a>&nbsp;&nbsp;&nbsp;rand
</UL>

<P><STRONG><a name="[ba]"></a>print_buff</STRONG> (Thumb, 42 bytes, Stack size 16 bytes, debug_util.o(.text), UNUSED)
<BR><BR>[Calls]<UL><LI><a href="#[6e]">&gt;&gt;</a>&nbsp;&nbsp;&nbsp;__2printf
</UL>

<P><STRONG><a name="[bb]"></a>printf_time</STRONG> (Thumb, 132 bytes, Stack size 96 bytes, debug_util.o(.text), UNUSED)
<BR><BR>[Calls]<UL><LI><a href="#[6e]">&gt;&gt;</a>&nbsp;&nbsp;&nbsp;__2printf
<LI><a href="#[bd]">&gt;&gt;</a>&nbsp;&nbsp;&nbsp;__aeabi_uldivmod
<LI><a href="#[be]">&gt;&gt;</a>&nbsp;&nbsp;&nbsp;gmtime_new
<LI><a href="#[bc]">&gt;&gt;</a>&nbsp;&nbsp;&nbsp;get_real_time
</UL>

<P><STRONG><a name="[bf]"></a>get_rand_time</STRONG> (Thumb, 38 bytes, Stack size 24 bytes, debug_util.o(.text), UNUSED)
<BR><BR>[Calls]<UL><LI><a href="#[c1]">&gt;&gt;</a>&nbsp;&nbsp;&nbsp;srand
<LI><a href="#[b9]">&gt;&gt;</a>&nbsp;&nbsp;&nbsp;rand
<LI><a href="#[c0]">&gt;&gt;</a>&nbsp;&nbsp;&nbsp;get_current_time
</UL>
<BR>[Called By]<UL><LI><a href="#[1c9]">&gt;&gt;</a>&nbsp;&nbsp;&nbsp;check_next_sample_start_line
</UL>

<P><STRONG><a name="[c2]"></a>get_rand_time32</STRONG> (Thumb, 36 bytes, Stack size 24 bytes, debug_util.o(.text))
<BR><BR>[Stack]<UL><LI>Max Depth = 40<LI>Call Chain = get_rand_time32 &rArr; get_current_time
</UL>
<BR>[Calls]<UL><LI><a href="#[c1]">&gt;&gt;</a>&nbsp;&nbsp;&nbsp;srand
<LI><a href="#[b9]">&gt;&gt;</a>&nbsp;&nbsp;&nbsp;rand
<LI><a href="#[c0]">&gt;&gt;</a>&nbsp;&nbsp;&nbsp;get_current_time
</UL>
<BR>[Called By]<UL><LI><a href="#[19d]">&gt;&gt;</a>&nbsp;&nbsp;&nbsp;get_next_transmit_value
</UL>

<P><STRONG><a name="[c3]"></a>copy_boot_to_sram</STRONG> (Thumb, 22 bytes, Stack size 16 bytes, sensor_iv_boot.o(.text))
<BR><BR>[Stack]<UL><LI>Max Depth = 16<LI>Call Chain = copy_boot_to_sram
</UL>
<BR>[Calls]<UL><LI><a href="#[c4]">&gt;&gt;</a>&nbsp;&nbsp;&nbsp;__aeabi_memcpy
</UL>
<BR>[Called By]<UL><LI><a href="#[15c]">&gt;&gt;</a>&nbsp;&nbsp;&nbsp;broadcast_reboot
</UL>

<P><STRONG><a name="[15d]"></a>DEVICE_RedirectInterrupts</STRONG> (Thumb, 6 bytes, Stack size 0 bytes, sensor_iv_boot.o(.text))
<BR><BR>[Called By]<UL><LI><a href="#[15c]">&gt;&gt;</a>&nbsp;&nbsp;&nbsp;broadcast_reboot
</UL>

<P><STRONG><a name="[2a9]"></a>__I$use$semihosting</STRONG> (Thumb, 0 bytes, Stack size 0 bytes, use_no_semi.o(.text), UNUSED)

<P><STRONG><a name="[2aa]"></a>__use_no_semihosting_swi</STRONG> (Thumb, 2 bytes, Stack size 0 bytes, use_no_semi.o(.text), UNUSED)

<P><STRONG><a name="[2ab]"></a>crc_ccitt_update</STRONG> (Thumb, 28 bytes, Stack size 0 bytes, crc.o(.text), UNUSED)

<P><STRONG><a name="[ed]"></a>crc_compute</STRONG> (Thumb, 176 bytes, Stack size 28 bytes, crc.o(.text))
<BR><BR>[Stack]<UL><LI>Max Depth = 28<LI>Call Chain = crc_compute
</UL>
<BR>[Called By]<UL><LI><a href="#[ee]">&gt;&gt;</a>&nbsp;&nbsp;&nbsp;disassemble_rx_frame
<LI><a href="#[ec]">&gt;&gt;</a>&nbsp;&nbsp;&nbsp;send_sensor_payload
<LI><a href="#[15b]">&gt;&gt;</a>&nbsp;&nbsp;&nbsp;broadcast_calc_sum_crc
<LI><a href="#[158]">&gt;&gt;</a>&nbsp;&nbsp;&nbsp;flush_broadcast_program_data
<LI><a href="#[156]">&gt;&gt;</a>&nbsp;&nbsp;&nbsp;storage_write_broadcast_program
</UL>

<P><STRONG><a name="[c6]"></a>crc16_add</STRONG> (Thumb, 46 bytes, Stack size 16 bytes, crc.o(.text), UNUSED)
<BR><BR>[Called By]<UL><LI><a href="#[c5]">&gt;&gt;</a>&nbsp;&nbsp;&nbsp;crc16_ibm_generate
</UL>

<P><STRONG><a name="[c5]"></a>crc16_ibm_generate</STRONG> (Thumb, 84 bytes, Stack size 36 bytes, crc.o(.text), UNUSED)
<BR><BR>[Calls]<UL><LI><a href="#[c6]">&gt;&gt;</a>&nbsp;&nbsp;&nbsp;crc16_add
</UL>
<BR>[Called By]<UL><LI><a href="#[c7]">&gt;&gt;</a>&nbsp;&nbsp;&nbsp;modbus_check_generate
</UL>

<P><STRONG><a name="[c9]"></a>check_bcc</STRONG> (Thumb, 26 bytes, Stack size 8 bytes, crc.o(.text), UNUSED)
<BR><BR>[Called By]<UL><LI><a href="#[c7]">&gt;&gt;</a>&nbsp;&nbsp;&nbsp;modbus_check_generate
</UL>

<P><STRONG><a name="[c8]"></a>lrc_generate</STRONG> (Thumb, 38 bytes, Stack size 12 bytes, crc.o(.text), UNUSED)
<BR><BR>[Called By]<UL><LI><a href="#[c7]">&gt;&gt;</a>&nbsp;&nbsp;&nbsp;modbus_check_generate
</UL>

<P><STRONG><a name="[ca]"></a>modbus_checksum</STRONG> (Thumb, 28 bytes, Stack size 8 bytes, crc.o(.text), UNUSED)
<BR><BR>[Called By]<UL><LI><a href="#[c7]">&gt;&gt;</a>&nbsp;&nbsp;&nbsp;modbus_check_generate
</UL>

<P><STRONG><a name="[c7]"></a>modbus_check_generate</STRONG> (Thumb, 88 bytes, Stack size 28 bytes, crc.o(.text), UNUSED)
<BR><BR>[Calls]<UL><LI><a href="#[ca]">&gt;&gt;</a>&nbsp;&nbsp;&nbsp;modbus_checksum
<LI><a href="#[c8]">&gt;&gt;</a>&nbsp;&nbsp;&nbsp;lrc_generate
<LI><a href="#[c9]">&gt;&gt;</a>&nbsp;&nbsp;&nbsp;check_bcc
<LI><a href="#[c5]">&gt;&gt;</a>&nbsp;&nbsp;&nbsp;crc16_ibm_generate
</UL>

<P><STRONG><a name="[cc]"></a>ascii_to_hex_in_order</STRONG> (Thumb, 116 bytes, Stack size 20 bytes, data_conversion.o(.text))
<BR><BR>[Stack]<UL><LI>Max Depth = 20<LI>Call Chain = ascii_to_hex_in_order
</UL>
<BR>[Called By]<UL><LI><a href="#[221]">&gt;&gt;</a>&nbsp;&nbsp;&nbsp;at_pan_set_handler
<LI><a href="#[21f]">&gt;&gt;</a>&nbsp;&nbsp;&nbsp;at_mac_set_handler
<LI><a href="#[cb]">&gt;&gt;</a>&nbsp;&nbsp;&nbsp;ascii_to_hex
</UL>

<P><STRONG><a name="[cb]"></a>ascii_to_hex</STRONG> (Thumb, 154 bytes, Stack size 64 bytes, data_conversion.o(.text), UNUSED)
<BR><BR>[Calls]<UL><LI><a href="#[cc]">&gt;&gt;</a>&nbsp;&nbsp;&nbsp;ascii_to_hex_in_order
</UL>

<P><STRONG><a name="[ce]"></a>hex_to_ascii_in_reverse</STRONG> (Thumb, 62 bytes, Stack size 0 bytes, data_conversion.o(.text))
<BR><BR>[Called By]<UL><LI><a href="#[cd]">&gt;&gt;</a>&nbsp;&nbsp;&nbsp;hex_to_ascii_in_order
</UL>

<P><STRONG><a name="[cd]"></a>hex_to_ascii_in_order</STRONG> (Thumb, 64 bytes, Stack size 24 bytes, data_conversion.o(.text))
<BR><BR>[Stack]<UL><LI>Max Depth = 24<LI>Call Chain = hex_to_ascii_in_order
</UL>
<BR>[Calls]<UL><LI><a href="#[ce]">&gt;&gt;</a>&nbsp;&nbsp;&nbsp;hex_to_ascii_in_reverse
</UL>
<BR>[Called By]<UL><LI><a href="#[220]">&gt;&gt;</a>&nbsp;&nbsp;&nbsp;at_pan_get_handler
<LI><a href="#[21e]">&gt;&gt;</a>&nbsp;&nbsp;&nbsp;at_mac_get_handler
</UL>

<P><STRONG><a name="[d0]"></a>dec_to_ascii_in_reverse</STRONG> (Thumb, 60 bytes, Stack size 8 bytes, data_conversion.o(.text))
<BR><BR>[Stack]<UL><LI>Max Depth = 8<LI>Call Chain = dec_to_ascii_in_reverse
</UL>
<BR>[Called By]<UL><LI><a href="#[cf]">&gt;&gt;</a>&nbsp;&nbsp;&nbsp;dec_to_ascii_in_order
</UL>

<P><STRONG><a name="[cf]"></a>dec_to_ascii_in_order</STRONG> (Thumb, 64 bytes, Stack size 24 bytes, data_conversion.o(.text))
<BR><BR>[Stack]<UL><LI>Max Depth = 32<LI>Call Chain = dec_to_ascii_in_order &rArr; dec_to_ascii_in_reverse
</UL>
<BR>[Calls]<UL><LI><a href="#[d0]">&gt;&gt;</a>&nbsp;&nbsp;&nbsp;dec_to_ascii_in_reverse
</UL>
<BR>[Called By]<UL><LI><a href="#[254]">&gt;&gt;</a>&nbsp;&nbsp;&nbsp;at_sfm_get_handler
<LI><a href="#[252]">&gt;&gt;</a>&nbsp;&nbsp;&nbsp;at_db_get_handler
<LI><a href="#[250]">&gt;&gt;</a>&nbsp;&nbsp;&nbsp;at_da_get_handler
<LI><a href="#[24d]">&gt;&gt;</a>&nbsp;&nbsp;&nbsp;at_fsrc_get_handler
<LI><a href="#[24b]">&gt;&gt;</a>&nbsp;&nbsp;&nbsp;at_sms_get_handler
<LI><a href="#[249]">&gt;&gt;</a>&nbsp;&nbsp;&nbsp;at_hdtc_get_handler
<LI><a href="#[247]">&gt;&gt;</a>&nbsp;&nbsp;&nbsp;at_setp_get_handler
<LI><a href="#[23f]">&gt;&gt;</a>&nbsp;&nbsp;&nbsp;at_frq_get_handler
<LI><a href="#[23d]">&gt;&gt;</a>&nbsp;&nbsp;&nbsp;at_pwr_get_handler
<LI><a href="#[235]">&gt;&gt;</a>&nbsp;&nbsp;&nbsp;at_rnrwt_get_handler
<LI><a href="#[233]">&gt;&gt;</a>&nbsp;&nbsp;&nbsp;at_slbd_get_handler
<LI><a href="#[231]">&gt;&gt;</a>&nbsp;&nbsp;&nbsp;at_hisn_get_handler
<LI><a href="#[22f]">&gt;&gt;</a>&nbsp;&nbsp;&nbsp;at_sptd_get_handler
<LI><a href="#[22d]">&gt;&gt;</a>&nbsp;&nbsp;&nbsp;at_cftoc_get_handler
<LI><a href="#[22b]">&gt;&gt;</a>&nbsp;&nbsp;&nbsp;at_tpto_get_handler
<LI><a href="#[229]">&gt;&gt;</a>&nbsp;&nbsp;&nbsp;at_rtdc_get_handler
<LI><a href="#[227]">&gt;&gt;</a>&nbsp;&nbsp;&nbsp;at_tsdc_get_handler
<LI><a href="#[225]">&gt;&gt;</a>&nbsp;&nbsp;&nbsp;at_ssti_get_handler
<LI><a href="#[222]">&gt;&gt;</a>&nbsp;&nbsp;&nbsp;at_tdti_get_handler
</UL>

<P><STRONG><a name="[224]"></a>ascii_to_dec_in_order</STRONG> (Thumb, 68 bytes, Stack size 20 bytes, data_conversion.o(.text))
<BR><BR>[Stack]<UL><LI>Max Depth = 20<LI>Call Chain = ascii_to_dec_in_order
</UL>
<BR>[Called By]<UL><LI><a href="#[255]">&gt;&gt;</a>&nbsp;&nbsp;&nbsp;at_sfm_set_handler
<LI><a href="#[253]">&gt;&gt;</a>&nbsp;&nbsp;&nbsp;at_db_set_handler
<LI><a href="#[251]">&gt;&gt;</a>&nbsp;&nbsp;&nbsp;at_da_set_handler
<LI><a href="#[24c]">&gt;&gt;</a>&nbsp;&nbsp;&nbsp;at_sms_set_handler
<LI><a href="#[24a]">&gt;&gt;</a>&nbsp;&nbsp;&nbsp;at_hdtc_set_handler
<LI><a href="#[248]">&gt;&gt;</a>&nbsp;&nbsp;&nbsp;at_setp_set_handler
<LI><a href="#[242]">&gt;&gt;</a>&nbsp;&nbsp;&nbsp;at_ssc_set_handler
<LI><a href="#[240]">&gt;&gt;</a>&nbsp;&nbsp;&nbsp;at_frq_set_handler
<LI><a href="#[23e]">&gt;&gt;</a>&nbsp;&nbsp;&nbsp;at_pwr_set_handler
<LI><a href="#[236]">&gt;&gt;</a>&nbsp;&nbsp;&nbsp;at_rnrwt_set_handler
<LI><a href="#[234]">&gt;&gt;</a>&nbsp;&nbsp;&nbsp;at_slbd_set_handler
<LI><a href="#[232]">&gt;&gt;</a>&nbsp;&nbsp;&nbsp;at_hisn_set_handler
<LI><a href="#[230]">&gt;&gt;</a>&nbsp;&nbsp;&nbsp;at_sptd_set_handler
<LI><a href="#[22e]">&gt;&gt;</a>&nbsp;&nbsp;&nbsp;at_cftoc_set_handler
<LI><a href="#[22c]">&gt;&gt;</a>&nbsp;&nbsp;&nbsp;at_tpto_set_handler
<LI><a href="#[22a]">&gt;&gt;</a>&nbsp;&nbsp;&nbsp;at_rtdc_set_handler
<LI><a href="#[228]">&gt;&gt;</a>&nbsp;&nbsp;&nbsp;at_tsdc_set_handler
<LI><a href="#[226]">&gt;&gt;</a>&nbsp;&nbsp;&nbsp;at_ssti_set_handler
<LI><a href="#[223]">&gt;&gt;</a>&nbsp;&nbsp;&nbsp;at_tdti_set_handler
</UL>

<P><STRONG><a name="[245]"></a>get_software_version</STRONG> (Thumb, 20 bytes, Stack size 0 bytes, software_version.o(.text))
<BR><BR>[Called By]<UL><LI><a href="#[244]">&gt;&gt;</a>&nbsp;&nbsp;&nbsp;at_swv_get_handler
</UL>

<P><STRONG><a name="[d1]"></a>software_version_compare</STRONG> (Thumb, 20 bytes, Stack size 16 bytes, software_version.o(.text), UNUSED)
<BR><BR>[Calls]<UL><LI><a href="#[d2]">&gt;&gt;</a>&nbsp;&nbsp;&nbsp;memcmp
</UL>

<P><STRONG><a name="[be]"></a>gmtime_new</STRONG> (Thumb, 308 bytes, Stack size 28 bytes, timestamp.o(.text), UNUSED)
<BR><BR>[Called By]<UL><LI><a href="#[bb]">&gt;&gt;</a>&nbsp;&nbsp;&nbsp;printf_time
</UL>

<P><STRONG><a name="[2ac]"></a>mktime_new</STRONG> (Thumb, 202 bytes, Stack size 20 bytes, timestamp.o(.text), UNUSED)

<P><STRONG><a name="[5f]"></a>sensor_sixteen_buffer_init</STRONG> (Thumb, 18 bytes, Stack size 0 bytes, sensor_sixteen.o(.text))
<BR><BR>[Called By]<UL><LI><a href="#[56]">&gt;&gt;</a>&nbsp;&nbsp;&nbsp;main
</UL>

<P><STRONG><a name="[d3]"></a>sensor_sixteen_buffer_get</STRONG> (Thumb, 106 bytes, Stack size 32 bytes, sensor_sixteen.o(.text))
<BR><BR>[Stack]<UL><LI>Max Depth = 32<LI>Call Chain = sensor_sixteen_buffer_get
</UL>
<BR>[Calls]<UL><LI><a href="#[d5]">&gt;&gt;</a>&nbsp;&nbsp;&nbsp;__set_PRIMASK
<LI><a href="#[d4]">&gt;&gt;</a>&nbsp;&nbsp;&nbsp;__get_PRIMASK
</UL>
<BR>[Called By]<UL><LI><a href="#[e3]">&gt;&gt;</a>&nbsp;&nbsp;&nbsp;assamble_sensor_data_payload
<LI><a href="#[de]">&gt;&gt;</a>&nbsp;&nbsp;&nbsp;assambel_sensor_sen_payload
<LI><a href="#[d7]">&gt;&gt;</a>&nbsp;&nbsp;&nbsp;save_sixteen_data
</UL>

<P><STRONG><a name="[d6]"></a>sensor_sixteen_buffer_elements</STRONG> (Thumb, 32 bytes, Stack size 16 bytes, sensor_sixteen.o(.text))
<BR><BR>[Stack]<UL><LI>Max Depth = 16<LI>Call Chain = sensor_sixteen_buffer_elements
</UL>
<BR>[Calls]<UL><LI><a href="#[d5]">&gt;&gt;</a>&nbsp;&nbsp;&nbsp;__set_PRIMASK
<LI><a href="#[d4]">&gt;&gt;</a>&nbsp;&nbsp;&nbsp;__get_PRIMASK
</UL>
<BR>[Called By]<UL><LI><a href="#[e3]">&gt;&gt;</a>&nbsp;&nbsp;&nbsp;assamble_sensor_data_payload
<LI><a href="#[de]">&gt;&gt;</a>&nbsp;&nbsp;&nbsp;assambel_sensor_sen_payload
<LI><a href="#[d7]">&gt;&gt;</a>&nbsp;&nbsp;&nbsp;save_sixteen_data
<LI><a href="#[196]">&gt;&gt;</a>&nbsp;&nbsp;&nbsp;analyst_transmit_sensor_data_payload
</UL>

<P><STRONG><a name="[d7]"></a>save_sixteen_data</STRONG> (Thumb, 90 bytes, Stack size 56 bytes, sensor_sixteen.o(.text))
<BR><BR>[Stack]<UL><LI>Max Depth = 188<LI>Call Chain = save_sixteen_data &rArr; storage_write_data &rArr; storage_write_new_page &rArr; storage_find_idle_page &rArr; flash_tat_read_data &rArr; flash_tat_check_idle &rArr; flash_tat_get_status &rArr; flash_hal_read_buff
</UL>
<BR>[Calls]<UL><LI><a href="#[d8]">&gt;&gt;</a>&nbsp;&nbsp;&nbsp;storage_write_data
<LI><a href="#[d6]">&gt;&gt;</a>&nbsp;&nbsp;&nbsp;sensor_sixteen_buffer_elements
<LI><a href="#[d3]">&gt;&gt;</a>&nbsp;&nbsp;&nbsp;sensor_sixteen_buffer_get
<LI><a href="#[d5]">&gt;&gt;</a>&nbsp;&nbsp;&nbsp;__set_PRIMASK
<LI><a href="#[d4]">&gt;&gt;</a>&nbsp;&nbsp;&nbsp;__get_PRIMASK
</UL>
<BR>[Called By]<UL><LI><a href="#[d9]">&gt;&gt;</a>&nbsp;&nbsp;&nbsp;sensor_sixteen_buffer_put
<LI><a href="#[1a4]">&gt;&gt;</a>&nbsp;&nbsp;&nbsp;save_sensor_data_from_ram_to_flash
</UL>

<P><STRONG><a name="[d9]"></a>sensor_sixteen_buffer_put</STRONG> (Thumb, 230 bytes, Stack size 40 bytes, sensor_sixteen.o(.text))
<BR><BR>[Stack]<UL><LI>Max Depth = 228<LI>Call Chain = sensor_sixteen_buffer_put &rArr; save_sixteen_data &rArr; storage_write_data &rArr; storage_write_new_page &rArr; storage_find_idle_page &rArr; flash_tat_read_data &rArr; flash_tat_check_idle &rArr; flash_tat_get_status &rArr; flash_hal_read_buff
</UL>
<BR>[Calls]<UL><LI><a href="#[c4]">&gt;&gt;</a>&nbsp;&nbsp;&nbsp;__aeabi_memcpy
<LI><a href="#[d7]">&gt;&gt;</a>&nbsp;&nbsp;&nbsp;save_sixteen_data
<LI><a href="#[d5]">&gt;&gt;</a>&nbsp;&nbsp;&nbsp;__set_PRIMASK
<LI><a href="#[d4]">&gt;&gt;</a>&nbsp;&nbsp;&nbsp;__get_PRIMASK
</UL>
<BR>[Called By]<UL><LI><a href="#[e]">&gt;&gt;</a>&nbsp;&nbsp;&nbsp;process_thread_sensor_rotonic_process
</UL>

<P><STRONG><a name="[2ad]"></a>sensor_sixteen_buffer_size</STRONG> (Thumb, 4 bytes, Stack size 0 bytes, sensor_sixteen.o(.text), UNUSED)

<P><STRONG><a name="[da]"></a>save_sensor_data</STRONG> (Thumb, 40 bytes, Stack size 8 bytes, sensor_payload.o(.text))
<BR><BR>[Stack]<UL><LI>Max Depth = 140<LI>Call Chain = save_sensor_data &rArr; storage_write_data &rArr; storage_write_new_page &rArr; storage_find_idle_page &rArr; flash_tat_read_data &rArr; flash_tat_check_idle &rArr; flash_tat_get_status &rArr; flash_hal_read_buff
</UL>
<BR>[Calls]<UL><LI><a href="#[d8]">&gt;&gt;</a>&nbsp;&nbsp;&nbsp;storage_write_data
</UL>
<BR>[Called By]<UL><LI><a href="#[1bd]">&gt;&gt;</a>&nbsp;&nbsp;&nbsp;transmit_sensor_data_timeout_event
<LI><a href="#[196]">&gt;&gt;</a>&nbsp;&nbsp;&nbsp;analyst_transmit_sensor_data_payload
</UL>

<P><STRONG><a name="[db]"></a>clear_rf_send_payload</STRONG> (Thumb, 52 bytes, Stack size 8 bytes, sensor_payload.o(.text))
<BR><BR>[Stack]<UL><LI>Max Depth = 8<LI>Call Chain = clear_rf_send_payload
</UL>
<BR>[Calls]<UL><LI><a href="#[dc]">&gt;&gt;</a>&nbsp;&nbsp;&nbsp;__aeabi_memclr
</UL>
<BR>[Called By]<UL><LI><a href="#[e2]">&gt;&gt;</a>&nbsp;&nbsp;&nbsp;assamble_quick_work_data_payload
<LI><a href="#[e0]">&gt;&gt;</a>&nbsp;&nbsp;&nbsp;assamble_data_download_payload
<LI><a href="#[df]">&gt;&gt;</a>&nbsp;&nbsp;&nbsp;assambel_data_request_payload
<LI><a href="#[de]">&gt;&gt;</a>&nbsp;&nbsp;&nbsp;assambel_sensor_sen_payload
<LI><a href="#[dd]">&gt;&gt;</a>&nbsp;&nbsp;&nbsp;assamble_sensor_router_payload
</UL>

<P><STRONG><a name="[dd]"></a>assamble_sensor_router_payload</STRONG> (Thumb, 110 bytes, Stack size 8 bytes, sensor_payload.o(.text), UNUSED)
<BR><BR>[Calls]<UL><LI><a href="#[db]">&gt;&gt;</a>&nbsp;&nbsp;&nbsp;clear_rf_send_payload
</UL>

<P><STRONG><a name="[e9]"></a>assamble_sensor_config_payload</STRONG> (Thumb, 72 bytes, Stack size 0 bytes, sensor_payload.o(.text))
<BR><BR>[Called By]<UL><LI><a href="#[eb]">&gt;&gt;</a>&nbsp;&nbsp;&nbsp;send_set_flash_ack
<LI><a href="#[e8]">&gt;&gt;</a>&nbsp;&nbsp;&nbsp;send_calibration_ack
<LI><a href="#[184]">&gt;&gt;</a>&nbsp;&nbsp;&nbsp;analyst_config_payload_stage_payload
</UL>

<P><STRONG><a name="[de]"></a>assambel_sensor_sen_payload</STRONG> (Thumb, 192 bytes, Stack size 48 bytes, sensor_payload.o(.text))
<BR><BR>[Stack]<UL><LI>Max Depth = 80<LI>Call Chain = assambel_sensor_sen_payload &rArr; sensor_sixteen_buffer_get
</UL>
<BR>[Calls]<UL><LI><a href="#[c4]">&gt;&gt;</a>&nbsp;&nbsp;&nbsp;__aeabi_memcpy
<LI><a href="#[db]">&gt;&gt;</a>&nbsp;&nbsp;&nbsp;clear_rf_send_payload
<LI><a href="#[d6]">&gt;&gt;</a>&nbsp;&nbsp;&nbsp;sensor_sixteen_buffer_elements
<LI><a href="#[d3]">&gt;&gt;</a>&nbsp;&nbsp;&nbsp;sensor_sixteen_buffer_get
</UL>
<BR>[Called By]<UL><LI><a href="#[9]">&gt;&gt;</a>&nbsp;&nbsp;&nbsp;process_thread_sen_work_process
</UL>

<P><STRONG><a name="[df]"></a>assambel_data_request_payload</STRONG> (Thumb, 122 bytes, Stack size 8 bytes, sensor_payload.o(.text))
<BR><BR>[Stack]<UL><LI>Max Depth = 16<LI>Call Chain = assambel_data_request_payload &rArr; clear_rf_send_payload
</UL>
<BR>[Calls]<UL><LI><a href="#[db]">&gt;&gt;</a>&nbsp;&nbsp;&nbsp;clear_rf_send_payload
</UL>
<BR>[Called By]<UL><LI><a href="#[184]">&gt;&gt;</a>&nbsp;&nbsp;&nbsp;analyst_config_payload_stage_payload
</UL>

<P><STRONG><a name="[e0]"></a>assamble_data_download_payload</STRONG> (Thumb, 164 bytes, Stack size 8 bytes, sensor_payload.o(.text))
<BR><BR>[Stack]<UL><LI>Max Depth = 108<LI>Call Chain = assamble_data_download_payload &rArr; read_download_flash_data &rArr; flash_tat_read_data &rArr; flash_tat_check_idle &rArr; flash_tat_get_status &rArr; flash_hal_read_buff
</UL>
<BR>[Calls]<UL><LI><a href="#[e1]">&gt;&gt;</a>&nbsp;&nbsp;&nbsp;read_download_flash_data
<LI><a href="#[db]">&gt;&gt;</a>&nbsp;&nbsp;&nbsp;clear_rf_send_payload
</UL>
<BR>[Called By]<UL><LI><a href="#[a]">&gt;&gt;</a>&nbsp;&nbsp;&nbsp;process_thread_data_download_process
</UL>

<P><STRONG><a name="[e2]"></a>assamble_quick_work_data_payload</STRONG> (Thumb, 152 bytes, Stack size 8 bytes, sensor_payload.o(.text), UNUSED)
<BR><BR>[Calls]<UL><LI><a href="#[c4]">&gt;&gt;</a>&nbsp;&nbsp;&nbsp;__aeabi_memcpy
<LI><a href="#[db]">&gt;&gt;</a>&nbsp;&nbsp;&nbsp;clear_rf_send_payload
</UL>

<P><STRONG><a name="[1c5]"></a>assamble_join_net_request_payload</STRONG> (Thumb, 166 bytes, Stack size 0 bytes, sensor_payload.o(.text))
<BR><BR>[Called By]<UL><LI><a href="#[1c4]">&gt;&gt;</a>&nbsp;&nbsp;&nbsp;sensor_process_transmit
</UL>

<P><STRONG><a name="[e3]"></a>assamble_sensor_data_payload</STRONG> (Thumb, 238 bytes, Stack size 56 bytes, sensor_payload.o(.text))
<BR><BR>[Stack]<UL><LI>Max Depth = 88<LI>Call Chain = assamble_sensor_data_payload &rArr; sensor_sixteen_buffer_get
</UL>
<BR>[Calls]<UL><LI><a href="#[c4]">&gt;&gt;</a>&nbsp;&nbsp;&nbsp;__aeabi_memcpy
<LI><a href="#[d6]">&gt;&gt;</a>&nbsp;&nbsp;&nbsp;sensor_sixteen_buffer_elements
<LI><a href="#[d3]">&gt;&gt;</a>&nbsp;&nbsp;&nbsp;sensor_sixteen_buffer_get
</UL>
<BR>[Called By]<UL><LI><a href="#[1c4]">&gt;&gt;</a>&nbsp;&nbsp;&nbsp;sensor_process_transmit
</UL>

<P><STRONG><a name="[e4]"></a>assamble_relay_data_payload</STRONG> (Thumb, 212 bytes, Stack size 24 bytes, sensor_payload.o(.text))
<BR><BR>[Stack]<UL><LI>Max Depth = 56<LI>Call Chain = assamble_relay_data_payload &rArr; get_upload_time &rArr; get_real_time &rArr; get_current_time
</UL>
<BR>[Calls]<UL><LI><a href="#[c4]">&gt;&gt;</a>&nbsp;&nbsp;&nbsp;__aeabi_memcpy
<LI><a href="#[e5]">&gt;&gt;</a>&nbsp;&nbsp;&nbsp;get_upload_time
</UL>
<BR>[Called By]<UL><LI><a href="#[1c4]">&gt;&gt;</a>&nbsp;&nbsp;&nbsp;sensor_process_transmit
</UL>

<P><STRONG><a name="[e6]"></a>assamble_history_data_payload</STRONG> (Thumb, 150 bytes, Stack size 8 bytes, sensor_payload.o(.text))
<BR><BR>[Stack]<UL><LI>Max Depth = 108<LI>Call Chain = assamble_history_data_payload &rArr; storage_read_data &rArr; flash_tat_read_data &rArr; flash_tat_check_idle &rArr; flash_tat_get_status &rArr; flash_hal_read_buff
</UL>
<BR>[Calls]<UL><LI><a href="#[e7]">&gt;&gt;</a>&nbsp;&nbsp;&nbsp;storage_read_data
</UL>
<BR>[Called By]<UL><LI><a href="#[1c4]">&gt;&gt;</a>&nbsp;&nbsp;&nbsp;sensor_process_transmit
</UL>

<P><STRONG><a name="[1b9]"></a>assamble_communication_test_payload</STRONG> (Thumb, 214 bytes, Stack size 0 bytes, sensor_payload.o(.text))
<BR><BR>[Called By]<UL><LI><a href="#[b]">&gt;&gt;</a>&nbsp;&nbsp;&nbsp;process_thread_quick_work_process
</UL>

<P><STRONG><a name="[e8]"></a>send_calibration_ack</STRONG> (Thumb, 66 bytes, Stack size 8 bytes, sensor_payload.o(.text), UNUSED)
<BR><BR>[Calls]<UL><LI><a href="#[ea]">&gt;&gt;</a>&nbsp;&nbsp;&nbsp;transmit
<LI><a href="#[e9]">&gt;&gt;</a>&nbsp;&nbsp;&nbsp;assamble_sensor_config_payload
</UL>

<P><STRONG><a name="[eb]"></a>send_set_flash_ack</STRONG> (Thumb, 76 bytes, Stack size 8 bytes, sensor_payload.o(.text))
<BR><BR>[Stack]<UL><LI>Max Depth = 52<LI>Call Chain = send_set_flash_ack &rArr; transmit &rArr; send_sensor_payload &rArr; crc_compute
</UL>
<BR>[Calls]<UL><LI><a href="#[dc]">&gt;&gt;</a>&nbsp;&nbsp;&nbsp;__aeabi_memclr
<LI><a href="#[ea]">&gt;&gt;</a>&nbsp;&nbsp;&nbsp;transmit
<LI><a href="#[e9]">&gt;&gt;</a>&nbsp;&nbsp;&nbsp;assamble_sensor_config_payload
</UL>
<BR>[Called By]<UL><LI><a href="#[8]">&gt;&gt;</a>&nbsp;&nbsp;&nbsp;process_thread_cycle_work_process
</UL>

<P><STRONG><a name="[ec]"></a>send_sensor_payload</STRONG> (Thumb, 262 bytes, Stack size 8 bytes, sensor_payload.o(.text))
<BR><BR>[Stack]<UL><LI>Max Depth = 36<LI>Call Chain = send_sensor_payload &rArr; crc_compute
</UL>
<BR>[Calls]<UL><LI><a href="#[c4]">&gt;&gt;</a>&nbsp;&nbsp;&nbsp;__aeabi_memcpy
<LI><a href="#[ed]">&gt;&gt;</a>&nbsp;&nbsp;&nbsp;crc_compute
</UL>
<BR>[Called By]<UL><LI><a href="#[ea]">&gt;&gt;</a>&nbsp;&nbsp;&nbsp;transmit
</UL>

<P><STRONG><a name="[ee]"></a>disassemble_rx_frame</STRONG> (Thumb, 266 bytes, Stack size 16 bytes, sensor_payload.o(.text))
<BR><BR>[Stack]<UL><LI>Max Depth = 44<LI>Call Chain = disassemble_rx_frame &rArr; crc_compute
</UL>
<BR>[Calls]<UL><LI><a href="#[c4]">&gt;&gt;</a>&nbsp;&nbsp;&nbsp;__aeabi_memcpy
<LI><a href="#[63]">&gt;&gt;</a>&nbsp;&nbsp;&nbsp;process_post
<LI><a href="#[ed]">&gt;&gt;</a>&nbsp;&nbsp;&nbsp;crc_compute
</UL>
<BR>[Called By]<UL><LI><a href="#[87]">&gt;&gt;</a>&nbsp;&nbsp;&nbsp;receive_payload
</UL>

<P><STRONG><a name="[87]"></a>receive_payload</STRONG> (Thumb, 28 bytes, Stack size 8 bytes, sensor_payload.o(.text))
<BR><BR>[Stack]<UL><LI>Max Depth = 52<LI>Call Chain = receive_payload &rArr; disassemble_rx_frame &rArr; crc_compute
</UL>
<BR>[Calls]<UL><LI><a href="#[ee]">&gt;&gt;</a>&nbsp;&nbsp;&nbsp;disassemble_rx_frame
</UL>
<BR>[Called By]<UL><LI><a href="#[72]">&gt;&gt;</a>&nbsp;&nbsp;&nbsp;DIO0_handler
</UL>

<P><STRONG><a name="[ef]"></a>copy_sysparam_to_flash</STRONG> (Thumb, 18 bytes, Stack size 8 bytes, sensor_parameter.o(.text))
<BR><BR>[Stack]<UL><LI>Max Depth = 64<LI>Call Chain = copy_sysparam_to_flash &rArr; write_data_to_flash &rArr; write_to_flash_from_buff
</UL>
<BR>[Calls]<UL><LI><a href="#[f0]">&gt;&gt;</a>&nbsp;&nbsp;&nbsp;write_data_to_flash
</UL>
<BR>[Called By]<UL><LI><a href="#[5d]">&gt;&gt;</a>&nbsp;&nbsp;&nbsp;sensor_parameter_init
<LI><a href="#[f6]">&gt;&gt;</a>&nbsp;&nbsp;&nbsp;update_sysparam
<LI><a href="#[15c]">&gt;&gt;</a>&nbsp;&nbsp;&nbsp;broadcast_reboot
</UL>

<P><STRONG><a name="[f1]"></a>copy_sysparam_to_buff</STRONG> (Thumb, 18 bytes, Stack size 8 bytes, sensor_parameter.o(.text))
[...]
<LI><a href="#[9c]">&gt;&gt;</a>&nbsp;&nbsp;&nbsp;process_exit
</UL>

<P><STRONG><a name="[af]"></a>call_process</STRONG> (Thumb, 74 bytes, Stack size 24 bytes, process.o(.text))
<BR><BR>[Stack]<UL><LI>Max Depth = 48<LI>Call Chain = call_process &rArr; exit_process &rArr;  call_process (Cycle)
</UL>
<BR>[Calls]<UL><LI><a href="#[ad]">&gt;&gt;</a>&nbsp;&nbsp;&nbsp;exit_process
</UL>
<BR>[Called By]<UL><LI><a href="#[71]">&gt;&gt;</a>&nbsp;&nbsp;&nbsp;process_post_synch
<LI><a href="#[b1]">&gt;&gt;</a>&nbsp;&nbsp;&nbsp;do_event
<LI><a href="#[b0]">&gt;&gt;</a>&nbsp;&nbsp;&nbsp;do_poll
<LI><a href="#[ad]">&gt;&gt;</a>&nbsp;&nbsp;&nbsp;exit_process
</UL>

<P><STRONG><a name="[b0]"></a>do_poll</STRONG> (Thumb, 44 bytes, Stack size 8 bytes, process.o(.text))
<BR><BR>[Stack]<UL><LI>Max Depth = 56<LI>Call Chain = do_poll &rArr; call_process &rArr; exit_process &rArr;  call_process (Cycle)
</UL>
<BR>[Calls]<UL><LI><a href="#[af]">&gt;&gt;</a>&nbsp;&nbsp;&nbsp;call_process
</UL>
<BR>[Called By]<UL><LI><a href="#[67]">&gt;&gt;</a>&nbsp;&nbsp;&nbsp;process_run
<LI><a href="#[b1]">&gt;&gt;</a>&nbsp;&nbsp;&nbsp;do_event
</UL>

<P><STRONG><a name="[b1]"></a>do_event</STRONG> (Thumb, 196 bytes, Stack size 8 bytes, process.o(.text))
<BR><BR>[Stack]<UL><LI>Max Depth = 64<LI>Call Chain = do_event &rArr; do_poll &rArr; call_process &rArr; exit_process &rArr;  call_process (Cycle)
</UL>
<BR>[Calls]<UL><LI><a href="#[b0]">&gt;&gt;</a>&nbsp;&nbsp;&nbsp;do_poll
<LI><a href="#[af]">&gt;&gt;</a>&nbsp;&nbsp;&nbsp;call_process
</UL>
<BR>[Called By]<UL><LI><a href="#[67]">&gt;&gt;</a>&nbsp;&nbsp;&nbsp;process_run
</UL>

<P><STRONG><a name="[d4]"></a>__get_PRIMASK</STRONG> (Thumb, 6 bytes, Stack size 0 bytes, sensor_sixteen.o(.text))
<BR><BR>[Called By]<UL><LI><a href="#[d9]">&gt;&gt;</a>&nbsp;&nbsp;&nbsp;sensor_sixteen_buffer_put
<LI><a href="#[d7]">&gt;&gt;</a>&nbsp;&nbsp;&nbsp;save_sixteen_data
<LI><a href="#[d6]">&gt;&gt;</a>&nbsp;&nbsp;&nbsp;sensor_sixteen_buffer_elements
<LI><a href="#[d3]">&gt;&gt;</a>&nbsp;&nbsp;&nbsp;sensor_sixteen_buffer_get
</UL>

<P><STRONG><a name="[d5]"></a>__set_PRIMASK</STRONG> (Thumb, 6 bytes, Stack size 0 bytes, sensor_sixteen.o(.text))
<BR><BR>[Called By]<UL><LI><a href="#[d9]">&gt;&gt;</a>&nbsp;&nbsp;&nbsp;sensor_sixteen_buffer_put
<LI><a href="#[d7]">&gt;&gt;</a>&nbsp;&nbsp;&nbsp;save_sixteen_data
<LI><a href="#[d6]">&gt;&gt;</a>&nbsp;&nbsp;&nbsp;sensor_sixteen_buffer_elements
<LI><a href="#[d3]">&gt;&gt;</a>&nbsp;&nbsp;&nbsp;sensor_sixteen_buffer_get
</UL>

<P><STRONG><a name="[146]"></a>flash_tat_get_status</STRONG> (Thumb, 18 bytes, Stack size 8 bytes, ext_flash_tat.o(.text))
<BR><BR>[Stack]<UL><LI>Max Depth = 28<LI>Call Chain = flash_tat_get_status &rArr; flash_hal_read_buff
</UL>
<BR>[Calls]<UL><LI><a href="#[147]">&gt;&gt;</a>&nbsp;&nbsp;&nbsp;flash_hal_read_buff
</UL>
<BR>[Called By]<UL><LI><a href="#[14e]">&gt;&gt;</a>&nbsp;&nbsp;&nbsp;flash_tat_set_page_size
<LI><a href="#[14d]">&gt;&gt;</a>&nbsp;&nbsp;&nbsp;re_flash_status
<LI><a href="#[14a]">&gt;&gt;</a>&nbsp;&nbsp;&nbsp;flash_tat_check_idle
</UL>

<P><STRONG><a name="[14c]"></a>flash_tat_get_id</STRONG> (Thumb, 44 bytes, Stack size 8 bytes, ext_flash_tat.o(.text))
<BR><BR>[Stack]<UL><LI>Max Depth = 52<LI>Call Chain = flash_tat_get_id &rArr; flash_tat_check_idle &rArr; flash_tat_get_status &rArr; flash_hal_read_buff
</UL>
<BR>[Calls]<UL><LI><a href="#[147]">&gt;&gt;</a>&nbsp;&nbsp;&nbsp;flash_hal_read_buff
<LI><a href="#[14b]">&gt;&gt;</a>&nbsp;&nbsp;&nbsp;flash_tat_leave_sleep
<LI><a href="#[14a]">&gt;&gt;</a>&nbsp;&nbsp;&nbsp;flash_tat_check_idle
<LI><a href="#[148]">&gt;&gt;</a>&nbsp;&nbsp;&nbsp;flash_tat_enter_sleep
</UL>
<BR>[Called By]<UL><LI><a href="#[144]">&gt;&gt;</a>&nbsp;&nbsp;&nbsp;flash_tat_init
<LI><a href="#[143]">&gt;&gt;</a>&nbsp;&nbsp;&nbsp;flash_init
</UL>

<P><STRONG><a name="[14e]"></a>flash_tat_set_page_size</STRONG> (Thumb, 96 bytes, Stack size 16 bytes, ext_flash_tat.o(.text))
<BR><BR>[Stack]<UL><LI>Max Depth = 60<LI>Call Chain = flash_tat_set_page_size &rArr; flash_tat_check_idle &rArr; flash_tat_get_status &rArr; flash_hal_read_buff
</UL>
<BR>[Calls]<UL><LI><a href="#[146]">&gt;&gt;</a>&nbsp;&nbsp;&nbsp;flash_tat_get_status
<LI><a href="#[14f]">&gt;&gt;</a>&nbsp;&nbsp;&nbsp;flash_hal_write_buff
<LI><a href="#[14b]">&gt;&gt;</a>&nbsp;&nbsp;&nbsp;flash_tat_leave_sleep
<LI><a href="#[14a]">&gt;&gt;</a>&nbsp;&nbsp;&nbsp;flash_tat_check_idle
<LI><a href="#[148]">&gt;&gt;</a>&nbsp;&nbsp;&nbsp;flash_tat_enter_sleep
</UL>
<BR>[Called By]<UL><LI><a href="#[143]">&gt;&gt;</a>&nbsp;&nbsp;&nbsp;flash_init
</UL>

<P><STRONG><a name="[5]"></a>process_thread_key_process</STRONG> (Thumb, 286 bytes, Stack size 24 bytes, key_process.o(.text))
<BR><BR>[Stack]<UL><LI>Max Depth = 80<LI>Call Chain = process_thread_key_process &rArr; etimer_set &rArr; add_timer &rArr; update_time &rArr; clock_time
</UL>
<BR>[Calls]<UL><LI><a href="#[63]">&gt;&gt;</a>&nbsp;&nbsp;&nbsp;process_post
<LI><a href="#[ac]">&gt;&gt;</a>&nbsp;&nbsp;&nbsp;etimer_stop
<LI><a href="#[a3]">&gt;&gt;</a>&nbsp;&nbsp;&nbsp;etimer_set
<LI><a href="#[17e]">&gt;&gt;</a>&nbsp;&nbsp;&nbsp;pinwake_enable
<LI><a href="#[17c]">&gt;&gt;</a>&nbsp;&nbsp;&nbsp;pinwake_disable
<LI><a href="#[17d]">&gt;&gt;</a>&nbsp;&nbsp;&nbsp;get_button_status
</UL>
<BR>[Address Reference Count : 1]<UL><LI> key_process.o(.data)
</UL>
<P><STRONG><a name="[6]"></a>process_thread_led_process</STRONG> (Thumb, 738 bytes, Stack size 24 bytes, led_process.o(.text))
<BR><BR>[Stack]<UL><LI>Max Depth = 80<LI>Call Chain = process_thread_led_process &rArr; etimer_reset &rArr; add_timer &rArr; update_time &rArr; clock_time
</UL>
<BR>[Calls]<UL><LI><a href="#[13d]">&gt;&gt;</a>&nbsp;&nbsp;&nbsp;led_red_on
<LI><a href="#[13f]">&gt;&gt;</a>&nbsp;&nbsp;&nbsp;led_red_off
<LI><a href="#[142]">&gt;&gt;</a>&nbsp;&nbsp;&nbsp;led_blue_on
<LI><a href="#[145]">&gt;&gt;</a>&nbsp;&nbsp;&nbsp;led_blue_off
<LI><a href="#[ac]">&gt;&gt;</a>&nbsp;&nbsp;&nbsp;etimer_stop
<LI><a href="#[a7]">&gt;&gt;</a>&nbsp;&nbsp;&nbsp;etimer_reset
<LI><a href="#[a3]">&gt;&gt;</a>&nbsp;&nbsp;&nbsp;etimer_set
<LI><a href="#[17f]">&gt;&gt;</a>&nbsp;&nbsp;&nbsp;led_start
<LI><a href="#[180]">&gt;&gt;</a>&nbsp;&nbsp;&nbsp;led_off
<LI><a href="#[181]">&gt;&gt;</a>&nbsp;&nbsp;&nbsp;led_green_on
<LI><a href="#[182]">&gt;&gt;</a>&nbsp;&nbsp;&nbsp;led_green_off
</UL>
<BR>[Address Reference Count : 1]<UL><LI> led_process.o(.data)
</UL>
<P><STRONG><a name="[7]"></a>process_thread_analysis_process</STRONG> (Thumb, 122 bytes, Stack size 24 bytes, analysis_process.o(.text))
<BR><BR>[Stack]<UL><LI>Max Depth = 240 + Unknown Stack Size
<LI>Call Chain = process_thread_analysis_process &rArr; analyst_payload &rArr; analyst_config_payload_stage_payload &rArr; at_disassemble &rArr; at_item_analyzer &rArr; at_analyzer &rArr; at_tsdc &rArr; at_tsdc_set_handler &rArr; update_sysparam &rArr; copy_sysparam_to_flash &rArr; write_data_to_flash &rArr; write_to_flash_from_buff
</UL>
<BR>[Calls]<UL><LI><a href="#[185]">&gt;&gt;</a>&nbsp;&nbsp;&nbsp;led_blue_shing
<LI><a href="#[19a]">&gt;&gt;</a>&nbsp;&nbsp;&nbsp;analyst_payload
</UL>
<BR>[Address Reference Count : 1]<UL><LI> analysis_process.o(.data)
</UL>
<P><STRONG><a name="[8]"></a>process_thread_cycle_work_process</STRONG> (Thumb, 728 bytes, Stack size 48 bytes, cycle_work_process.o(.text))
<BR><BR>[Stack]<UL><LI>Max Depth = 284<LI>Call Chain = process_thread_cycle_work_process &rArr; sensor_sample &rArr; save_sensor_data_from_ram_to_flash &rArr; save_sixteen_data &rArr; storage_write_data &rArr; storage_write_new_page &rArr; storage_find_idle_page &rArr; flash_tat_read_data &rArr; flash_tat_check_idle &rArr; flash_tat_get_status &rArr; flash_hal_read_buff
</UL>
<BR>[Calls]<UL><LI><a href="#[1a2]">&gt;&gt;</a>&nbsp;&nbsp;&nbsp;__aeabi_dmul
<LI><a href="#[1a1]">&gt;&gt;</a>&nbsp;&nbsp;&nbsp;__aeabi_ul2d
<LI><a href="#[1a3]">&gt;&gt;</a>&nbsp;&nbsp;&nbsp;__aeabi_d2uiz
<LI><a href="#[83]">&gt;&gt;</a>&nbsp;&nbsp;&nbsp;wdtimer_stop
<LI><a href="#[68]">&gt;&gt;</a>&nbsp;&nbsp;&nbsp;wdtimer_reset
<LI><a href="#[61]">&gt;&gt;</a>&nbsp;&nbsp;&nbsp;process_start
<LI><a href="#[63]">&gt;&gt;</a>&nbsp;&nbsp;&nbsp;process_post
<LI><a href="#[138]">&gt;&gt;</a>&nbsp;&nbsp;&nbsp;format_flash
<LI><a href="#[10e]">&gt;&gt;</a>&nbsp;&nbsp;&nbsp;sx127x_modify_spd
<LI><a href="#[fe]">&gt;&gt;</a>&nbsp;&nbsp;&nbsp;sx127x_modify_frq
<LI><a href="#[1ae]">&gt;&gt;</a>&nbsp;&nbsp;&nbsp;clear_father_info
<LI><a href="#[1ad]">&gt;&gt;</a>&nbsp;&nbsp;&nbsp;clear_join_net_ack_info
<LI><a href="#[f7]">&gt;&gt;</a>&nbsp;&nbsp;&nbsp;modify_spd_parameter
<LI><a href="#[eb]">&gt;&gt;</a>&nbsp;&nbsp;&nbsp;send_set_flash_ack
<LI><a href="#[b7]">&gt;&gt;</a>&nbsp;&nbsp;&nbsp;delayXms
<LI><a href="#[ac]">&gt;&gt;</a>&nbsp;&nbsp;&nbsp;etimer_stop
<LI><a href="#[a3]">&gt;&gt;</a>&nbsp;&nbsp;&nbsp;etimer_set
<LI><a href="#[1af]">&gt;&gt;</a>&nbsp;&nbsp;&nbsp;slep_low_power_parameter
<LI><a href="#[1b0]">&gt;&gt;</a>&nbsp;&nbsp;&nbsp;init_low_power_parameter
<LI><a href="#[1a7]">&gt;&gt;</a>&nbsp;&nbsp;&nbsp;stop_sen_work_timer
<LI><a href="#[1ab]">&gt;&gt;</a>&nbsp;&nbsp;&nbsp;stop_rf_transmit_start_line_etimer
<LI><a href="#[1a9]">&gt;&gt;</a>&nbsp;&nbsp;&nbsp;stop_rf_transmit_moment_etimer
<LI><a href="#[1aa]">&gt;&gt;</a>&nbsp;&nbsp;&nbsp;stop_rf_transmit_duration_etimer
<LI><a href="#[1ac]">&gt;&gt;</a>&nbsp;&nbsp;&nbsp;stop_rf_random_transmit_etimer
<LI><a href="#[1a8]">&gt;&gt;</a>&nbsp;&nbsp;&nbsp;stop_quick_work_timer
<LI><a href="#[1a6]">&gt;&gt;</a>&nbsp;&nbsp;&nbsp;set_software_reset_source
<LI><a href="#[1b1]">&gt;&gt;</a>&nbsp;&nbsp;&nbsp;post_quick_work_ev
<LI><a href="#[1a0]">&gt;&gt;</a>&nbsp;&nbsp;&nbsp;sensor_sample
<LI><a href="#[19f]">&gt;&gt;</a>&nbsp;&nbsp;&nbsp;finish_listen_router_event
<LI><a href="#[19e]">&gt;&gt;</a>&nbsp;&nbsp;&nbsp;listen_router_fail_event
<LI><a href="#[18a]">&gt;&gt;</a>&nbsp;&nbsp;&nbsp;stop_sample_cycle_timer
<LI><a href="#[192]">&gt;&gt;</a>&nbsp;&nbsp;&nbsp;stop_rf_transmit_timeout_etimer
<LI><a href="#[18f]">&gt;&gt;</a>&nbsp;&nbsp;&nbsp;stop_rf_listen_broadcast_etimer
<LI><a href="#[190]">&gt;&gt;</a>&nbsp;&nbsp;&nbsp;post_rf_transmit_ev
<LI><a href="#[18b]">&gt;&gt;</a>&nbsp;&nbsp;&nbsp;post_cycle_work_ev
<LI><a href="#[183]">&gt;&gt;</a>&nbsp;&nbsp;&nbsp;stop_led_etimer
</UL>
<BR>[Address Reference Count : 1]<UL><LI> cycle_work_process.o(.data)
</UL>
<P><STRONG><a name="[9]"></a>process_thread_sen_work_process</STRONG> (Thumb, 212 bytes, Stack size 40 bytes, sen_work_process.o(.text))
<BR><BR>[Stack]<UL><LI>Max Depth = 120<LI>Call Chain = process_thread_sen_work_process &rArr; assambel_sensor_sen_payload &rArr; sensor_sixteen_buffer_get
</UL>
<BR>[Calls]<UL><LI><a href="#[1a2]">&gt;&gt;</a>&nbsp;&nbsp;&nbsp;__aeabi_dmul
<LI><a href="#[1b4]">&gt;&gt;</a>&nbsp;&nbsp;&nbsp;__aeabi_i2d
<LI><a href="#[1a3]">&gt;&gt;</a>&nbsp;&nbsp;&nbsp;__aeabi_d2uiz
<LI><a href="#[63]">&gt;&gt;</a>&nbsp;&nbsp;&nbsp;process_post
<LI><a href="#[ea]">&gt;&gt;</a>&nbsp;&nbsp;&nbsp;transmit
<LI><a href="#[de]">&gt;&gt;</a>&nbsp;&nbsp;&nbsp;assambel_sensor_sen_payload
<LI><a href="#[ac]">&gt;&gt;</a>&nbsp;&nbsp;&nbsp;etimer_stop
<LI><a href="#[a7]">&gt;&gt;</a>&nbsp;&nbsp;&nbsp;etimer_reset
<LI><a href="#[a3]">&gt;&gt;</a>&nbsp;&nbsp;&nbsp;etimer_set
<LI><a href="#[1a7]">&gt;&gt;</a>&nbsp;&nbsp;&nbsp;stop_sen_work_timer
</UL>
<BR>[Address Reference Count : 1]<UL><LI> sen_work_process.o(.data)
</UL>
<P><STRONG><a name="[a]"></a>process_thread_data_download_process</STRONG> (Thumb, 190 bytes, Stack size 24 bytes, data_download_process.o(.text))
<BR><BR>[Stack]<UL><LI>Max Depth = 132<LI>Call Chain = process_thread_data_download_process &rArr; assamble_data_download_payload &rArr; read_download_flash_data &rArr; flash_tat_read_data &rArr; flash_tat_check_idle &rArr; flash_tat_get_status &rArr; flash_hal_read_buff
</UL>
<BR>[Calls]<UL><LI><a href="#[65]">&gt;&gt;</a>&nbsp;&nbsp;&nbsp;wdtimer_start
<LI><a href="#[140]">&gt;&gt;</a>&nbsp;&nbsp;&nbsp;storage_empty
<LI><a href="#[141]">&gt;&gt;</a>&nbsp;&nbsp;&nbsp;cache_init
<LI><a href="#[ea]">&gt;&gt;</a>&nbsp;&nbsp;&nbsp;transmit
<LI><a href="#[e0]">&gt;&gt;</a>&nbsp;&nbsp;&nbsp;assamble_data_download_payload
<LI><a href="#[a3]">&gt;&gt;</a>&nbsp;&nbsp;&nbsp;etimer_set
<LI><a href="#[1b7]">&gt;&gt;</a>&nbsp;&nbsp;&nbsp;led_on
<LI><a href="#[1b6]">&gt;&gt;</a>&nbsp;&nbsp;&nbsp;post_data_download_ev
<LI><a href="#[150]">&gt;&gt;</a>&nbsp;&nbsp;&nbsp;flash_tat_erase_chip_nonblock
<LI><a href="#[14a]">&gt;&gt;</a>&nbsp;&nbsp;&nbsp;flash_tat_check_idle
<LI><a href="#[148]">&gt;&gt;</a>&nbsp;&nbsp;&nbsp;flash_tat_enter_sleep
</UL>
<BR>[Address Reference Count : 1]<UL><LI> data_download_process.o(.data)
</UL>
<P><STRONG><a name="[b]"></a>process_thread_quick_work_process</STRONG> (Thumb, 186 bytes, Stack size 40 bytes, quick_work_process.o(.text))
<BR><BR>[Stack]<UL><LI>Max Depth = 96<LI>Call Chain = process_thread_quick_work_process &rArr; etimer_reset &rArr; add_timer &rArr; update_time &rArr; clock_time
</UL>
<BR>[Calls]<UL><LI><a href="#[1a2]">&gt;&gt;</a>&nbsp;&nbsp;&nbsp;__aeabi_dmul
<LI><a href="#[173]">&gt;&gt;</a>&nbsp;&nbsp;&nbsp;__aeabi_ui2d
<LI><a href="#[1a3]">&gt;&gt;</a>&nbsp;&nbsp;&nbsp;__aeabi_d2uiz
<LI><a href="#[ea]">&gt;&gt;</a>&nbsp;&nbsp;&nbsp;transmit
<LI><a href="#[1b9]">&gt;&gt;</a>&nbsp;&nbsp;&nbsp;assamble_communication_test_payload
<LI><a href="#[a7]">&gt;&gt;</a>&nbsp;&nbsp;&nbsp;etimer_reset
<LI><a href="#[a3]">&gt;&gt;</a>&nbsp;&nbsp;&nbsp;etimer_set
<LI><a href="#[1b8]">&gt;&gt;</a>&nbsp;&nbsp;&nbsp;init_infos
<LI><a href="#[1a8]">&gt;&gt;</a>&nbsp;&nbsp;&nbsp;stop_quick_work_timer
<LI><a href="#[194]">&gt;&gt;</a>&nbsp;&nbsp;&nbsp;led_red_shining
</UL>
<BR>[Address Reference Count : 1]<UL><LI> quick_work_process.o(.data)
</UL>
<P><STRONG><a name="[c]"></a>process_thread_rf_transmit_process</STRONG> (Thumb, 572 bytes, Stack size 48 bytes, rf_transmit_process.o(.text))
<BR><BR>[Stack]<UL><LI>Max Depth = 276<LI>Call Chain = process_thread_rf_transmit_process &rArr; sensor_process_transmit &rArr; save_sensor_data_from_ram_to_flash &rArr; save_sixteen_data &rArr; storage_write_data &rArr; storage_write_new_page &rArr; storage_find_idle_page &rArr; flash_tat_read_data &rArr; flash_tat_check_idle &rArr; flash_tat_get_status &rArr; flash_hal_read_buff
</UL>
<BR>[Calls]<UL><LI><a href="#[1a2]">&gt;&gt;</a>&nbsp;&nbsp;&nbsp;__aeabi_dmul
<LI><a href="#[1a1]">&gt;&gt;</a>&nbsp;&nbsp;&nbsp;__aeabi_ul2d
<LI><a href="#[1a3]">&gt;&gt;</a>&nbsp;&nbsp;&nbsp;__aeabi_d2uiz
<LI><a href="#[63]">&gt;&gt;</a>&nbsp;&nbsp;&nbsp;process_post
<LI><a href="#[ac]">&gt;&gt;</a>&nbsp;&nbsp;&nbsp;etimer_stop
<LI><a href="#[a7]">&gt;&gt;</a>&nbsp;&nbsp;&nbsp;etimer_reset
<LI><a href="#[a3]">&gt;&gt;</a>&nbsp;&nbsp;&nbsp;etimer_set
<LI><a href="#[1c8]">&gt;&gt;</a>&nbsp;&nbsp;&nbsp;init_transmit_moment_event
<LI><a href="#[1c6]">&gt;&gt;</a>&nbsp;&nbsp;&nbsp;generate_random_transmit_event
<LI><a href="#[1c4]">&gt;&gt;</a>&nbsp;&nbsp;&nbsp;sensor_process_transmit
<LI><a href="#[1c1]">&gt;&gt;</a>&nbsp;&nbsp;&nbsp;detection_time
<LI><a href="#[1c0]">&gt;&gt;</a>&nbsp;&nbsp;&nbsp;sensor_process_transmit_timeout
<LI><a href="#[190]">&gt;&gt;</a>&nbsp;&nbsp;&nbsp;post_rf_transmit_ev
<LI><a href="#[19d]">&gt;&gt;</a>&nbsp;&nbsp;&nbsp;get_next_transmit_value
</UL>
<BR>[Address Reference Count : 1]<UL><LI> rf_transmit_process.o(.data)
</UL>
<P><STRONG><a name="[d]"></a>process_thread_sensor_manager_process</STRONG> (Thumb, 196 bytes, Stack size 24 bytes, sensor_manager_process.o(.text))
<BR><BR>[Stack]<UL><LI>Max Depth = 120<LI>Call Chain = process_thread_sensor_manager_process &rArr; sensor_process_init &rArr; process_start &rArr; process_post_synch &rArr; call_process &rArr; exit_process &rArr;  call_process (Cycle)
</UL>
<BR>[Calls]<UL><LI><a href="#[63]">&gt;&gt;</a>&nbsp;&nbsp;&nbsp;process_post
<LI><a href="#[1cb]">&gt;&gt;</a>&nbsp;&nbsp;&nbsp;sensor_process_init
<LI><a href="#[1b5]">&gt;&gt;</a>&nbsp;&nbsp;&nbsp;post_sen_work_ev
<LI><a href="#[18b]">&gt;&gt;</a>&nbsp;&nbsp;&nbsp;post_cycle_work_ev
</UL>
<BR>[Address Reference Count : 1]<UL><LI> sensor_manager_process.o(.data)
</UL>
<P><STRONG><a name="[e]"></a>process_thread_sensor_rotonic_process</STRONG> (Thumb, 296 bytes, Stack size 32 bytes, sensor_rotonic_process.o(.text))
<BR><BR>[Stack]<UL><LI>Max Depth = 260<LI>Call Chain = process_thread_sensor_rotonic_process &rArr; sensor_sixteen_buffer_put &rArr; save_sixteen_data &rArr; storage_write_data &rArr; storage_write_new_page &rArr; storage_find_idle_page &rArr; flash_tat_read_data &rArr; flash_tat_check_idle &rArr; flash_tat_get_status &rArr; flash_hal_read_buff
</UL>
<BR>[Calls]<UL><LI><a href="#[78]">&gt;&gt;</a>&nbsp;&nbsp;&nbsp;DCDC_SET
<LI><a href="#[d9]">&gt;&gt;</a>&nbsp;&nbsp;&nbsp;sensor_sixteen_buffer_put
<LI><a href="#[ac]">&gt;&gt;</a>&nbsp;&nbsp;&nbsp;etimer_stop
<LI><a href="#[178]">&gt;&gt;</a>&nbsp;&nbsp;&nbsp;data_check
<LI><a href="#[171]">&gt;&gt;</a>&nbsp;&nbsp;&nbsp;rotonic_parse_recv_data
<LI><a href="#[169]">&gt;&gt;</a>&nbsp;&nbsp;&nbsp;rotonic_param_init
<LI><a href="#[165]">&gt;&gt;</a>&nbsp;&nbsp;&nbsp;rotonic_port_init
<LI><a href="#[15f]">&gt;&gt;</a>&nbsp;&nbsp;&nbsp;battery_sample_data
<LI><a href="#[1d1]">&gt;&gt;</a>&nbsp;&nbsp;&nbsp;waiting_power_rotonic
<LI><a href="#[1d2]">&gt;&gt;</a>&nbsp;&nbsp;&nbsp;rotonic_composite_format_data
<LI><a href="#[1cf]">&gt;&gt;</a>&nbsp;&nbsp;&nbsp;rotonic_sample_event
<LI><a href="#[1cd]">&gt;&gt;</a>&nbsp;&nbsp;&nbsp;rotonic_sample_collect
</UL>
<BR>[Address Reference Count : 1]<UL><LI> sensor_rotonic_process.o(.data)
</UL>
<P><STRONG><a name="[1d4]"></a>NVIC_DisableIRQ</STRONG> (Thumb, 18 bytes, Stack size 0 bytes, rtc_config.o(.text))
<BR><BR>[Called By]<UL><LI><a href="#[1d3]">&gt;&gt;</a>&nbsp;&nbsp;&nbsp;rtc_set_from_reset
</UL>

<P><STRONG><a name="[1d5]"></a>NVIC_ClearPendingIRQ</STRONG> (Thumb, 18 bytes, Stack size 0 bytes, rtc_config.o(.text))
<BR><BR>[Called By]<UL><LI><a href="#[7e]">&gt;&gt;</a>&nbsp;&nbsp;&nbsp;rtc_init
<LI><a href="#[1d3]">&gt;&gt;</a>&nbsp;&nbsp;&nbsp;rtc_set_from_reset
</UL>

<P><STRONG><a name="[1ee]"></a>__set_PRIMASK</STRONG> (Thumb, 6 bytes, Stack size 0 bytes, flash_config.o(.text))
<BR><BR>[Called By]<UL><LI><a href="#[1ef]">&gt;&gt;</a>&nbsp;&nbsp;&nbsp;erase_flash
<LI><a href="#[1ed]">&gt;&gt;</a>&nbsp;&nbsp;&nbsp;write_to_flash_from_buff
</UL>

<P><STRONG><a name="[1f1]"></a>NVIC_ClearPendingIRQ</STRONG> (Thumb, 18 bytes, Stack size 0 bytes, uart.o(.text))
<BR><BR>[Called By]<UL><LI><a href="#[1f3]">&gt;&gt;</a>&nbsp;&nbsp;&nbsp;uart_interrupt_enable
<LI><a href="#[1f0]">&gt;&gt;</a>&nbsp;&nbsp;&nbsp;uart_interrupt_disable
</UL>

<P><STRONG><a name="[1fa]"></a>ITM_SendChar</STRONG> (Thumb, 52 bytes, Stack size 0 bytes, retarget_arm.o(.text))
<BR><BR>[Called By]<UL><LI><a href="#[1fb]">&gt;&gt;</a>&nbsp;&nbsp;&nbsp;_ttywrch
<LI><a href="#[47]">&gt;&gt;</a>&nbsp;&nbsp;&nbsp;fputc
</UL>

<P><STRONG><a name="[272]"></a>_dadd1</STRONG> (Thumb, 0 bytes, Stack size unknown bytes, daddsub_clz.o(x$fpl$dadd), UNUSED)
<BR><BR>[Called By]<UL><LI><a href="#[271]">&gt;&gt;</a>&nbsp;&nbsp;&nbsp;_dsub
</UL>

<P><STRONG><a name="[269]"></a>_dsub1</STRONG> (Thumb, 0 bytes, Stack size unknown bytes, daddsub_clz.o(x$fpl$dsub), UNUSED)
<BR><BR>[Called By]<UL><LI><a href="#[268]">&gt;&gt;</a>&nbsp;&nbsp;&nbsp;_dadd
</UL>

<P><STRONG><a name="[279]"></a>_fadd1</STRONG> (Thumb, 0 bytes, Stack size unknown bytes, faddsub_clz.o(x$fpl$fadd), UNUSED)
<BR><BR>[Called By]<UL><LI><a href="#[278]">&gt;&gt;</a>&nbsp;&nbsp;&nbsp;_fsub
</UL>

<P><STRONG><a name="[276]"></a>_fsub1</STRONG> (Thumb, 0 bytes, Stack size unknown bytes, faddsub_clz.o(x$fpl$fsub), UNUSED)
<BR><BR>[Called By]<UL><LI><a href="#[275]">&gt;&gt;</a>&nbsp;&nbsp;&nbsp;_fadd
</UL>

<P><STRONG><a name="[48]"></a>_printf_input_char</STRONG> (Thumb, 10 bytes, Stack size 0 bytes, _printf_char_common.o(.text))
<BR>[Address Reference Count : 1]<UL><LI> _printf_char_common.o(.text)
</UL><P>
<H3>
Undefined Global Symbols
</H3><HR></body></html>
